Archive member included to satisfy reference by file (symbol)

/home/alxhoff/Programs/SystemWorkbenchSTM/plugins/fr.ac6.mcu.externaltools.arm-none.linux64_1.13.1.201707031232/tools/compiler/bin/../lib/gcc/arm-none-eabi/5.4.1/../../../../arm-none-eabi/lib/armv7e-m/fpu/libc_nano.a(lib_a-exit.o)
                              /home/alxhoff/Programs/SystemWorkbenchSTM/plugins/fr.ac6.mcu.externaltools.arm-none.linux64_1.13.1.201707031232/tools/compiler/bin/../lib/gcc/arm-none-eabi/5.4.1/../../../../arm-none-eabi/lib/armv7e-m/fpu/crt0.o (exit)
/home/alxhoff/Programs/SystemWorkbenchSTM/plugins/fr.ac6.mcu.externaltools.arm-none.linux64_1.13.1.201707031232/tools/compiler/bin/../lib/gcc/arm-none-eabi/5.4.1/../../../../arm-none-eabi/lib/armv7e-m/fpu/libc_nano.a(lib_a-impure.o)
                              /home/alxhoff/Programs/SystemWorkbenchSTM/plugins/fr.ac6.mcu.externaltools.arm-none.linux64_1.13.1.201707031232/tools/compiler/bin/../lib/gcc/arm-none-eabi/5.4.1/../../../../arm-none-eabi/lib/armv7e-m/fpu/libc_nano.a(lib_a-exit.o) (_global_impure_ptr)
/home/alxhoff/Programs/SystemWorkbenchSTM/plugins/fr.ac6.mcu.externaltools.arm-none.linux64_1.13.1.201707031232/tools/compiler/bin/../lib/gcc/arm-none-eabi/5.4.1/../../../../arm-none-eabi/lib/armv7e-m/fpu/libc_nano.a(lib_a-init.o)
                              /home/alxhoff/Programs/SystemWorkbenchSTM/plugins/fr.ac6.mcu.externaltools.arm-none.linux64_1.13.1.201707031232/tools/compiler/bin/../lib/gcc/arm-none-eabi/5.4.1/../../../../arm-none-eabi/lib/armv7e-m/fpu/crt0.o (__libc_init_array)
/home/alxhoff/Programs/SystemWorkbenchSTM/plugins/fr.ac6.mcu.externaltools.arm-none.linux64_1.13.1.201707031232/tools/compiler/bin/../lib/gcc/arm-none-eabi/5.4.1/../../../../arm-none-eabi/lib/armv7e-m/fpu/libc_nano.a(lib_a-malloc.o)
                              Middlewares/ST/STM32_USB_Device_Library/Class/HID/Src/usbd_hid.o (malloc)
/home/alxhoff/Programs/SystemWorkbenchSTM/plugins/fr.ac6.mcu.externaltools.arm-none.linux64_1.13.1.201707031232/tools/compiler/bin/../lib/gcc/arm-none-eabi/5.4.1/../../../../arm-none-eabi/lib/armv7e-m/fpu/libc_nano.a(lib_a-memcpy-stub.o)
                              Middlewares/Third_Party/FreeRTOS/Source/queue.o (memcpy)
/home/alxhoff/Programs/SystemWorkbenchSTM/plugins/fr.ac6.mcu.externaltools.arm-none.linux64_1.13.1.201707031232/tools/compiler/bin/../lib/gcc/arm-none-eabi/5.4.1/../../../../arm-none-eabi/lib/armv7e-m/fpu/libc_nano.a(lib_a-memset.o)
                              /home/alxhoff/Programs/SystemWorkbenchSTM/plugins/fr.ac6.mcu.externaltools.arm-none.linux64_1.13.1.201707031232/tools/compiler/bin/../lib/gcc/arm-none-eabi/5.4.1/../../../../arm-none-eabi/lib/armv7e-m/fpu/crt0.o (memset)
/home/alxhoff/Programs/SystemWorkbenchSTM/plugins/fr.ac6.mcu.externaltools.arm-none.linux64_1.13.1.201707031232/tools/compiler/bin/../lib/gcc/arm-none-eabi/5.4.1/../../../../arm-none-eabi/lib/armv7e-m/fpu/libc_nano.a(lib_a-nano-freer.o)
                              /home/alxhoff/Programs/SystemWorkbenchSTM/plugins/fr.ac6.mcu.externaltools.arm-none.linux64_1.13.1.201707031232/tools/compiler/bin/../lib/gcc/arm-none-eabi/5.4.1/../../../../arm-none-eabi/lib/armv7e-m/fpu/libc_nano.a(lib_a-malloc.o) (_free_r)
/home/alxhoff/Programs/SystemWorkbenchSTM/plugins/fr.ac6.mcu.externaltools.arm-none.linux64_1.13.1.201707031232/tools/compiler/bin/../lib/gcc/arm-none-eabi/5.4.1/../../../../arm-none-eabi/lib/armv7e-m/fpu/libc_nano.a(lib_a-nano-mallocr.o)
                              /home/alxhoff/Programs/SystemWorkbenchSTM/plugins/fr.ac6.mcu.externaltools.arm-none.linux64_1.13.1.201707031232/tools/compiler/bin/../lib/gcc/arm-none-eabi/5.4.1/../../../../arm-none-eabi/lib/armv7e-m/fpu/libc_nano.a(lib_a-malloc.o) (_malloc_r)
/home/alxhoff/Programs/SystemWorkbenchSTM/plugins/fr.ac6.mcu.externaltools.arm-none.linux64_1.13.1.201707031232/tools/compiler/bin/../lib/gcc/arm-none-eabi/5.4.1/../../../../arm-none-eabi/lib/armv7e-m/fpu/libc_nano.a(lib_a-rand.o)
                              Src/visEffect.o (rand)
/home/alxhoff/Programs/SystemWorkbenchSTM/plugins/fr.ac6.mcu.externaltools.arm-none.linux64_1.13.1.201707031232/tools/compiler/bin/../lib/gcc/arm-none-eabi/5.4.1/../../../../arm-none-eabi/lib/armv7e-m/fpu/libc_nano.a(lib_a-sbrkr.o)
                              /home/alxhoff/Programs/SystemWorkbenchSTM/plugins/fr.ac6.mcu.externaltools.arm-none.linux64_1.13.1.201707031232/tools/compiler/bin/../lib/gcc/arm-none-eabi/5.4.1/../../../../arm-none-eabi/lib/armv7e-m/fpu/libc_nano.a(lib_a-nano-mallocr.o) (_sbrk_r)
/home/alxhoff/Programs/SystemWorkbenchSTM/plugins/fr.ac6.mcu.externaltools.arm-none.linux64_1.13.1.201707031232/tools/compiler/bin/../lib/gcc/arm-none-eabi/5.4.1/../../../../arm-none-eabi/lib/armv7e-m/fpu/libc_nano.a(lib_a-mlock.o)
[...]
Memory Configuration

Name             Origin             Length             Attributes
RAM              0x20000000         0x00030000         xrw
CCMRAM           0x10000000         0x00010000         rw
FLASH            0x08000000         0x00200000         xr
*default*        0x00000000         0xffffffff

Linker script and memory map

LOAD /home/alxhoff/Programs/SystemWorkbenchSTM/plugins/fr.ac6.mcu.externaltools.arm-none.linux64_1.13.1.201707031232/tools/compiler/bin/../lib/gcc/arm-none-eabi/5.4.1/armv7e-m/fpu/crti.o
LOAD /home/alxhoff/Programs/SystemWorkbenchSTM/plugins/fr.ac6.mcu.externaltools.arm-none.linux64_1.13.1.201707031232/tools/compiler/bin/../lib/gcc/arm-none-eabi/5.4.1/armv7e-m/fpu/crtbegin.o
LOAD /home/alxhoff/Programs/SystemWorkbenchSTM/plugins/fr.ac6.mcu.externaltools.arm-none.linux64_1.13.1.201707031232/tools/compiler/bin/../lib/gcc/arm-none-eabi/5.4.1/../../../../arm-none-eabi/lib/armv7e-m/fpu/crt0.o
LOAD Drivers/STM32F4xx_HAL_Driver/Src/stm32f4xx_hal.o
LOAD Drivers/STM32F4xx_HAL_Driver/Src/stm32f4xx_hal_cortex.o
LOAD Drivers/STM32F4xx_HAL_Driver/Src/stm32f4xx_hal_dma.o
LOAD Drivers/STM32F4xx_HAL_Driver/Src/stm32f4xx_hal_dma_ex.o
LOAD Drivers/STM32F4xx_HAL_Driver/Src/stm32f4xx_hal_eth.o
LOAD Drivers/STM32F4xx_HAL_Driver/Src/stm32f4xx_hal_flash.o
LOAD Drivers/STM32F4xx_HAL_Driver/Src/stm32f4xx_hal_flash_ex.o
LOAD Drivers/STM32F4xx_HAL_Driver/Src/stm32f4xx_hal_flash_ramfunc.o
LOAD Drivers/STM32F4xx_HAL_Driver/Src/stm32f4xx_hal_gpio.o
LOAD Drivers/STM32F4xx_HAL_Driver/Src/stm32f4xx_hal_i2c.o
LOAD Drivers/STM32F4xx_HAL_Driver/Src/stm32f4xx_hal_i2c_ex.o
LOAD Drivers/STM32F4xx_HAL_Driver/Src/stm32f4xx_hal_pcd.o
LOAD Drivers/STM32F4xx_HAL_Driver/Src/stm32f4xx_hal_pcd_ex.o
LOAD Drivers/STM32F4xx_HAL_Driver/Src/stm32f4xx_hal_pwr.o
LOAD Drivers/STM32F4xx_HAL_Driver/Src/stm32f4xx_hal_pwr_ex.o
LOAD Drivers/STM32F4xx_HAL_Driver/Src/stm32f4xx_hal_rcc.o
LOAD Drivers/STM32F4xx_HAL_Driver/Src/stm32f4xx_hal_rcc_ex.o
LOAD Drivers/STM32F4xx_HAL_Driver/Src/stm32f4xx_hal_tim.o
LOAD Drivers/STM32F4xx_HAL_Driver/Src/stm32f4xx_hal_tim_ex.o
LOAD Drivers/STM32F4xx_HAL_Driver/Src/stm32f4xx_hal_uart.o
LOAD Drivers/STM32F4xx_HAL_Driver/Src/stm32f4xx_ll_usb.o
LOAD Middlewares/ST/STM32_USB_Device_Library/Class/HID/Src/usbd_hid.o
LOAD Middlewares/ST/STM32_USB_Device_Library/Core/Src/usbd_core.o
LOAD Middlewares/ST/STM32_USB_Device_Library/Core/Src/usbd_ctlreq.o
LOAD Middlewares/ST/STM32_USB_Device_Library/Core/Src/usbd_ioreq.o
LOAD Middlewares/Third_Party/FreeRTOS/Source/CMSIS_RTOS/cmsis_os.o
LOAD Middlewares/Third_Party/FreeRTOS/Source/croutine.o
LOAD Middlewares/Third_Party/FreeRTOS/Source/event_groups.o
LOAD Middlewares/Third_Party/FreeRTOS/Source/list.o
LOAD Middlewares/Third_Party/FreeRTOS/Source/queue.o
LOAD Middlewares/Third_Party/FreeRTOS/Source/tasks.o
LOAD Middlewares/Third_Party/FreeRTOS/Source/timers.o
LOAD Middlewares/Third_Party/FreeRTOS/Source/portable/GCC/ARM_CM4F/port.o
LOAD Middlewares/Third_Party/FreeRTOS/Source/portable/MemMang/heap_4.o
LOAD Src/AT24Cxx_stm32_hal.o
LOAD Src/DS3231_stm32_hal.o
LOAD Src/freertos.o
LOAD Src/keyboard.o
LOAD Src/keymap.o
LOAD Src/main.o
LOAD Src/process.o
LOAD Src/scan.o
LOAD Src/stm32f4xx_hal_msp.o
LOAD Src/stm32f4xx_it.o
LOAD Src/system_stm32f4xx.o
LOAD Src/usb_device.o
LOAD Src/usbd_conf.o
LOAD Src/usbd_desc.o
LOAD Src/visEffect.o
LOAD Src/ws2812b.o
LOAD startup/startup_stm32f429xx.o
LOAD /home/alxhoff/Programs/SystemWorkbenchSTM/plugins/fr.ac6.mcu.externaltools.arm-none.linux64_1.13.1.201707031232/tools/compiler/bin/../lib/gcc/arm-none-eabi/5.4.1/../../../../arm-none-eabi/lib/armv7e-m/fpu/libm.a
START GROUP
LOAD /home/alxhoff/Programs/SystemWorkbenchSTM/plugins/fr.ac6.mcu.externaltools.arm-none.linux64_1.13.1.201707031232/tools/compiler/bin/../lib/gcc/arm-none-eabi/5.4.1/armv7e-m/fpu/libgcc.a
LOAD /home/alxhoff/Programs/SystemWorkbenchSTM/plugins/fr.ac6.mcu.externaltools.arm-none.linux64_1.13.1.201707031232/tools/compiler/bin/../lib/gcc/arm-none-eabi/5.4.1/../../../../arm-none-eabi/lib/armv7e-m/fpu/libc_nano.a
END GROUP
START GROUP
LOAD /home/alxhoff/Programs/SystemWorkbenchSTM/plugins/fr.ac6.mcu.externaltools.arm-none.linux64_1.13.1.201707031232/tools/compiler/bin/../lib/gcc/arm-none-eabi/5.4.1/armv7e-m/fpu/libgcc.a
LOAD /home/alxhoff/Programs/SystemWorkbenchSTM/plugins/fr.ac6.mcu.externaltools.arm-none.linux64_1.13.1.201707031232/tools/compiler/bin/../lib/gcc/arm-none-eabi/5.4.1/../../../../arm-none-eabi/lib/armv7e-m/fpu/libc_nano.a
LOAD /home/alxhoff/Programs/SystemWorkbenchSTM/plugins/fr.ac6.mcu.externaltools.arm-none.linux64_1.13.1.201707031232/tools/compiler/bin/../lib/gcc/arm-none-eabi/5.4.1/../../../../arm-none-eabi/lib/armv7e-m/fpu/libnosys.a
END GROUP
START GROUP
LOAD /home/alxhoff/Programs/SystemWorkbenchSTM/plugins/fr.ac6.mcu.externaltools.arm-none.linux64_1.13.1.201707031232/tools/compiler/bin/../lib/gcc/arm-none-eabi/5.4.1/armv7e-m/fpu/libgcc.a
LOAD /home/alxhoff/Programs/SystemWorkbenchSTM/plugins/fr.ac6.mcu.externaltools.arm-none.linux64_1.13.1.201707031232/tools/compiler/bin/../lib/gcc/arm-none-eabi/5.4.1/../../../../arm-none-eabi/lib/armv7e-m/fpu/libc_nano.a
LOAD /home/alxhoff/Programs/SystemWorkbenchSTM/plugins/fr.ac6.mcu.externaltools.arm-none.linux64_1.13.1.201707031232/tools/compiler/bin/../lib/gcc/arm-none-eabi/5.4.1/../../../../arm-none-eabi/lib/armv7e-m/fpu/libnosys.a
END GROUP
LOAD /home/alxhoff/Programs/SystemWorkbenchSTM/plugins/fr.ac6.mcu.externaltools.arm-none.linux64_1.13.1.201707031232/tools/compiler/bin/../lib/gcc/arm-none-eabi/5.4.1/armv7e-m/fpu/crtend.o
LOAD /home/alxhoff/Programs/SystemWorkbenchSTM/plugins/fr.ac6.mcu.externaltools.arm-none.linux64_1.13.1.201707031232/tools/compiler/bin/../lib/gcc/arm-none-eabi/5.4.1/armv7e-m/fpu/crtn.o
                0x20030000                _estack = 0x20030000
                0x00000200                _Min_Heap_Size = 0x200
                0x00000400                _Min_Stack_Size = 0x400

.isr_vector     0x08000000      0x1ac
                0x08000000                . = ALIGN (0x4)
 *(.isr_vector)
 .isr_vector    0x08000000      0x1ac startup/startup_stm32f429xx.o
                0x08000000                g_pfnVectors
                0x080001ac                . = ALIGN (0x4)

.text           0x080001b0     0x6a3c
                0x080001b0                . = ALIGN (0x4)
 *(.text)
 .text          0x080001b0       0x5c /home/alxhoff/Programs/SystemWorkbenchSTM/plugins/fr.ac6.mcu.externaltools.arm-none.linux64_1.13.1.201707031232/tools/compiler/bin/../lib/gcc/arm-none-eabi/5.4.1/armv7e-m/fpu/crtbegin.o
 *(.text*)
 .text.HAL_InitTick
                0x0800020c       0x2c Drivers/STM32F4xx_HAL_Driver/Src/stm32f4xx_hal.o
                0x0800020c                HAL_InitTick
 .text.HAL_Init
                0x08000238       0x34 Drivers/STM32F4xx_HAL_Driver/Src/stm32f4xx_hal.o
                0x08000238                HAL_Init
 .text.HAL_IncTick
                0x0800026c       0x10 Drivers/STM32F4xx_HAL_Driver/Src/stm32f4xx_hal.o
                0x0800026c                HAL_IncTick
 .text.HAL_GetTick
                0x0800027c        0xc Drivers/STM32F4xx_HAL_Driver/Src/stm32f4xx_hal.o
                0x0800027c                HAL_GetTick
 .text.HAL_Delay
                0x08000288       0x24 Drivers/STM32F4xx_HAL_Driver/Src/stm32f4xx_hal.o
                0x08000288                HAL_Delay
 .text.HAL_NVIC_SetPriorityGrouping
                0x080002ac       0x24 Drivers/STM32F4xx_HAL_Driver/Src/stm32f4xx_hal_cortex.o
                0x080002ac                HAL_NVIC_SetPriorityGrouping
 .text.HAL_NVIC_SetPriority
                0x080002d0       0x64 Drivers/STM32F4xx_HAL_Driver/Src/stm32f4xx_hal_cortex.o
                0x080002d0                HAL_NVIC_SetPriority
 .text.HAL_NVIC_EnableIRQ
                0x08000334       0x18 Drivers/STM32F4xx_HAL_Driver/Src/stm32f4xx_hal_cortex.o
                0x08000334                HAL_NVIC_EnableIRQ
 .text.HAL_SYSTICK_Config
                0x0800034c       0x2c Drivers/STM32F4xx_HAL_Driver/Src/stm32f4xx_hal_cortex.o
                0x0800034c                HAL_SYSTICK_Config
 .text.HAL_SYSTICK_CLKSourceConfig
                0x08000378       0x20 Drivers/STM32F4xx_HAL_Driver/Src/stm32f4xx_hal_cortex.o
                0x08000378                HAL_SYSTICK_CLKSourceConfig
 .text.DMA_SetConfig
                0x08000398       0x2c Drivers/STM32F4xx_HAL_Driver/Src/stm32f4xx_hal_dma.o
 .text.DMA_CalcBaseAndBitshift
                0x080003c4       0x3c Drivers/STM32F4xx_HAL_Driver/Src/stm32f4xx_hal_dma.o
 .text.DMA_CheckFifoParam
                0x08000400       0x90 Drivers/STM32F4xx_HAL_Driver/Src/stm32f4xx_hal_dma.o
 .text.HAL_DMA_Init
                0x08000490       0xd0 Drivers/STM32F4xx_HAL_Driver/Src/stm32f4xx_hal_dma.o
                0x08000490                HAL_DMA_Init
 .text.HAL_DMA_DeInit
                0x08000560       0x58 Drivers/STM32F4xx_HAL_Driver/Src/stm32f4xx_hal_dma.o
                0x08000560                HAL_DMA_DeInit
 .text.HAL_DMA_Start
                0x080005b8       0x48 Drivers/STM32F4xx_HAL_Driver/Src/stm32f4xx_hal_dma.o
                0x080005b8                HAL_DMA_Start
 .text.HAL_DMA_Start_IT
                0x08000600       0x74 Drivers/STM32F4xx_HAL_Driver/Src/stm32f4xx_hal_dma.o
                0x08000600                HAL_DMA_Start_IT
 .text.HAL_DMA_IRQHandler
                0x08000674      0x1e0 Drivers/STM32F4xx_HAL_Driver/Src/stm32f4xx_hal_dma.o
                0x08000674                HAL_DMA_IRQHandler
 .text.ETH_MACAddressConfig
                0x08000854       0x30 Drivers/STM32F4xx_HAL_Driver/Src/stm32f4xx_hal_eth.o
 .text.ETH_MACDMAConfig
                0x08000884      0x114 Drivers/STM32F4xx_HAL_Driver/Src/stm32f4xx_hal_eth.o
 .text.HAL_ETH_ReadPHYRegister
                0x08000998       0x78 Drivers/STM32F4xx_HAL_Driver/Src/stm32f4xx_hal_eth.o
                0x08000998                HAL_ETH_ReadPHYRegister
 .text.HAL_ETH_WritePHYRegister
                0x08000a10       0x74 Drivers/STM32F4xx_HAL_Driver/Src/stm32f4xx_hal_eth.o
                0x08000a10                HAL_ETH_WritePHYRegister
 .text.HAL_ETH_Init
                0x08000a84      0x254 Drivers/STM32F4xx_HAL_Driver/Src/stm32f4xx_hal_eth.o
                0x08000a84                HAL_ETH_Init
 .text.HAL_GPIO_Init
                0x08000cd8      0x1d8 Drivers/STM32F4xx_HAL_Driver/Src/stm32f4xx_hal_gpio.o
                0x08000cd8                HAL_GPIO_Init
 .text.HAL_GPIO_ReadPin
                0x08000eb0       0x10 Drivers/STM32F4xx_HAL_Driver/Src/stm32f4xx_hal_gpio.o
                0x08000eb0                HAL_GPIO_ReadPin
 .text.HAL_GPIO_WritePin
                0x08000ec0        0xc Drivers/STM32F4xx_HAL_Driver/Src/stm32f4xx_hal_gpio.o
                0x08000ec0                HAL_GPIO_WritePin
 .text.I2C_IsAcknowledgeFailed
                0x08000ecc       0x2c Drivers/STM32F4xx_HAL_Driver/Src/stm32f4xx_hal_i2c.o
 .text.I2C_WaitOnFlagUntilTimeout
                0x08000ef8       0x68 Drivers/STM32F4xx_HAL_Driver/Src/stm32f4xx_hal_i2c.o
 .text.I2C_WaitOnMasterAddressFlagUntilTimeout
                0x08000f60       0x94 Drivers/STM32F4xx_HAL_Driver/Src/stm32f4xx_hal_i2c.o
 .text.I2C_WaitOnTXEFlagUntilTimeout
                0x08000ff4       0x50 Drivers/STM32F4xx_HAL_Driver/Src/stm32f4xx_hal_i2c.o
 .text.I2C_RequestMemoryWrite
                0x08001044       0xd4 Drivers/STM32F4xx_HAL_Driver/Src/stm32f4xx_hal_i2c.o
 .text.I2C_RequestMemoryRead
                0x08001118      0x148 Drivers/STM32F4xx_HAL_Driver/Src/stm32f4xx_hal_i2c.o
 .text.I2C_WaitOnBTFFlagUntilTimeout
                0x08001260       0x50 Drivers/STM32F4xx_HAL_Driver/Src/stm32f4xx_hal_i2c.o
 .text.I2C_WaitOnRXNEFlagUntilTimeout
                0x080012b0       0x60 Drivers/STM32F4xx_HAL_Driver/Src/stm32f4xx_hal_i2c.o
 .text.HAL_I2C_Init
                0x08001310      0x11c Drivers/STM32F4xx_HAL_Driver/Src/stm32f4xx_hal_i2c.o
                0x08001310                HAL_I2C_Init
 .text.HAL_I2C_Mem_Write
                0x0800142c      0x17c Drivers/STM32F4xx_HAL_Driver/Src/stm32f4xx_hal_i2c.o
                0x0800142c                HAL_I2C_Mem_Write
 .text.HAL_I2C_Mem_Read
                0x080015a8      0x300 Drivers/STM32F4xx_HAL_Driver/Src/stm32f4xx_hal_i2c.o
                0x080015a8                HAL_I2C_Mem_Read
 .text.PCD_WriteEmptyTxFifo
                0x080018a8       0xb0 Drivers/STM32F4xx_HAL_Driver/Src/stm32f4xx_hal_pcd.o
 .text.HAL_PCD_Init
                0x08001958       0xe4 Drivers/STM32F4xx_HAL_Driver/Src/stm32f4xx_hal_pcd.o
                0x08001958                HAL_PCD_Init
 .text.HAL_PCD_Start
                0x08001a3c       0x2c Drivers/STM32F4xx_HAL_Driver/Src/stm32f4xx_hal_pcd.o
                0x08001a3c                HAL_PCD_Start
 .text.HAL_PCD_IRQHandler
                0x08001a68      0x57c Drivers/STM32F4xx_HAL_Driver/Src/stm32f4xx_hal_pcd.o
                0x08001a68                HAL_PCD_IRQHandler
 .text.HAL_PCD_SetAddress
                0x08001fe4       0x24 Drivers/STM32F4xx_HAL_Driver/Src/stm32f4xx_hal_pcd.o
                0x08001fe4                HAL_PCD_SetAddress
 .text.HAL_PCD_EP_Open
                0x08002008       0x68 Drivers/STM32F4xx_HAL_Driver/Src/stm32f4xx_hal_pcd.o
                0x08002008                HAL_PCD_EP_Open
 .text.HAL_PCD_EP_Close
                0x08002070       0x58 Drivers/STM32F4xx_HAL_Driver/Src/stm32f4xx_hal_pcd.o
                0x08002070                HAL_PCD_EP_Close
 .text.HAL_PCD_EP_Receive
                0x080020c8       0x58 Drivers/STM32F4xx_HAL_Driver/Src/stm32f4xx_hal_pcd.o
                0x080020c8                HAL_PCD_EP_Receive
 .text.HAL_PCD_EP_Transmit
                0x08002120       0x50 Drivers/STM32F4xx_HAL_Driver/Src/stm32f4xx_hal_pcd.o
                0x08002120                HAL_PCD_EP_Transmit
 .text.HAL_PCD_EP_SetStall
                0x08002170       0x64 Drivers/STM32F4xx_HAL_Driver/Src/stm32f4xx_hal_pcd.o
                0x08002170                HAL_PCD_EP_SetStall
 .text.HAL_PCD_EP_ClrStall
                0x080021d4       0x58 Drivers/STM32F4xx_HAL_Driver/Src/stm32f4xx_hal_pcd.o
                0x080021d4                HAL_PCD_EP_ClrStall
 .text.HAL_PCDEx_SetTxFiFo
                0x0800222c       0x48 Drivers/STM32F4xx_HAL_Driver/Src/stm32f4xx_hal_pcd_ex.o
                0x0800222c                HAL_PCDEx_SetTxFiFo
 .text.HAL_PCDEx_SetRxFiFo
                0x08002274        0x8 Drivers/STM32F4xx_HAL_Driver/Src/stm32f4xx_hal_pcd_ex.o
                0x08002274                HAL_PCDEx_SetRxFiFo
 .text.HAL_RCC_OscConfig
                0x0800227c      0x3c8 Drivers/STM32F4xx_HAL_Driver/Src/stm32f4xx_hal_rcc.o
                0x0800227c                HAL_RCC_OscConfig
 .text.HAL_RCC_GetSysClockFreq
                0x08002644       0xa4 Drivers/STM32F4xx_HAL_Driver/Src/stm32f4xx_hal_rcc.o
                0x08002644                HAL_RCC_GetSysClockFreq
 .text.HAL_RCC_ClockConfig
                0x080026e8      0x1b0 Drivers/STM32F4xx_HAL_Driver/Src/stm32f4xx_hal_rcc.o
                0x080026e8                HAL_RCC_ClockConfig
 .text.HAL_RCC_GetHCLKFreq
                0x08002898        0xc Drivers/STM32F4xx_HAL_Driver/Src/stm32f4xx_hal_rcc.o
                0x08002898                HAL_RCC_GetHCLKFreq
 .text.HAL_RCC_GetPCLK1Freq
                0x080028a4       0x30 Drivers/STM32F4xx_HAL_Driver/Src/stm32f4xx_hal_rcc.o
                0x080028a4                HAL_RCC_GetPCLK1Freq
 .text.HAL_RCC_GetPCLK2Freq
                0x080028d4       0x30 Drivers/STM32F4xx_HAL_Driver/Src/stm32f4xx_hal_rcc.o
                0x080028d4                HAL_RCC_GetPCLK2Freq
 .text.TIM_OC1_SetConfig
                0x08002904       0x68 Drivers/STM32F4xx_HAL_Driver/Src/stm32f4xx_hal_tim.o
 .text.TIM_OC3_SetConfig
                0x0800296c       0x6c Drivers/STM32F4xx_HAL_Driver/Src/stm32f4xx_hal_tim.o
 .text.TIM_OC4_SetConfig
                0x080029d8       0x5c Drivers/STM32F4xx_HAL_Driver/Src/stm32f4xx_hal_tim.o
 .text.HAL_TIM_Base_Start
                0x08002a34       0x1c Drivers/STM32F4xx_HAL_Driver/Src/stm32f4xx_hal_tim.o
                0x08002a34                HAL_TIM_Base_Start
 .text.HAL_TIM_PWM_MspInit
                0x08002a50        0x4 Drivers/STM32F4xx_HAL_Driver/Src/stm32f4xx_hal_tim.o
                0x08002a50                HAL_TIM_PWM_MspInit
 .text.HAL_TIM_OC_DelayElapsedCallback
                0x08002a54        0x4 Drivers/STM32F4xx_HAL_Driver/Src/stm32f4xx_hal_tim.o
                0x08002a54                HAL_TIM_OC_DelayElapsedCallback
 .text.HAL_TIM_IC_CaptureCallback
                0x08002a58        0x4 Drivers/STM32F4xx_HAL_Driver/Src/stm32f4xx_hal_tim.o
                0x08002a58                HAL_TIM_IC_CaptureCallback
 .text.HAL_TIM_PWM_PulseFinishedCallback
                0x08002a5c        0x4 Drivers/STM32F4xx_HAL_Driver/Src/stm32f4xx_hal_tim.o
                0x08002a5c                HAL_TIM_PWM_PulseFinishedCallback
 .text.HAL_TIM_TriggerCallback
                0x08002a60        0x4 Drivers/STM32F4xx_HAL_Driver/Src/stm32f4xx_hal_tim.o
                0x08002a60                HAL_TIM_TriggerCallback
 .text.HAL_TIM_IRQHandler
                0x08002a64      0x174 Drivers/STM32F4xx_HAL_Driver/Src/stm32f4xx_hal_tim.o
                0x08002a64                HAL_TIM_IRQHandler
 .text.TIM_Base_SetConfig
                0x08002bd8      0x11c Drivers/STM32F4xx_HAL_Driver/Src/stm32f4xx_hal_tim.o
                0x08002bd8                TIM_Base_SetConfig
 .text.HAL_TIM_PWM_Init
                0x08002cf4       0x38 Drivers/STM32F4xx_HAL_Driver/Src/stm32f4xx_hal_tim.o
                0x08002cf4                HAL_TIM_PWM_Init
 .text.TIM_OC2_SetConfig
                0x08002d2c       0x70 Drivers/STM32F4xx_HAL_Driver/Src/stm32f4xx_hal_tim.o
                0x08002d2c                TIM_OC2_SetConfig
 .text.HAL_TIM_PWM_ConfigChannel
                0x08002d9c       0xdc Drivers/STM32F4xx_HAL_Driver/Src/stm32f4xx_hal_tim.o
                0x08002d9c                HAL_TIM_PWM_ConfigChannel
 .text.TIM_CCxChannelCmd
                0x08002e78       0x20 Drivers/STM32F4xx_HAL_Driver/Src/stm32f4xx_hal_tim.o
                0x08002e78                TIM_CCxChannelCmd
 .text.HAL_TIM_PWM_Start
                0x08002e98       0x44 Drivers/STM32F4xx_HAL_Driver/Src/stm32f4xx_hal_tim.o
                0x08002e98                HAL_TIM_PWM_Start
 .text.HAL_TIMEx_CommutationCallback
                0x08002edc        0x4 Drivers/STM32F4xx_HAL_Driver/Src/stm32f4xx_hal_tim_ex.o
                0x08002edc                HAL_TIMEx_CommutationCallback
 .text.HAL_TIMEx_BreakCallback
                0x08002ee0        0x4 Drivers/STM32F4xx_HAL_Driver/Src/stm32f4xx_hal_tim_ex.o
                0x08002ee0                HAL_TIMEx_BreakCallback
 .text.UART_SetConfig
                0x08002ee4      0x32c Drivers/STM32F4xx_HAL_Driver/Src/stm32f4xx_hal_uart.o
 .text.HAL_UART_Init
                0x08003210       0x64 Drivers/STM32F4xx_HAL_Driver/Src/stm32f4xx_hal_uart.o
                0x08003210                HAL_UART_Init
 .text.USB_CoreInit
                0x08003274       0x78 Drivers/STM32F4xx_HAL_Driver/Src/stm32f4xx_ll_usb.o
                0x08003274                USB_CoreInit
 .text.USB_EnableGlobalInt
                0x080032ec        0xc Drivers/STM32F4xx_HAL_Driver/Src/stm32f4xx_ll_usb.o
                0x080032ec                USB_EnableGlobalInt
 .text.USB_DisableGlobalInt
                0x080032f8        0xc Drivers/STM32F4xx_HAL_Driver/Src/stm32f4xx_ll_usb.o
                0x080032f8                USB_DisableGlobalInt
 .text.USB_SetCurrentMode
                0x08003304       0x2c Drivers/STM32F4xx_HAL_Driver/Src/stm32f4xx_ll_usb.o
                0x08003304                USB_SetCurrentMode
 .text.USB_DevInit
                0x08003330      0x14c Drivers/STM32F4xx_HAL_Driver/Src/stm32f4xx_ll_usb.o
                0x08003330                USB_DevInit
 .text.USB_FlushTxFifo
                0x0800347c       0x28 Drivers/STM32F4xx_HAL_Driver/Src/stm32f4xx_ll_usb.o
                0x0800347c                USB_FlushTxFifo
 .text.USB_FlushRxFifo
                0x080034a4       0x24 Drivers/STM32F4xx_HAL_Driver/Src/stm32f4xx_ll_usb.o
                0x080034a4                USB_FlushRxFifo
 .text.USB_SetDevSpeed
                0x080034c8       0x10 Drivers/STM32F4xx_HAL_Driver/Src/stm32f4xx_ll_usb.o
                0x080034c8                USB_SetDevSpeed
 .text.USB_GetDevSpeed
                0x080034d8       0x40 Drivers/STM32F4xx_HAL_Driver/Src/stm32f4xx_ll_usb.o
                0x080034d8                USB_GetDevSpeed
 .text.USB_ActivateEndpoint
                0x08003518       0x98 Drivers/STM32F4xx_HAL_Driver/Src/stm32f4xx_ll_usb.o
                0x08003518                USB_ActivateEndpoint
 .text.USB_DeactivateEndpoint
                0x080035b0       0xf4 Drivers/STM32F4xx_HAL_Driver/Src/stm32f4xx_ll_usb.o
                0x080035b0                USB_DeactivateEndpoint
 .text.USB_EPStartXfer
                0x080036a4      0x258 Drivers/STM32F4xx_HAL_Driver/Src/stm32f4xx_ll_usb.o
                0x080036a4                USB_EPStartXfer
 .text.USB_EP0StartXfer
                0x080038fc      0x160 Drivers/STM32F4xx_HAL_Driver/Src/stm32f4xx_ll_usb.o
                0x080038fc                USB_EP0StartXfer
 .text.USB_WritePacket
                0x08003a5c       0x2c Drivers/STM32F4xx_HAL_Driver/Src/stm32f4xx_ll_usb.o
                0x08003a5c                USB_WritePacket
 .text.USB_ReadPacket
                0x08003a88       0x24 Drivers/STM32F4xx_HAL_Driver/Src/stm32f4xx_ll_usb.o
                0x08003a88                USB_ReadPacket
 .text.USB_EPSetStall
                0x08003aac       0x64 Drivers/STM32F4xx_HAL_Driver/Src/stm32f4xx_ll_usb.o
                0x08003aac                USB_EPSetStall
 .text.USB_EPClearStall
                0x08003b10       0x68 Drivers/STM32F4xx_HAL_Driver/Src/stm32f4xx_ll_usb.o
                0x08003b10                USB_EPClearStall
 .text.USB_SetDevAddress
                0x08003b78       0x20 Drivers/STM32F4xx_HAL_Driver/Src/stm32f4xx_ll_usb.o
                0x08003b78                USB_SetDevAddress
 .text.USB_DevConnect
                0x08003b98       0x18 Drivers/STM32F4xx_HAL_Driver/Src/stm32f4xx_ll_usb.o
                0x08003b98                USB_DevConnect
 .text.USB_DevDisconnect
                0x08003bb0       0x18 Drivers/STM32F4xx_HAL_Driver/Src/stm32f4xx_ll_usb.o
                0x08003bb0                USB_DevDisconnect
 .text.USB_ReadInterrupts
                0x08003bc8        0x8 Drivers/STM32F4xx_HAL_Driver/Src/stm32f4xx_ll_usb.o
                0x08003bc8                USB_ReadInterrupts
 .text.USB_ReadDevAllOutEpInterrupt
                0x08003bd0       0x10 Drivers/STM32F4xx_HAL_Driver/Src/stm32f4xx_ll_usb.o
                0x08003bd0                USB_ReadDevAllOutEpInterrupt
 .text.USB_ReadDevAllInEpInterrupt
                0x08003be0       0x10 Drivers/STM32F4xx_HAL_Driver/Src/stm32f4xx_ll_usb.o
                0x08003be0                USB_ReadDevAllInEpInterrupt
 .text.USB_ReadDevOutEPInterrupt
                0x08003bf0       0x14 Drivers/STM32F4xx_HAL_Driver/Src/stm32f4xx_ll_usb.o
                0x08003bf0                USB_ReadDevOutEPInterrupt
 .text.USB_ReadDevInEPInterrupt
                0x08003c04       0x24 Drivers/STM32F4xx_HAL_Driver/Src/stm32f4xx_ll_usb.o
                0x08003c04                USB_ReadDevInEPInterrupt
 .text.USB_GetMode
                0x08003c28        0x8 Drivers/STM32F4xx_HAL_Driver/Src/stm32f4xx_ll_usb.o
                0x08003c28                USB_GetMode
 .text.USB_ActivateSetup
                0x08003c30       0x38 Drivers/STM32F4xx_HAL_Driver/Src/stm32f4xx_ll_usb.o
                0x08003c30                USB_ActivateSetup
 .text.USB_EP0_OutStart
                0x08003c68       0x44 Drivers/STM32F4xx_HAL_Driver/Src/stm32f4xx_ll_usb.o
                0x08003c68                USB_EP0_OutStart
 .text.USB_CoreReset
                0x08003cac       0x3c Drivers/STM32F4xx_HAL_Driver/Src/stm32f4xx_ll_usb.o
 .text.USBD_HID_GetCfgDesc
                0x08003ce8        0xc Middlewares/ST/STM32_USB_Device_Library/Class/HID/Src/usbd_hid.o
 .text.USBD_HID_DataIn
                0x08003cf4        0xc Middlewares/ST/STM32_USB_Device_Library/Class/HID/Src/usbd_hid.o
 .text.USBD_HID_GetDeviceQualifierDesc
                0x08003d00        0xc Middlewares/ST/STM32_USB_Device_Library/Class/HID/Src/usbd_hid.o
 .text.USBD_HID_Setup
                0x08003d0c       0xb8 Middlewares/ST/STM32_USB_Device_Library/Class/HID/Src/usbd_hid.o
 .text.USBD_HID_DeInit
                0x08003dc4       0x20 Middlewares/ST/STM32_USB_Device_Library/Class/HID/Src/usbd_hid.o
 .text.USBD_HID_Init
                0x08003de4       0x28 Middlewares/ST/STM32_USB_Device_Library/Class/HID/Src/usbd_hid.o
 .text.USBD_HID_SendReport
                0x08003e0c       0x24 Middlewares/ST/STM32_USB_Device_Library/Class/HID/Src/usbd_hid.o
                0x08003e0c                USBD_HID_SendReport
 .text.USBD_Init
                0x08003e30       0x30 Middlewares/ST/STM32_USB_Device_Library/Core/Src/usbd_core.o
                0x08003e30                USBD_Init
 .text.USBD_RegisterClass
                0x08003e60       0x10 Middlewares/ST/STM32_USB_Device_Library/Core/Src/usbd_core.o
                0x08003e60                USBD_RegisterClass
 .text.USBD_Start
                0x08003e70        0xc Middlewares/ST/STM32_USB_Device_Library/Core/Src/usbd_core.o
                0x08003e70                USBD_Start
 .text.USBD_SetClassConfig
                0x08003e7c       0x1c Middlewares/ST/STM32_USB_Device_Library/Core/Src/usbd_core.o
                0x08003e7c                USBD_SetClassConfig
 .text.USBD_ClrClassConfig
                0x08003e98       0x10 Middlewares/ST/STM32_USB_Device_Library/Core/Src/usbd_core.o
                0x08003e98                USBD_ClrClassConfig
 .text.USBD_LL_SetupStage
                0x08003ea8       0x5c Middlewares/ST/STM32_USB_Device_Library/Core/Src/usbd_core.o
                0x08003ea8                USBD_LL_SetupStage
 .text.USBD_LL_DataOutStage
                0x08003f04       0x68 Middlewares/ST/STM32_USB_Device_Library/Core/Src/usbd_core.o
                0x08003f04                USBD_LL_DataOutStage
 .text.USBD_LL_DataInStage
                0x08003f6c       0xac Middlewares/ST/STM32_USB_Device_Library/Core/Src/usbd_core.o
                0x08003f6c                USBD_LL_DataInStage
 .text.USBD_LL_Reset
                0x08004018       0x40 Middlewares/ST/STM32_USB_Device_Library/Core/Src/usbd_core.o
                0x08004018                USBD_LL_Reset
 .text.USBD_LL_SetSpeed
                0x08004058        0x8 Middlewares/ST/STM32_USB_Device_Library/Core/Src/usbd_core.o
                0x08004058                USBD_LL_SetSpeed
 .text.USBD_LL_Suspend
                0x08004060       0x14 Middlewares/ST/STM32_USB_Device_Library/Core/Src/usbd_core.o
                0x08004060                USBD_LL_Suspend
 .text.USBD_LL_Resume
                0x08004074        0xc Middlewares/ST/STM32_USB_Device_Library/Core/Src/usbd_core.o
                0x08004074                USBD_LL_Resume
 .text.USBD_LL_SOF
                0x08004080       0x18 Middlewares/ST/STM32_USB_Device_Library/Core/Src/usbd_core.o
                0x08004080                USBD_LL_SOF
 .text.USBD_LL_IsoINIncomplete
                0x08004098        0x4 Middlewares/ST/STM32_USB_Device_Library/Core/Src/usbd_core.o
                0x08004098                USBD_LL_IsoINIncomplete
 .text.USBD_LL_IsoOUTIncomplete
                0x0800409c        0x4 Middlewares/ST/STM32_USB_Device_Library/Core/Src/usbd_core.o
                0x0800409c                USBD_LL_IsoOUTIncomplete
 .text.USBD_LL_DevConnected
                0x080040a0        0x4 Middlewares/ST/STM32_USB_Device_Library/Core/Src/usbd_core.o
                0x080040a0                USBD_LL_DevConnected
 .text.USBD_LL_DevDisconnected
                0x080040a4       0x18 Middlewares/ST/STM32_USB_Device_Library/Core/Src/usbd_core.o
                0x080040a4                USBD_LL_DevDisconnected
 .text.USBD_GetLen
                0x080040bc       0x14 Middlewares/ST/STM32_USB_Device_Library/Core/Src/usbd_ctlreq.o
 .text.USBD_SetFeature
                0x080040d0       0x20 Middlewares/ST/STM32_USB_Device_Library/Core/Src/usbd_ctlreq.o
 .text.USBD_ParseSetupRequest
                0x080040f0       0x28 Middlewares/ST/STM32_USB_Device_Library/Core/Src/usbd_ctlreq.o
                0x080040f0                USBD_ParseSetupRequest
 .text.USBD_CtlError
                0x08004118       0x14 Middlewares/ST/STM32_USB_Device_Library/Core/Src/usbd_ctlreq.o
                0x08004118                USBD_CtlError
 .text.USBD_GetDescriptor
                0x0800412c      0x130 Middlewares/ST/STM32_USB_Device_Library/Core/Src/usbd_ctlreq.o
 .text.USBD_SetAddress
                0x0800425c       0x4c Middlewares/ST/STM32_USB_Device_Library/Core/Src/usbd_ctlreq.o
 .text.USBD_SetConfig
                0x080042a8       0xa8 Middlewares/ST/STM32_USB_Device_Library/Core/Src/usbd_ctlreq.o
 .text.USBD_GetConfig
                0x08004350       0x3c Middlewares/ST/STM32_USB_Device_Library/Core/Src/usbd_ctlreq.o
 .text.USBD_GetStatus
                0x0800438c       0x2c Middlewares/ST/STM32_USB_Device_Library/Core/Src/usbd_ctlreq.o
 .text.USBD_ClrFeature
                0x080043b8       0x30 Middlewares/ST/STM32_USB_Device_Library/Core/Src/usbd_ctlreq.o
 .text.USBD_StdDevReq
                0x080043e8       0x48 Middlewares/ST/STM32_USB_Device_Library/Core/Src/usbd_ctlreq.o
                0x080043e8                USBD_StdDevReq
 .text.USBD_StdItfReq
                0x08004430       0x38 Middlewares/ST/STM32_USB_Device_Library/Core/Src/usbd_ctlreq.o
                0x08004430                USBD_StdItfReq
 .text.USBD_StdEPReq
                0x08004468      0x11c Middlewares/ST/STM32_USB_Device_Library/Core/Src/usbd_ctlreq.o
                0x08004468                USBD_StdEPReq
 .text.USBD_GetString
                0x08004584       0x3c Middlewares/ST/STM32_USB_Device_Library/Core/Src/usbd_ctlreq.o
                0x08004584                USBD_GetString
 .text.USBD_CtlSendData
                0x080045c0       0x1c Middlewares/ST/STM32_USB_Device_Library/Core/Src/usbd_ioreq.o
                0x080045c0                USBD_CtlSendData
 .text.USBD_CtlContinueSendData
                0x080045dc       0x10 Middlewares/ST/STM32_USB_Device_Library/Core/Src/usbd_ioreq.o
                0x080045dc                USBD_CtlContinueSendData
 .text.USBD_CtlContinueRx
                0x080045ec       0x10 Middlewares/ST/STM32_USB_Device_Library/Core/Src/usbd_ioreq.o
                0x080045ec                USBD_CtlContinueRx
 .text.USBD_CtlSendStatus
                0x080045fc       0x18 Middlewares/ST/STM32_USB_Device_Library/Core/Src/usbd_ioreq.o
                0x080045fc                USBD_CtlSendStatus
 .text.USBD_CtlReceiveStatus
                0x08004614       0x18 Middlewares/ST/STM32_USB_Device_Library/Core/Src/usbd_ioreq.o
                0x08004614                USBD_CtlReceiveStatus
 .text.makeFreeRtosPriority
                0x0800462c        0xc Middlewares/Third_Party/FreeRTOS/Source/CMSIS_RTOS/cmsis_os.o
 .text.osKernelStart
                0x08004638        0xc Middlewares/Third_Party/FreeRTOS/Source/CMSIS_RTOS/cmsis_os.o
                0x08004638                osKernelStart
 .text.osThreadCreate
                0x08004644       0x34 Middlewares/Third_Party/FreeRTOS/Source/CMSIS_RTOS/cmsis_os.o
                0x08004644                osThreadCreate
 .text.osDelay  0x08004678       0x10 Middlewares/Third_Party/FreeRTOS/Source/CMSIS_RTOS/cmsis_os.o
                0x08004678                osDelay
 .text.osSystickHandler
                0x08004688       0x10 Middlewares/Third_Party/FreeRTOS/Source/CMSIS_RTOS/cmsis_os.o
                0x08004688                osSystickHandler
 .text.vListInitialise
                0x08004698       0x18 Middlewares/Third_Party/FreeRTOS/Source/list.o
                0x08004698                vListInitialise
 .text.vListInitialiseItem
                0x080046b0        0x8 Middlewares/Third_Party/FreeRTOS/Source/list.o
                0x080046b0                vListInitialiseItem
 .text.vListInsertEnd
                0x080046b8       0x18 Middlewares/Third_Party/FreeRTOS/Source/list.o
                0x080046b8                vListInsertEnd
 .text.vListInsert
                0x080046d0       0x34 Middlewares/Third_Party/FreeRTOS/Source/list.o
                0x080046d0                vListInsert
 .text.uxListRemove
                0x08004704       0x24 Middlewares/Third_Party/FreeRTOS/Source/list.o
                0x08004704                uxListRemove
 .text.prvResetNextTaskUnblockTime
                0x08004728       0x2c Middlewares/Third_Party/FreeRTOS/Source/tasks.o
 .text.prvDeleteTCB
                0x08004754       0x14 Middlewares/Third_Party/FreeRTOS/Source/tasks.o
 .text.prvInitialiseNewTask
                0x08004768       0x80 Middlewares/Third_Party/FreeRTOS/Source/tasks.o
 .text.prvInitialiseTaskLists
                0x080047e8       0x58 Middlewares/Third_Party/FreeRTOS/Source/tasks.o
 .text.prvAddNewTaskToReadyList
                0x08004840       0xac Middlewares/Third_Party/FreeRTOS/Source/tasks.o
 .text.prvAddCurrentTaskToDelayedList
                0x080048ec       0x84 Middlewares/Third_Party/FreeRTOS/Source/tasks.o
 .text.xTaskCreate
                0x08004970       0x64 Middlewares/Third_Party/FreeRTOS/Source/tasks.o
                0x08004970                xTaskCreate
 .text.vTaskStartScheduler
                0x080049d4       0x74 Middlewares/Third_Party/FreeRTOS/Source/tasks.o
                0x080049d4                vTaskStartScheduler
 .text.vTaskSuspendAll
                0x08004a48       0x14 Middlewares/Third_Party/FreeRTOS/Source/tasks.o
                0x08004a48                vTaskSuspendAll
 .text.xTaskIncrementTick
                0x08004a5c      0x118 Middlewares/Third_Party/FreeRTOS/Source/tasks.o
                0x08004a5c                xTaskIncrementTick
 .text.xTaskResumeAll
                0x08004b74       0xf4 Middlewares/Third_Party/FreeRTOS/Source/tasks.o
                0x08004b74                xTaskResumeAll
 .text.vTaskDelay
                0x08004c68       0x50 Middlewares/Third_Party/FreeRTOS/Source/tasks.o
                0x08004c68                vTaskDelay
 .text.prvCheckTasksWaitingTermination
                0x08004cb8       0x54 Middlewares/Third_Party/FreeRTOS/Source/tasks.o
 .text.prvIdleTask
                0x08004d0c       0x28 Middlewares/Third_Party/FreeRTOS/Source/tasks.o
 .text.vTaskSwitchContext
                0x08004d34       0x90 Middlewares/Third_Party/FreeRTOS/Source/tasks.o
                0x08004d34                vTaskSwitchContext
 .text.xTaskGetSchedulerState
                0x08004dc4       0x20 Middlewares/Third_Party/FreeRTOS/Source/tasks.o
                0x08004dc4                xTaskGetSchedulerState
 .text.prvTaskExitError
                0x08004de4       0x34 Middlewares/Third_Party/FreeRTOS/Source/portable/GCC/ARM_CM4F/port.o
 .text.prvPortStartFirstTask
                0x08004e18       0x20 Middlewares/Third_Party/FreeRTOS/Source/portable/GCC/ARM_CM4F/port.o
 .text.vPortEnableVFP
                0x08004e38       0x14 Middlewares/Third_Party/FreeRTOS/Source/portable/GCC/ARM_CM4F/port.o
 .text.pxPortInitialiseStack
                0x08004e4c       0x2c Middlewares/Third_Party/FreeRTOS/Source/portable/GCC/ARM_CM4F/port.o
                0x08004e4c                pxPortInitialiseStack
 *fill*         0x08004e78        0x8 
 .text.SVC_Handler
                0x08004e80       0x24 Middlewares/Third_Party/FreeRTOS/Source/portable/GCC/ARM_CM4F/port.o
                0x08004e80                SVC_Handler
 .text.vPortEnterCritical
                0x08004ea4       0x44 Middlewares/Third_Party/FreeRTOS/Source/portable/GCC/ARM_CM4F/port.o
                0x08004ea4                vPortEnterCritical
 .text.vPortExitCritical
                0x08004ee8       0x2c Middlewares/Third_Party/FreeRTOS/Source/portable/GCC/ARM_CM4F/port.o
                0x08004ee8                vPortExitCritical
 *fill*         0x08004f14        0xc 
 .text.PendSV_Handler
                0x08004f20       0x64 Middlewares/Third_Party/FreeRTOS/Source/portable/GCC/ARM_CM4F/port.o
                0x08004f20                PendSV_Handler
 .text.xPortSysTickHandler
                0x08004f84       0x2c Middlewares/Third_Party/FreeRTOS/Source/portable/GCC/ARM_CM4F/port.o
                0x08004f84                xPortSysTickHandler
 .text.vPortSetupTimerInterrupt
                0x08004fb0       0x2c Middlewares/Third_Party/FreeRTOS/Source/portable/GCC/ARM_CM4F/port.o
                0x08004fb0                vPortSetupTimerInterrupt
 .text.xPortStartScheduler
                0x08004fdc       0xe8 Middlewares/Third_Party/FreeRTOS/Source/portable/GCC/ARM_CM4F/port.o
                0x08004fdc                xPortStartScheduler
 .text.prvHeapInit
                0x080050c4       0x58 Middlewares/Third_Party/FreeRTOS/Source/portable/MemMang/heap_4.o
 .text.prvInsertBlockIntoFreeList
                0x0800511c       0x58 Middlewares/Third_Party/FreeRTOS/Source/portable/MemMang/heap_4.o
 .text.pvPortMalloc
                0x08005174      0x10c Middlewares/Third_Party/FreeRTOS/Source/portable/MemMang/heap_4.o
                0x08005174                pvPortMalloc
 .text.vPortFree
                0x08005280       0x78 Middlewares/Third_Party/FreeRTOS/Source/portable/MemMang/heap_4.o
                0x08005280                vPortFree
 .text.AT24Cxx_init
                0x080052f8       0x2c Src/AT24Cxx_stm32_hal.o
                0x080052f8                AT24Cxx_init
 .text.AT24Cxx_add_dev
                0x08005324       0x54 Src/AT24Cxx_stm32_hal.o
                0x08005324                AT24Cxx_add_dev
 .text.AT24Cxx_get_dev
                0x08005378        0xc Src/AT24Cxx_stm32_hal.o
                0x08005378                AT24Cxx_get_dev
 .text.AT24Cxx_write_byte
                0x08005384       0x30 Src/AT24Cxx_stm32_hal.o
                0x08005384                AT24Cxx_write_byte
 .text.AT24Cxx_read_byte
                0x080053b4       0x2c Src/AT24Cxx_stm32_hal.o
                0x080053b4                AT24Cxx_read_byte
 .text.clear_keyboard_HID_report
                0x080053e0       0x1c Src/keyboard.o
                0x080053e0                clear_keyboard_HID_report
 .text.keyboardInit
                0x080053fc       0x64 Src/keyboard.o
                0x080053fc                keyboardInit
 .text.MX_GPIO_Init
                0x08005460      0x164 Src/main.o
 .text.StartDefaultTask
                0x080055c4       0x14 Src/main.o
                0x080055c4                StartDefaultTask
 .text.KeyboardListenCallback
                0x080055d8       0x24 Src/main.o
                0x080055d8                KeyboardListenCallback
 .text._Error_Handler
                0x080055fc        0x4 Src/main.o
                0x080055fc                _Error_Handler
 .text.MX_USART3_UART_Init
                0x08005600       0x3c Src/main.o
 .text.MX_ETH_Init
                0x0800563c       0x60 Src/main.o
 .text.MX_I2C2_Init
                0x0800569c       0x44 Src/main.o
 .text.SystemClock_Config
                0x080056e0       0xc8 Src/main.o
                0x080056e0                SystemClock_Config
 .text.main     0x080057a8       0x98 Src/main.o
                0x080057a8                main
 .text.resetBuffer
                0x08005840       0x18 Src/process.o
                0x08005840                resetBuffer
 .text.processBuffer
                0x08005858       0xb0 Src/process.o
                0x08005858                processBuffer
 .text.createHIDReport
                0x08005908       0x38 Src/process.o
                0x08005908                createHIDReport
 .text.sendHIDReport
                0x08005940       0x18 Src/process.o
                0x08005940                sendHIDReport
 .text.scanMatrix
                0x08005958       0x8c Src/scan.o
                0x08005958                scanMatrix
 .text.HAL_MspInit
                0x080059e4       0x60 Src/stm32f4xx_hal_msp.o
                0x080059e4                HAL_MspInit
 .text.HAL_ETH_MspInit
                0x08005a44       0xc4 Src/stm32f4xx_hal_msp.o
                0x08005a44                HAL_ETH_MspInit
 .text.HAL_I2C_MspInit
                0x08005b08       0x54 Src/stm32f4xx_hal_msp.o
                0x08005b08                HAL_I2C_MspInit
 .text.HAL_UART_MspInit
                0x08005b5c       0x58 Src/stm32f4xx_hal_msp.o
                0x08005b5c                HAL_UART_MspInit
 .text.SysTick_Handler
                0x08005bb4        0xc Src/stm32f4xx_it.o
                0x08005bb4                SysTick_Handler
 .text.OTG_FS_IRQHandler
                0x08005bc0       0x10 Src/stm32f4xx_it.o
                0x08005bc0                OTG_FS_IRQHandler
 .text.SystemInit
                0x08005bd0       0x4c Src/system_stm32f4xx.o
                0x08005bd0                SystemInit
 .text.MX_USB_DEVICE_Init
                0x08005c1c       0x2c Src/usb_device.o
                0x08005c1c                MX_USB_DEVICE_Init
 .text.HAL_PCD_MspInit
                0x08005c48       0x7c Src/usbd_conf.o
                0x08005c48                HAL_PCD_MspInit
 .text.HAL_PCD_SetupStageCallback
                0x08005cc4       0x10 Src/usbd_conf.o
                0x08005cc4                HAL_PCD_SetupStageCallback
 .text.HAL_PCD_DataOutStageCallback
                0x08005cd4       0x18 Src/usbd_conf.o
                0x08005cd4                HAL_PCD_DataOutStageCallback
 .text.HAL_PCD_DataInStageCallback
                0x08005cec       0x18 Src/usbd_conf.o
                0x08005cec                HAL_PCD_DataInStageCallback
 .text.HAL_PCD_SOFCallback
                0x08005d04        0xc Src/usbd_conf.o
                0x08005d04                HAL_PCD_SOFCallback
 .text.HAL_PCD_ResetCallback
                0x08005d10       0x20 Src/usbd_conf.o
                0x08005d10                HAL_PCD_ResetCallback
 .text.HAL_PCD_SuspendCallback
                0x08005d30       0x30 Src/usbd_conf.o
                0x08005d30                HAL_PCD_SuspendCallback
 .text.HAL_PCD_ResumeCallback
                0x08005d60        0xc Src/usbd_conf.o
                0x08005d60                HAL_PCD_ResumeCallback
 .text.HAL_PCD_ISOOUTIncompleteCallback
                0x08005d6c        0xc Src/usbd_conf.o
                0x08005d6c                HAL_PCD_ISOOUTIncompleteCallback
 .text.HAL_PCD_ISOINIncompleteCallback
                0x08005d78        0xc Src/usbd_conf.o
                0x08005d78                HAL_PCD_ISOINIncompleteCallback
 .text.HAL_PCD_ConnectCallback
                0x08005d84        0xc Src/usbd_conf.o
                0x08005d84                HAL_PCD_ConnectCallback
 .text.HAL_PCD_DisconnectCallback
                0x08005d90        0xc Src/usbd_conf.o
                0x08005d90                HAL_PCD_DisconnectCallback
 .text.USBD_LL_Init
                0x08005d9c       0x74 Src/usbd_conf.o
                0x08005d9c                USBD_LL_Init
 .text.USBD_LL_Start
                0x08005e10       0x20 Src/usbd_conf.o
                0x08005e10                USBD_LL_Start
 .text.USBD_LL_OpenEP
                0x08005e30       0x24 Src/usbd_conf.o
                0x08005e30                USBD_LL_OpenEP
 .text.USBD_LL_CloseEP
                0x08005e54       0x20 Src/usbd_conf.o
                0x08005e54                USBD_LL_CloseEP
 .text.USBD_LL_StallEP
                0x08005e74       0x20 Src/usbd_conf.o
                0x08005e74                USBD_LL_StallEP
 .text.USBD_LL_ClearStallEP
                0x08005e94       0x20 Src/usbd_conf.o
                0x08005e94                USBD_LL_ClearStallEP
 .text.USBD_LL_IsStallEP
                0x08005eb4       0x30 Src/usbd_conf.o
                0x08005eb4                USBD_LL_IsStallEP
 .text.USBD_LL_SetUSBAddress
                0x08005ee4       0x20 Src/usbd_conf.o
                0x08005ee4                USBD_LL_SetUSBAddress
 .text.USBD_LL_Transmit
                0x08005f04       0x20 Src/usbd_conf.o
                0x08005f04                USBD_LL_Transmit
 .text.USBD_LL_PrepareReceive
                0x08005f24       0x20 Src/usbd_conf.o
                0x08005f24                USBD_LL_PrepareReceive
 .text.USBD_FS_DeviceDescriptor
                0x08005f44        0xc Src/usbd_desc.o
                0x08005f44                USBD_FS_DeviceDescriptor
 .text.USBD_FS_LangIDStrDescriptor
                0x08005f50        0xc Src/usbd_desc.o
                0x08005f50                USBD_FS_LangIDStrDescriptor
 .text.USBD_FS_ProductStrDescriptor
                0x08005f5c       0x24 Src/usbd_desc.o
                0x08005f5c                USBD_FS_ProductStrDescriptor
 .text.USBD_FS_ManufacturerStrDescriptor
                0x08005f80       0x1c Src/usbd_desc.o
                0x08005f80                USBD_FS_ManufacturerStrDescriptor
 .text.USBD_FS_SerialStrDescriptor
                0x08005f9c       0x24 Src/usbd_desc.o
                0x08005f9c                USBD_FS_SerialStrDescriptor
 .text.USBD_FS_ConfigStrDescriptor
                0x08005fc0       0x24 Src/usbd_desc.o
                0x08005fc0                USBD_FS_ConfigStrDescriptor
 .text.USBD_FS_InterfaceStrDescriptor
                0x08005fe4       0x24 Src/usbd_desc.o
                0x08005fe4                USBD_FS_InterfaceStrDescriptor
 .text.Wheel    0x08006008       0x48 Src/visEffect.o
                0x08006008                Wheel
 .text.visRainbow
                0x08006050       0x54 Src/visEffect.o
                0x08006050                visRainbow
 .text.visDots  0x080060a4       0x88 Src/visEffect.o
                0x080060a4                visDots
 .text.visHandle2
                0x0800612c       0x3c Src/visEffect.o
                0x0800612c                visHandle2
 .text.visInit  0x08006168       0x4c Src/visEffect.o
                0x08006168                visInit
 .text.visHandle
                0x080061b4       0x1c Src/visEffect.o
                0x080061b4                visHandle
 .text.DMA_TransferError
                0x080061d0       0x10 Src/ws2812b.o
                0x080061d0                DMA_TransferError
 .text.ws2812b_set_pixel
                0x080061e0       0xc0 Src/ws2812b.o
 .text.loadNextFramebufferData
                0x080062a0       0x34 Src/ws2812b.o
 .text.DMA_TransferCompleteHandler
                0x080062d4       0xe8 Src/ws2812b.o
                0x080062d4                DMA_TransferCompleteHandler
 .text.WS2812_sendbuf
                0x080063bc      0x174 Src/ws2812b.o
 .text.DMA_TransferHalfHandler
                0x08006530       0x44 Src/ws2812b.o
                0x08006530                DMA_TransferHalfHandler
 .text.ws2812b_gpio_init
                0x08006574       0x78 Src/ws2812b.o
 .text.DMA2_init
                0x080065ec      0x15c Src/ws2812b.o
 .text.TIM1_init
                0x08006748      0x110 Src/ws2812b.o
 .text.DMA2_Stream2_IRQHandler
                0x08006858       0x20 Src/ws2812b.o
                0x08006858                DMA2_Stream2_IRQHandler
 .text.TIM1_UP_TIM10_IRQHandler
                0x08006878       0x20 Src/ws2812b.o
                0x08006878                TIM1_UP_TIM10_IRQHandler
 .text.HAL_TIM_PeriodElapsedCallback
                0x08006898       0x3c Src/ws2812b.o
                0x08006898                HAL_TIM_PeriodElapsedCallback
 .text.ws2812b_init
                0x080068d4       0x1c Src/ws2812b.o
                0x080068d4                ws2812b_init
 .text.ws2812b_handle
                0x080068f0       0x18 Src/ws2812b.o
                0x080068f0                ws2812b_handle
 .text.Reset_Handler
                0x08006908       0x50 startup/startup_stm32f429xx.o
                0x08006908                Reset_Handler
 .text.Default_Handler
                0x08006958        0x2 startup/startup_stm32f429xx.o
                0x08006958                RTC_Alarm_IRQHandler
                0x08006958                HASH_RNG_IRQHandler
                0x08006958                EXTI2_IRQHandler
                0x08006958                TIM8_CC_IRQHandler
                0x08006958                DebugMon_Handler
                0x08006958                UART8_IRQHandler
                0x08006958                SPI4_IRQHandler
                0x08006958                TIM1_CC_IRQHandler
                0x08006958                DMA2_Stream5_IRQHandler
                0x08006958                HardFault_Handler
                0x08006958                DMA1_Stream5_IRQHandler
                0x08006958                PVD_IRQHandler
                0x08006958                SDIO_IRQHandler
                0x08006958                TAMP_STAMP_IRQHandler
                0x08006958                NMI_Handler
                0x08006958                CAN2_RX1_IRQHandler
                0x08006958                EXTI3_IRQHandler
                0x08006958                TIM8_TRG_COM_TIM14_IRQHandler
                0x08006958                TIM8_UP_TIM13_IRQHandler
                0x08006958                I2C3_ER_IRQHandler
                0x08006958                EXTI0_IRQHandler
                0x08006958                I2C2_EV_IRQHandler
                0x08006958                DMA1_Stream2_IRQHandler
                0x08006958                CAN1_RX0_IRQHandler
                0x08006958                FPU_IRQHandler
                0x08006958                OTG_HS_WKUP_IRQHandler
                0x08006958                UsageFault_Handler
                0x08006958                LTDC_ER_IRQHandler
                0x08006958                CAN2_SCE_IRQHandler
                0x08006958                SPI1_IRQHandler
                0x08006958                TIM6_DAC_IRQHandler
                0x08006958                TIM1_BRK_TIM9_IRQHandler
                0x08006958                DCMI_IRQHandler
                0x08006958                CAN2_RX0_IRQHandler
                0x08006958                DMA2_Stream3_IRQHandler
                0x08006958                USART6_IRQHandler
                0x08006958                USART3_IRQHandler
                0x08006958                CAN1_RX1_IRQHandler
                0x08006958                UART5_IRQHandler
                0x08006958                DMA2_Stream0_IRQHandler
                0x08006958                TIM4_IRQHandler
                0x08006958                I2C1_EV_IRQHandler
                0x08006958                DMA1_Stream6_IRQHandler
                0x08006958                DMA1_Stream1_IRQHandler
                0x08006958                UART4_IRQHandler
                0x08006958                TIM3_IRQHandler
                0x08006958                RCC_IRQHandler
                0x08006958                TIM8_BRK_TIM12_IRQHandler
                0x08006958                Default_Handler
                0x08006958                EXTI15_10_IRQHandler
                0x08006958                ADC_IRQHandler
                0x08006958                DMA1_Stream7_IRQHandler
                0x08006958                SPI5_IRQHandler
                0x08006958                TIM7_IRQHandler
                0x08006958                CAN2_TX_IRQHandler
                0x08006958                TIM5_IRQHandler
                0x08006958                DMA2_Stream7_IRQHandler
                0x08006958                I2C3_EV_IRQHandler
                0x08006958                EXTI9_5_IRQHandler
                0x08006958                RTC_WKUP_IRQHandler
                0x08006958                LTDC_IRQHandler
                0x08006958                ETH_WKUP_IRQHandler
                0x08006958                SPI2_IRQHandler
                0x08006958                OTG_HS_EP1_IN_IRQHandler
                0x08006958                MemManage_Handler
                0x08006958                DMA1_Stream0_IRQHandler
                0x08006958                CAN1_TX_IRQHandler
                0x08006958                EXTI4_IRQHandler
                0x08006958                ETH_IRQHandler
                0x08006958                OTG_HS_EP1_OUT_IRQHandler
                0x08006958                WWDG_IRQHandler
                0x08006958                SPI6_IRQHandler
                0x08006958                TIM2_IRQHandler
                0x08006958                OTG_FS_WKUP_IRQHandler
                0x08006958                TIM1_TRG_COM_TIM11_IRQHandler
                0x08006958                OTG_HS_IRQHandler
                0x08006958                DMA2D_IRQHandler
                0x08006958                EXTI1_IRQHandler
                0x08006958                UART7_IRQHandler
                0x08006958                USART2_IRQHandler
                0x08006958                I2C2_ER_IRQHandler
                0x08006958                DMA2_Stream1_IRQHandler
                0x08006958                CAN1_SCE_IRQHandler
                0x08006958                FLASH_IRQHandler
                0x08006958                DMA2_Stream4_IRQHandler
                0x08006958                BusFault_Handler
                0x08006958                USART1_IRQHandler
                0x08006958                SPI3_IRQHandler
                0x08006958                DMA1_Stream4_IRQHandler
                0x08006958                I2C1_ER_IRQHandler
                0x08006958                FMC_IRQHandler
                0x08006958                DMA2_Stream6_IRQHandler
                0x08006958                SAI1_IRQHandler
                0x08006958                DMA1_Stream3_IRQHandler
 *fill*         0x0800695a        0x2 
 .text.__libc_init_array
                0x0800695c       0x4c /home/alxhoff/Programs/SystemWorkbenchSTM/plugins/fr.ac6.mcu.externaltools.arm-none.linux64_1.13.1.201707031232/tools/compiler/bin/../lib/gcc/arm-none-eabi/5.4.1/../../../../arm-none-eabi/lib/armv7e-m/fpu/libc_nano.a(lib_a-init.o)
                0x0800695c                __libc_init_array
 .text.malloc   0x080069a8       0x10 /home/alxhoff/Programs/SystemWorkbenchSTM/plugins/fr.ac6.mcu.externaltools.arm-none.linux64_1.13.1.201707031232/tools/compiler/bin/../lib/gcc/arm-none-eabi/5.4.1/../../../../arm-none-eabi/lib/armv7e-m/fpu/libc_nano.a(lib_a-malloc.o)
                0x080069a8                malloc
 .text.free     0x080069b8       0x10 /home/alxhoff/Programs/SystemWorkbenchSTM/plugins/fr.ac6.mcu.externaltools.arm-none.linux64_1.13.1.201707031232/tools/compiler/bin/../lib/gcc/arm-none-eabi/5.4.1/../../../../arm-none-eabi/lib/armv7e-m/fpu/libc_nano.a(lib_a-malloc.o)
                0x080069b8                free
 .text._free_r  0x080069c8       0x9c /home/alxhoff/Programs/SystemWorkbenchSTM/plugins/fr.ac6.mcu.externaltools.arm-none.linux64_1.13.1.201707031232/tools/compiler/bin/../lib/gcc/arm-none-eabi/5.4.1/../../../../arm-none-eabi/lib/armv7e-m/fpu/libc_nano.a(lib_a-nano-freer.o)
                0x080069c8                _free_r
 .text._malloc_r
                0x08006a64       0xbc /home/alxhoff/Programs/SystemWorkbenchSTM/plugins/fr.ac6.mcu.externaltools.arm-none.linux64_1.13.1.201707031232/tools/compiler/bin/../lib/gcc/arm-none-eabi/5.4.1/../../../../arm-none-eabi/lib/armv7e-m/fpu/libc_nano.a(lib_a-nano-mallocr.o)
                0x08006a64                _malloc_r
 .text.rand     0x08006b20       0x74 /home/alxhoff/Programs/SystemWorkbenchSTM/plugins/fr.ac6.mcu.externaltools.arm-none.linux64_1.13.1.201707031232/tools/compiler/bin/../lib/gcc/arm-none-eabi/5.4.1/../../../../arm-none-eabi/lib/armv7e-m/fpu/libc_nano.a(lib_a-rand.o)
                0x08006b20                rand
 .text._sbrk_r  0x08006b94       0x20 /home/alxhoff/Programs/SystemWorkbenchSTM/plugins/fr.ac6.mcu.externaltools.arm-none.linux64_1.13.1.201707031232/tools/compiler/bin/../lib/gcc/arm-none-eabi/5.4.1/../../../../arm-none-eabi/lib/armv7e-m/fpu/libc_nano.a(lib_a-sbrkr.o)
                0x08006b94                _sbrk_r
 .text.__malloc_lock
                0x08006bb4        0x2 /home/alxhoff/Programs/SystemWorkbenchSTM/plugins/fr.ac6.mcu.externaltools.arm-none.linux64_1.13.1.201707031232/tools/compiler/bin/../lib/gcc/arm-none-eabi/5.4.1/../../../../arm-none-eabi/lib/armv7e-m/fpu/libc_nano.a(lib_a-mlock.o)
                0x08006bb4                __malloc_lock
 .text.__malloc_unlock
                0x08006bb6        0x2 /home/alxhoff/Programs/SystemWorkbenchSTM/plugins/fr.ac6.mcu.externaltools.arm-none.linux64_1.13.1.201707031232/tools/compiler/bin/../lib/gcc/arm-none-eabi/5.4.1/../../../../arm-none-eabi/lib/armv7e-m/fpu/libc_nano.a(lib_a-mlock.o)
                0x08006bb6                __malloc_unlock
 .text._sbrk    0x08006bb8       0x1c /home/alxhoff/Programs/SystemWorkbenchSTM/plugins/fr.ac6.mcu.externaltools.arm-none.linux64_1.13.1.201707031232/tools/compiler/bin/../lib/gcc/arm-none-eabi/5.4.1/../../../../arm-none-eabi/lib/armv7e-m/fpu/libnosys.a(sbrk.o)
                0x08006bb8                _sbrk
 *(.glue_7)
 .glue_7        0x08006bd4        0x0 linker stubs
 *(.glue_7t)
 .glue_7t       0x08006bd4        0x0 linker stubs
 *(.eh_frame)
 .eh_frame      0x08006bd4        0x0 /home/alxhoff/Programs/SystemWorkbenchSTM/plugins/fr.ac6.mcu.externaltools.arm-none.linux64_1.13.1.201707031232/tools/compiler/bin/../lib/gcc/arm-none-eabi/5.4.1/armv7e-m/fpu/crtbegin.o
 *(.init)
 .init          0x08006bd4        0x4 /home/alxhoff/Programs/SystemWorkbenchSTM/plugins/fr.ac6.mcu.externaltools.arm-none.linux64_1.13.1.201707031232/tools/compiler/bin/../lib/gcc/arm-none-eabi/5.4.1/armv7e-m/fpu/crti.o
                0x08006bd4                _init
 .init          0x08006bd8        0x8 /home/alxhoff/Programs/SystemWorkbenchSTM/plugins/fr.ac6.mcu.externaltools.arm-none.linux64_1.13.1.201707031232/tools/compiler/bin/../lib/gcc/arm-none-eabi/5.4.1/armv7e-m/fpu/crtn.o
 *(.fini)
 .fini          0x08006be0        0x4 /home/alxhoff/Programs/SystemWorkbenchSTM/plugins/fr.ac6.mcu.externaltools.arm-none.linux64_1.13.1.201707031232/tools/compiler/bin/../lib/gcc/arm-none-eabi/5.4.1/armv7e-m/fpu/crti.o
                0x08006be0                _fini
 .fini          0x08006be4        0x8 /home/alxhoff/Programs/SystemWorkbenchSTM/plugins/fr.ac6.mcu.externaltools.arm-none.linux64_1.13.1.201707031232/tools/compiler/bin/../lib/gcc/arm-none-eabi/5.4.1/armv7e-m/fpu/crtn.o
                0x08006bec                . = ALIGN (0x4)
                0x08006bec                _etext = .

.vfp11_veneer   0x08006bec        0x0
 .vfp11_veneer  0x08006bec        0x0 linker stubs

.v4_bx          0x08006bec        0x0
 .v4_bx         0x08006bec        0x0 linker stubs

.iplt           0x08006bec        0x0
 .iplt          0x08006bec        0x0 /home/alxhoff/Programs/SystemWorkbenchSTM/plugins/fr.ac6.mcu.externaltools.arm-none.linux64_1.13.1.201707031232/tools/compiler/bin/../lib/gcc/arm-none-eabi/5.4.1/armv7e-m/fpu/crtbegin.o

.rodata         0x08006bec      0x1f4
                0x08006bec                . = ALIGN (0x4)
 *(.rodata)
 .rodata        0x08006bec        0x8 Drivers/STM32F4xx_HAL_Driver/Src/stm32f4xx_hal_dma.o
 .rodata        0x08006bf4        0xc Src/keymap.o
                0x08006bf4                keymap
 .rodata        0x08006c00       0x28 Src/main.o
 .rodata        0x08006c28       0x18 Src/system_stm32f4xx.o
                0x08006c28                AHBPrescTable
                0x08006c38                APBPrescTable
 .rodata        0x08006c40      0x100 Src/ws2812b.o
                0x08006c40                gammaTable
 *(.rodata*)
 .rodata.str1.4
                0x08006d40        0x5 Middlewares/Third_Party/FreeRTOS/Source/tasks.o
 *fill*         0x08006d45        0x3 
 .rodata.str1.4
                0x08006d48       0x2c Src/main.o
 .rodata.str1.4
                0x08006d74       0x13 Src/usbd_conf.o
 *fill*         0x08006d87        0x1 
 .rodata.str1.4
                0x08006d88       0x58 Src/usbd_desc.o
                                 0x56 (size before relaxing)
                0x08006de0                . = ALIGN (0x4)

.rel.dyn        0x08006de0        0x0
 .rel.iplt      0x08006de0        0x0 /home/alxhoff/Programs/SystemWorkbenchSTM/plugins/fr.ac6.mcu.externaltools.arm-none.linux64_1.13.1.201707031232/tools/compiler/bin/../lib/gcc/arm-none-eabi/5.4.1/armv7e-m/fpu/crtbegin.o

.ARM.extab
 *(.ARM.extab* .gnu.linkonce.armextab.*)

.ARM            0x08006de0        0x0
                0x08006de0                __exidx_start = .
 *(.ARM.exidx*)
                0x08006de0                __exidx_end = .

.preinit_array  0x08006de0        0x0
                0x08006de0                PROVIDE (__preinit_array_start, .)
 *(.preinit_array*)
                0x08006de0                PROVIDE (__preinit_array_end, .)

.init_array     0x08006de0        0x4
                0x08006de0                PROVIDE (__init_array_start, .)
 *(SORT(.init_array.*))
 *(.init_array*)
 .init_array    0x08006de0        0x4 /home/alxhoff/Programs/SystemWorkbenchSTM/plugins/fr.ac6.mcu.externaltools.arm-none.linux64_1.13.1.201707031232/tools/compiler/bin/../lib/gcc/arm-none-eabi/5.4.1/armv7e-m/fpu/crtbegin.o
                0x08006de4                PROVIDE (__init_array_end, .)

.fini_array     0x08006de4        0x4
                [!provide]                PROVIDE (__fini_array_start, .)
 *(SORT(.fini_array.*))
 *(.fini_array*)
 .fini_array    0x08006de4        0x4 /home/alxhoff/Programs/SystemWorkbenchSTM/plugins/fr.ac6.mcu.externaltools.arm-none.linux64_1.13.1.201707031232/tools/compiler/bin/../lib/gcc/arm-none-eabi/5.4.1/armv7e-m/fpu/crtbegin.o
                [!provide]                PROVIDE (__fini_array_end, .)
                0x08006de8                _sidata = LOADADDR (.data)

.data           0x20000000      0x194 load address 0x08006de8
                0x20000000                . = ALIGN (0x4)
                0x20000000                _sdata = .
 *(.data)
 .data          0x20000000       0xc0 Middlewares/ST/STM32_USB_Device_Library/Class/HID/Src/usbd_hid.o
                0x20000088                USBD_HID
 .data          0x200000c0        0x4 Middlewares/Third_Party/FreeRTOS/Source/portable/GCC/ARM_CM4F/port.o
 .data          0x200000c4       0x2c Src/keyboard.o
                0x200000c4                col_pins
                0x200000cc                col_ports
                0x200000dc                row_pins
                0x200000e4                row_ports
 .data          0x200000f0        0x4 Src/system_stm32f4xx.o
                0x200000f0                SystemCoreClock
 .data          0x200000f4       0x34 Src/usbd_desc.o
                0x200000f4                USBD_FS_DeviceDesc
                0x20000108                USBD_LangIDDesc
                0x2000010c                FS_Desc
 .data          0x20000128        0x8 Src/ws2812b.o
                0x20000128                WS2812_IO_Low
                0x2000012c                WS2812_IO_High
 *(.data*)
 .data.impure_data
                0x20000130       0x60 /home/alxhoff/Programs/SystemWorkbenchSTM/plugins/fr.ac6.mcu.externaltools.arm-none.linux64_1.13.1.201707031232/tools/compiler/bin/../lib/gcc/arm-none-eabi/5.4.1/../../../../arm-none-eabi/lib/armv7e-m/fpu/libc_nano.a(lib_a-impure.o)
 .data._impure_ptr
                0x20000190        0x4 /home/alxhoff/Programs/SystemWorkbenchSTM/plugins/fr.ac6.mcu.externaltools.arm-none.linux64_1.13.1.201707031232/tools/compiler/bin/../lib/gcc/arm-none-eabi/5.4.1/../../../../arm-none-eabi/lib/armv7e-m/fpu/libc_nano.a(lib_a-impure.o)
                0x20000190                _impure_ptr
                0x20000194                . = ALIGN (0x4)
                0x20000194                _edata = .
                0x08006f7c                _siccmram = LOADADDR (.ccmram)

.jcr            0x20000194        0x0 load address 0x08006f7c
 .jcr           0x20000194        0x0 /home/alxhoff/Programs/SystemWorkbenchSTM/plugins/fr.ac6.mcu.externaltools.arm-none.linux64_1.13.1.201707031232/tools/compiler/bin/../lib/gcc/arm-none-eabi/5.4.1/armv7e-m/fpu/crtbegin.o

.igot.plt       0x20000194        0x0 load address 0x08006f7c
 .igot.plt      0x20000194        0x0 /home/alxhoff/Programs/SystemWorkbenchSTM/plugins/fr.ac6.mcu.externaltools.arm-none.linux64_1.13.1.201707031232/tools/compiler/bin/../lib/gcc/arm-none-eabi/5.4.1/armv7e-m/fpu/crtbegin.o

.ccmram         0x10000000        0x0 load address 0x08006f7c
                0x10000000                . = ALIGN (0x4)
                0x10000000                _sccmram = .
 *(.ccmram)
 *(.ccmram*)
                0x10000000                . = ALIGN (0x4)
                0x10000000                _eccmram = .
                0x10000000                . = ALIGN (0x4)

.bss            0x20000194     0x4a3c
                0x20000194                _sbss = .
                0x20000194                __bss_start__ = _sbss
 *(.bss)
 .bss           0x20000194       0x1c /home/alxhoff/Programs/SystemWorkbenchSTM/plugins/fr.ac6.mcu.externaltools.arm-none.linux64_1.13.1.201707031232/tools/compiler/bin/../lib/gcc/arm-none-eabi/5.4.1/armv7e-m/fpu/crtbegin.o
 .bss           0x200001b0        0x1 Middlewares/ST/STM32_USB_Device_Library/Core/Src/usbd_ctlreq.o
 *fill*         0x200001b1        0x3 
 .bss           0x200001b4      0x12c Middlewares/Third_Party/FreeRTOS/Source/tasks.o
                0x200002b4                pxCurrentTCB
 .bss           0x200002e0        0x8 Middlewares/Third_Party/FreeRTOS/Source/portable/GCC/ARM_CM4F/port.o
 .bss           0x200002e8     0x3c18 Middlewares/Third_Party/FreeRTOS/Source/portable/MemMang/heap_4.o
 .bss           0x20003f00       0x4c Src/keyboard.o
                0x20003f00                keyboard_HID_report
                0x20003f10                keypress_buffer
 .bss           0x20003f4c        0x1 Src/main.o
 *fill*         0x20003f4d        0x3 
 .bss           0x20003f50        0x8 Src/visEffect.o
 *(.bss*)
 .bss.__malloc_sbrk_start
                0x20003f58        0x4 /home/alxhoff/Programs/SystemWorkbenchSTM/plugins/fr.ac6.mcu.externaltools.arm-none.linux64_1.13.1.201707031232/tools/compiler/bin/../lib/gcc/arm-none-eabi/5.4.1/../../../../arm-none-eabi/lib/armv7e-m/fpu/libc_nano.a(lib_a-nano-mallocr.o)
                0x20003f58                __malloc_sbrk_start
 .bss.__malloc_free_list
                0x20003f5c        0x4 /home/alxhoff/Programs/SystemWorkbenchSTM/plugins/fr.ac6.mcu.externaltools.arm-none.linux64_1.13.1.201707031232/tools/compiler/bin/../lib/gcc/arm-none-eabi/5.4.1/../../../../arm-none-eabi/lib/armv7e-m/fpu/libc_nano.a(lib_a-nano-mallocr.o)
                0x20003f5c                __malloc_free_list
 .bss.heap_end.4169
                0x20003f60        0x4 /home/alxhoff/Programs/SystemWorkbenchSTM/plugins/fr.ac6.mcu.externaltools.arm-none.linux64_1.13.1.201707031232/tools/compiler/bin/../lib/gcc/arm-none-eabi/5.4.1/../../../../arm-none-eabi/lib/armv7e-m/fpu/libnosys.a(sbrk.o)
 *(COMMON)
 COMMON         0x20003f64        0x4 Drivers/STM32F4xx_HAL_Driver/Src/stm32f4xx_hal.o
                0x20003f64                uwTick
 COMMON         0x20003f68       0x24 Src/AT24Cxx_stm32_hal.o
                0x20003f68                AT24Cxx_active_devices
 COMMON         0x20003f8c        0x1 Src/keyboard.o
                0x20003f8c                keypress_buffer_index
 *fill*         0x20003f8d        0x3 
 COMMON         0x20003f90       0xf4 Src/main.o
                0x20003f90                keyboardHID2
                0x20003fa0                KeyboardListenHandle
                0x20003fa4                defaultTaskHandle
                0x20003fa8                huart3
                0x20003fe8                hi2c2
                0x2000403c                heth
 COMMON         0x20004084       0x28 Src/process.o
                0x20004084                approved_keys
                0x20004098                keys_to_send
 COMMON         0x200040ac      0x224 Src/usb_device.o
                0x200040ac                hUsbDeviceFS
 COMMON         0x200042d0      0x3f0 Src/usbd_conf.o
                0x200042d0                hpcd_USB_OTG_FS
 COMMON         0x200046c0      0x200 Src/usbd_desc.o
                0x200046c0                USBD_StrDesc
 COMMON         0x200048c0      0x10c Src/visEffect.o
                0x200048c0                frameBuffer2
                0x200048fc                ws2812b
                0x20004918                frameBuffer
 COMMON         0x200049cc      0x200 Src/ws2812b.o
                0x200049cc                tim2OC2
                0x200049e8                timer_reset_pulse_period
                0x200049ec                dmaCC2
                0x20004a4c                tim2OC1
                0x20004a68                TIM1_handle
                0x20004aa4                tim_period
                0x20004aa8                dmaCC1
                0x20004b08                dummy
                0x20004b0c                ws2812bDmaBitBuffer
                0x20004b6c                dmaUpdate
 COMMON         0x20004bcc        0x4 /home/alxhoff/Programs/SystemWorkbenchSTM/plugins/fr.ac6.mcu.externaltools.arm-none.linux64_1.13.1.201707031232/tools/compiler/bin/../lib/gcc/arm-none-eabi/5.4.1/../../../../arm-none-eabi/lib/armv7e-m/fpu/libc_nano.a(lib_a-reent.o)
                0x20004bcc                errno
                0x20004bd0                . = ALIGN (0x4)
                0x20004bd0                _ebss = .
                0x20004bd0                __bss_end__ = _ebss

._user_heap_stack
                0x20004bd0      0x600
                0x20004bd0                . = ALIGN (0x8)
                0x20004bd0                PROVIDE (end, .)
                [!provide]                PROVIDE (_end, .)
                0x20004dd0                . = (. + _Min_Heap_Size)
 *fill*         0x20004bd0      0x200 
                0x200051d0                . = (. + _Min_Stack_Size)
 *fill*         0x20004dd0      0x400 
                0x200051d0                . = ALIGN (0x8)

/DISCARD/
 libc.a(*)
 libm.a(*)
 libgcc.a(*)

.ARM.attributes
                0x00000000       0x30
 *(.ARM.attributes)
 .ARM.attributes
                0x00000000       0x22 /home/alxhoff/Programs/SystemWorkbenchSTM/plugins/fr.ac6.mcu.externaltools.arm-none.linux64_1.13.1.201707031232/tools/compiler/bin/../lib/gcc/arm-none-eabi/5.4.1/armv7e-m/fpu/crti.o
 .ARM.attributes
                0x00000022       0x34 /home/alxhoff/Programs/SystemWorkbenchSTM/plugins/fr.ac6.mcu.externaltools.arm-none.linux64_1.13.1.201707031232/tools/compiler/bin/../lib/gcc/arm-none-eabi/5.4.1/armv7e-m/fpu/crtbegin.o
 .ARM.attributes
                0x00000056       0x39 Drivers/STM32F4xx_HAL_Driver/Src/stm32f4xx_hal.o
 .ARM.attributes
                0x0000008f       0x39 Drivers/STM32F4xx_HAL_Driver/Src/stm32f4xx_hal_cortex.o
 .ARM.attributes
                0x000000c8       0x39 Drivers/STM32F4xx_HAL_Driver/Src/stm32f4xx_hal_dma.o
 .ARM.attributes
                0x00000101       0x39 Drivers/STM32F4xx_HAL_Driver/Src/stm32f4xx_hal_eth.o
 .ARM.attributes
                0x0000013a       0x39 Drivers/STM32F4xx_HAL_Driver/Src/stm32f4xx_hal_gpio.o
 .ARM.attributes
                0x00000173       0x39 Drivers/STM32F4xx_HAL_Driver/Src/stm32f4xx_hal_i2c.o
 .ARM.attributes
                0x000001ac       0x39 Drivers/STM32F4xx_HAL_Driver/Src/stm32f4xx_hal_pcd.o
 .ARM.attributes
                0x000001e5       0x39 Drivers/STM32F4xx_HAL_Driver/Src/stm32f4xx_hal_pcd_ex.o
 .ARM.attributes
                0x0000021e       0x39 Drivers/STM32F4xx_HAL_Driver/Src/stm32f4xx_hal_rcc.o
 .ARM.attributes
                0x00000257       0x39 Drivers/STM32F4xx_HAL_Driver/Src/stm32f4xx_hal_tim.o
 .ARM.attributes
                0x00000290       0x39 Drivers/STM32F4xx_HAL_Driver/Src/stm32f4xx_hal_tim_ex.o
 .ARM.attributes
                0x000002c9       0x39 Drivers/STM32F4xx_HAL_Driver/Src/stm32f4xx_hal_uart.o
 .ARM.attributes
                0x00000302       0x39 Drivers/STM32F4xx_HAL_Driver/Src/stm32f4xx_ll_usb.o
 .ARM.attributes
                0x0000033b       0x39 Middlewares/ST/STM32_USB_Device_Library/Class/HID/Src/usbd_hid.o
 .ARM.attributes
                0x00000374       0x39 Middlewares/ST/STM32_USB_Device_Library/Core/Src/usbd_core.o
 .ARM.attributes
                0x000003ad       0x39 Middlewares/ST/STM32_USB_Device_Library/Core/Src/usbd_ctlreq.o
 .ARM.attributes
                0x000003e6       0x39 Middlewares/ST/STM32_USB_Device_Library/Core/Src/usbd_ioreq.o
 .ARM.attributes
                0x0000041f       0x39 Middlewares/Third_Party/FreeRTOS/Source/CMSIS_RTOS/cmsis_os.o
 .ARM.attributes
                0x00000458       0x39 Middlewares/Third_Party/FreeRTOS/Source/list.o
 .ARM.attributes
                0x00000491       0x39 Middlewares/Third_Party/FreeRTOS/Source/tasks.o
 .ARM.attributes
                0x000004ca       0x39 Middlewares/Third_Party/FreeRTOS/Source/portable/GCC/ARM_CM4F/port.o
 .ARM.attributes
                0x00000503       0x39 Middlewares/Third_Party/FreeRTOS/Source/portable/MemMang/heap_4.o
 .ARM.attributes
                0x0000053c       0x39 Src/AT24Cxx_stm32_hal.o
 .ARM.attributes
                0x00000575       0x39 Src/keyboard.o
 .ARM.attributes
                0x000005ae       0x39 Src/keymap.o
 .ARM.attributes
                0x000005e7       0x39 Src/main.o
 .ARM.attributes
                0x00000620       0x39 Src/process.o
 .ARM.attributes
                0x00000659       0x39 Src/scan.o
 .ARM.attributes
                0x00000692       0x39 Src/stm32f4xx_hal_msp.o
 .ARM.attributes
                0x000006cb       0x39 Src/stm32f4xx_it.o
 .ARM.attributes
                0x00000704       0x39 Src/system_stm32f4xx.o
 .ARM.attributes
                0x0000073d       0x39 Src/usb_device.o
 .ARM.attributes
                0x00000776       0x39 Src/usbd_conf.o
 .ARM.attributes
                0x000007af       0x39 Src/usbd_desc.o
 .ARM.attributes
                0x000007e8       0x39 Src/visEffect.o
 .ARM.attributes
                0x00000821       0x39 Src/ws2812b.o
 .ARM.attributes
                0x0000085a       0x21 startup/startup_stm32f429xx.o
 .ARM.attributes
                0x0000087b       0x34 /home/alxhoff/Programs/SystemWorkbenchSTM/plugins/fr.ac6.mcu.externaltools.arm-none.linux64_1.13.1.201707031232/tools/compiler/bin/../lib/gcc/arm-none-eabi/5.4.1/../../../../arm-none-eabi/lib/armv7e-m/fpu/libc_nano.a(lib_a-impure.o)
 .ARM.attributes
                0x000008af       0x34 /home/alxhoff/Programs/SystemWorkbenchSTM/plugins/fr.ac6.mcu.externaltools.arm-none.linux64_1.13.1.201707031232/tools/compiler/bin/../lib/gcc/arm-none-eabi/5.4.1/../../../../arm-none-eabi/lib/armv7e-m/fpu/libc_nano.a(lib_a-init.o)
 .ARM.attributes
                0x000008e3       0x34 /home/alxhoff/Programs/SystemWorkbenchSTM/plugins/fr.ac6.mcu.externaltools.arm-none.linux64_1.13.1.201707031232/tools/compiler/bin/../lib/gcc/arm-none-eabi/5.4.1/../../../../arm-none-eabi/lib/armv7e-m/fpu/libc_nano.a(lib_a-malloc.o)
 .ARM.attributes
                0x00000917       0x34 /home/alxhoff/Programs/SystemWorkbenchSTM/plugins/fr.ac6.mcu.externaltools.arm-none.linux64_1.13.1.201707031232/tools/compiler/bin/../lib/gcc/arm-none-eabi/5.4.1/../../../../arm-none-eabi/lib/armv7e-m/fpu/libc_nano.a(lib_a-nano-freer.o)
 .ARM.attributes
                0x0000094b       0x34 /home/alxhoff/Programs/SystemWorkbenchSTM/plugins/fr.ac6.mcu.externaltools.arm-none.linux64_1.13.1.201707031232/tools/compiler/bin/../lib/gcc/arm-none-eabi/5.4.1/../../../../arm-none-eabi/lib/armv7e-m/fpu/libc_nano.a(lib_a-nano-mallocr.o)
 .ARM.attributes
                0x0000097f       0x34 /home/alxhoff/Programs/SystemWorkbenchSTM/plugins/fr.ac6.mcu.externaltools.arm-none.linux64_1.13.1.201707031232/tools/compiler/bin/../lib/gcc/arm-none-eabi/5.4.1/../../../../arm-none-eabi/lib/armv7e-m/fpu/libc_nano.a(lib_a-rand.o)
 .ARM.attributes
                0x000009b3       0x34 /home/alxhoff/Programs/SystemWorkbenchSTM/plugins/fr.ac6.mcu.externaltools.arm-none.linux64_1.13.1.201707031232/tools/compiler/bin/../lib/gcc/arm-none-eabi/5.4.1/../../../../arm-none-eabi/lib/armv7e-m/fpu/libc_nano.a(lib_a-sbrkr.o)
 .ARM.attributes
                0x000009e7       0x34 /home/alxhoff/Programs/SystemWorkbenchSTM/plugins/fr.ac6.mcu.externaltools.arm-none.linux64_1.13.1.201707031232/tools/compiler/bin/../lib/gcc/arm-none-eabi/5.4.1/../../../../arm-none-eabi/lib/armv7e-m/fpu/libc_nano.a(lib_a-mlock.o)
 .ARM.attributes
                0x00000a1b       0x34 /home/alxhoff/Programs/SystemWorkbenchSTM/plugins/fr.ac6.mcu.externaltools.arm-none.linux64_1.13.1.201707031232/tools/compiler/bin/../lib/gcc/arm-none-eabi/5.4.1/../../../../arm-none-eabi/lib/armv7e-m/fpu/libc_nano.a(lib_a-reent.o)
 .ARM.attributes
                0x00000a4f       0x34 /home/alxhoff/Programs/SystemWorkbenchSTM/plugins/fr.ac6.mcu.externaltools.arm-none.linux64_1.13.1.201707031232/tools/compiler/bin/../lib/gcc/arm-none-eabi/5.4.1/../../../../arm-none-eabi/lib/armv7e-m/fpu/libnosys.a(sbrk.o)
 .ARM.attributes
                0x00000a83       0x22 /home/alxhoff/Programs/SystemWorkbenchSTM/plugins/fr.ac6.mcu.externaltools.arm-none.linux64_1.13.1.201707031232/tools/compiler/bin/../lib/gcc/arm-none-eabi/5.4.1/armv7e-m/fpu/crtn.o
OUTPUT(NuceloKeyboardController.elf elf32-littlearm)

.debug_info     0x00000000    0x2114e
 .debug_info    0x00000000      0x9f8 Drivers/STM32F4xx_HAL_Driver/Src/stm32f4xx_hal.o
 .debug_info    0x000009f8      0xf43 Drivers/STM32F4xx_HAL_Driver/Src/stm32f4xx_hal_cortex.o
 .debug_info    0x0000193b      0xa62 Drivers/STM32F4xx_HAL_Driver/Src/stm32f4xx_hal_dma.o
 .debug_info    0x0000239d     0x18f0 Drivers/STM32F4xx_HAL_Driver/Src/stm32f4xx_hal_eth.o
 .debug_info    0x00003c8d      0x744 Drivers/STM32F4xx_HAL_Driver/Src/stm32f4xx_hal_gpio.o
 .debug_info    0x000043d1     0x2e95 Drivers/STM32F4xx_HAL_Driver/Src/stm32f4xx_hal_i2c.o
 .debug_info    0x00007266     0x143e Drivers/STM32F4xx_HAL_Driver/Src/stm32f4xx_hal_pcd.o
 .debug_info    0x000086a4      0x574 Drivers/STM32F4xx_HAL_Driver/Src/stm32f4xx_hal_pcd_ex.o
 .debug_info    0x00008c18      0xcff Drivers/STM32F4xx_HAL_Driver/Src/stm32f4xx_hal_rcc.o
 .debug_info    0x00009917     0x2e14 Drivers/STM32F4xx_HAL_Driver/Src/stm32f4xx_hal_tim.o
 .debug_info    0x0000c72b     0x12a5 Drivers/STM32F4xx_HAL_Driver/Src/stm32f4xx_hal_tim_ex.o
 .debug_info    0x0000d9d0     0x16b4 Drivers/STM32F4xx_HAL_Driver/Src/stm32f4xx_hal_uart.o
 .debug_info    0x0000f084     0x16ac Drivers/STM32F4xx_HAL_Driver/Src/stm32f4xx_ll_usb.o
 .debug_info    0x00010730      0x8ff Middlewares/ST/STM32_USB_Device_Library/Class/HID/Src/usbd_hid.o
 .debug_info    0x0001102f      0xc42 Middlewares/ST/STM32_USB_Device_Library/Core/Src/usbd_core.o
 .debug_info    0x00011c71      0xdfb Middlewares/ST/STM32_USB_Device_Library/Core/Src/usbd_ctlreq.o
 .debug_info    0x00012a6c      0x765 Middlewares/ST/STM32_USB_Device_Library/Core/Src/usbd_ioreq.o
 .debug_info    0x000131d1     0x1b10 Middlewares/Third_Party/FreeRTOS/Source/CMSIS_RTOS/cmsis_os.o
 .debug_info    0x00014ce1      0x2d0 Middlewares/Third_Party/FreeRTOS/Source/list.o
 .debug_info    0x00014fb1     0x213e Middlewares/Third_Party/FreeRTOS/Source/tasks.o
 .debug_info    0x000170ef      0x560 Middlewares/Third_Party/FreeRTOS/Source/portable/GCC/ARM_CM4F/port.o
 .debug_info    0x0001764f      0x46c Middlewares/Third_Party/FreeRTOS/Source/portable/MemMang/heap_4.o
 .debug_info    0x00017abb      0x950 Src/AT24Cxx_stm32_hal.o
 .debug_info    0x0001840b      0x432 Src/keyboard.o
 .debug_info    0x0001883d       0xf1 Src/keymap.o
 .debug_info    0x0001892e     0x1e66 Src/main.o
 .debug_info    0x0001a794      0x7b1 Src/process.o
 .debug_info    0x0001af45      0x31b Src/scan.o
 .debug_info    0x0001b260     0x172e Src/stm32f4xx_hal_msp.o
 .debug_info    0x0001c98e      0x51c Src/stm32f4xx_it.o
 .debug_info    0x0001ceaa      0x51a Src/system_stm32f4xx.o
 .debug_info    0x0001d3c4      0x544 Src/usb_device.o
 .debug_info    0x0001d908     0x1a81 Src/usbd_conf.o
 .debug_info    0x0001f389      0x4cc Src/usbd_desc.o
 .debug_info    0x0001f855      0x404 Src/visEffect.o
 .debug_info    0x0001fc59     0x1458 Src/ws2812b.o
 .debug_info    0x000210b1       0x9d startup/startup_stm32f429xx.o

.debug_abbrev   0x00000000     0x490f
 .debug_abbrev  0x00000000      0x25c Drivers/STM32F4xx_HAL_Driver/Src/stm32f4xx_hal.o
 .debug_abbrev  0x0000025c      0x2fe Drivers/STM32F4xx_HAL_Driver/Src/stm32f4xx_hal_cortex.o
 .debug_abbrev  0x0000055a      0x28e Drivers/STM32F4xx_HAL_Driver/Src/stm32f4xx_hal_dma.o
 .debug_abbrev  0x000007e8      0x292 Drivers/STM32F4xx_HAL_Driver/Src/stm32f4xx_hal_eth.o
 .debug_abbrev  0x00000a7a      0x1cd Drivers/STM32F4xx_HAL_Driver/Src/stm32f4xx_hal_gpio.o
 .debug_abbrev  0x00000c47      0x237 Drivers/STM32F4xx_HAL_Driver/Src/stm32f4xx_hal_i2c.o
 .debug_abbrev  0x00000e7e      0x283 Drivers/STM32F4xx_HAL_Driver/Src/stm32f4xx_hal_pcd.o
 .debug_abbrev  0x00001101      0x172 Drivers/STM32F4xx_HAL_Driver/Src/stm32f4xx_hal_pcd_ex.o
 .debug_abbrev  0x00001273      0x2b0 Drivers/STM32F4xx_HAL_Driver/Src/stm32f4xx_hal_rcc.o
 .debug_abbrev  0x00001523      0x21b Drivers/STM32F4xx_HAL_Driver/Src/stm32f4xx_hal_tim.o
 .debug_abbrev  0x0000173e      0x21b Drivers/STM32F4xx_HAL_Driver/Src/stm32f4xx_hal_tim_ex.o
 .debug_abbrev  0x00001959      0x26f Drivers/STM32F4xx_HAL_Driver/Src/stm32f4xx_hal_uart.o
 .debug_abbrev  0x00001bc8      0x242 Drivers/STM32F4xx_HAL_Driver/Src/stm32f4xx_ll_usb.o
 .debug_abbrev  0x00001e0a      0x1e6 Middlewares/ST/STM32_USB_Device_Library/Class/HID/Src/usbd_hid.o
 .debug_abbrev  0x00001ff0      0x1ef Middlewares/ST/STM32_USB_Device_Library/Core/Src/usbd_core.o
 .debug_abbrev  0x000021df      0x26c Middlewares/ST/STM32_USB_Device_Library/Core/Src/usbd_ctlreq.o
 .debug_abbrev  0x0000244b      0x158 Middlewares/ST/STM32_USB_Device_Library/Core/Src/usbd_ioreq.o
 .debug_abbrev  0x000025a3      0x316 Middlewares/Third_Party/FreeRTOS/Source/CMSIS_RTOS/cmsis_os.o
 .debug_abbrev  0x000028b9       0xf9 Middlewares/Third_Party/FreeRTOS/Source/list.o
 .debug_abbrev  0x000029b2      0x31a Middlewares/Third_Party/FreeRTOS/Source/tasks.o
 .debug_abbrev  0x00002ccc      0x22d Middlewares/Third_Party/FreeRTOS/Source/portable/GCC/ARM_CM4F/port.o
 .debug_abbrev  0x00002ef9      0x225 Middlewares/Third_Party/FreeRTOS/Source/portable/MemMang/heap_4.o
 .debug_abbrev  0x0000311e      0x1a3 Src/AT24Cxx_stm32_hal.o
 .debug_abbrev  0x000032c1      0x178 Src/keyboard.o
 .debug_abbrev  0x00003439       0x78 Src/keymap.o
 .debug_abbrev  0x000034b1      0x2ad Src/main.o
 .debug_abbrev  0x0000375e      0x1f8 Src/process.o
 .debug_abbrev  0x00003956      0x183 Src/scan.o
 .debug_abbrev  0x00003ad9      0x1fd Src/stm32f4xx_hal_msp.o
 .debug_abbrev  0x00003cd6      0x172 Src/stm32f4xx_it.o
 .debug_abbrev  0x00003e48      0x104 Src/system_stm32f4xx.o
 .debug_abbrev  0x00003f4c      0x167 Src/usb_device.o
 .debug_abbrev  0x000040b3      0x27e Src/usbd_conf.o
 .debug_abbrev  0x00004331      0x167 Src/usbd_desc.o
 .debug_abbrev  0x00004498      0x17e Src/visEffect.o
 .debug_abbrev  0x00004616      0x2e7 Src/ws2812b.o
 .debug_abbrev  0x000048fd       0x12 startup/startup_stm32f429xx.o

.debug_loc      0x00000000    0x1209a
 .debug_loc     0x00000000       0xbd Drivers/STM32F4xx_HAL_Driver/Src/stm32f4xx_hal.o
 .debug_loc     0x000000bd      0x548 Drivers/STM32F4xx_HAL_Driver/Src/stm32f4xx_hal_cortex.o
 .debug_loc     0x00000605      0xa0b Drivers/STM32F4xx_HAL_Driver/Src/stm32f4xx_hal_dma.o
 .debug_loc     0x00001010      0xdbb Drivers/STM32F4xx_HAL_Driver/Src/stm32f4xx_hal_eth.o
 .debug_loc     0x00001dcb      0x38f Drivers/STM32F4xx_HAL_Driver/Src/stm32f4xx_hal_gpio.o
 .debug_loc     0x0000215a     0x2ed2 Drivers/STM32F4xx_HAL_Driver/Src/stm32f4xx_hal_i2c.o
 .debug_loc     0x0000502c      0xb6d Drivers/STM32F4xx_HAL_Driver/Src/stm32f4xx_hal_pcd.o
 .debug_loc     0x00005b99       0xd0 Drivers/STM32F4xx_HAL_Driver/Src/stm32f4xx_hal_pcd_ex.o
 .debug_loc     0x00005c69      0x622 Drivers/STM32F4xx_HAL_Driver/Src/stm32f4xx_hal_rcc.o
 .debug_loc     0x0000628b     0x3278 Drivers/STM32F4xx_HAL_Driver/Src/stm32f4xx_hal_tim.o
 .debug_loc     0x00009503      0xd74 Drivers/STM32F4xx_HAL_Driver/Src/stm32f4xx_hal_tim_ex.o
 .debug_loc     0x0000a277     0x137a Drivers/STM32F4xx_HAL_Driver/Src/stm32f4xx_hal_uart.o
 .debug_loc     0x0000b5f1     0x133b Drivers/STM32F4xx_HAL_Driver/Src/stm32f4xx_ll_usb.o
 .debug_loc     0x0000c92c      0x404 Middlewares/ST/STM32_USB_Device_Library/Class/HID/Src/usbd_hid.o
 .debug_loc     0x0000cd30      0x629 Middlewares/ST/STM32_USB_Device_Library/Core/Src/usbd_core.o
 .debug_loc     0x0000d359      0xb12 Middlewares/ST/STM32_USB_Device_Library/Core/Src/usbd_ctlreq.o
 .debug_loc     0x0000de6b      0x23c Middlewares/ST/STM32_USB_Device_Library/Core/Src/usbd_ioreq.o
 .debug_loc     0x0000e0a7      0xf68 Middlewares/Third_Party/FreeRTOS/Source/CMSIS_RTOS/cmsis_os.o
 .debug_loc     0x0000f00f       0x65 Middlewares/Third_Party/FreeRTOS/Source/list.o
 .debug_loc     0x0000f074     0x1222 Middlewares/Third_Party/FreeRTOS/Source/tasks.o
 .debug_loc     0x00010296       0xdc Middlewares/Third_Party/FreeRTOS/Source/portable/GCC/ARM_CM4F/port.o
 .debug_loc     0x00010372      0x282 Middlewares/Third_Party/FreeRTOS/Source/portable/MemMang/heap_4.o
 .debug_loc     0x000105f4      0x2ce Src/AT24Cxx_stm32_hal.o
 .debug_loc     0x000108c2       0x32 Src/keyboard.o
 .debug_loc     0x000108f4       0x42 Src/main.o
 .debug_loc     0x00010936       0x7b Src/process.o
 .debug_loc     0x000109b1       0x54 Src/scan.o
 .debug_loc     0x00010a05       0xe7 Src/stm32f4xx_hal_msp.o
 .debug_loc     0x00010aec      0x132 Src/system_stm32f4xx.o
 .debug_loc     0x00010c1e      0xb6a Src/usbd_conf.o
 .debug_loc     0x00011788      0x2b7 Src/usbd_desc.o
 .debug_loc     0x00011a3f      0x236 Src/visEffect.o
 .debug_loc     0x00011c75      0x425 Src/ws2812b.o

.debug_aranges  0x00000000     0x1a58
 .debug_aranges
                0x00000000       0xd8 Drivers/STM32F4xx_HAL_Driver/Src/stm32f4xx_hal.o
 .debug_aranges
                0x000000d8       0xa8 Drivers/STM32F4xx_HAL_Driver/Src/stm32f4xx_hal_cortex.o
 .debug_aranges
                0x00000180       0x90 Drivers/STM32F4xx_HAL_Driver/Src/stm32f4xx_hal_dma.o
 .debug_aranges
                0x00000210      0x118 Drivers/STM32F4xx_HAL_Driver/Src/stm32f4xx_hal_eth.o
 .debug_aranges
                0x00000328       0x58 Drivers/STM32F4xx_HAL_Driver/Src/stm32f4xx_hal_gpio.o
 .debug_aranges
                0x00000380      0x268 Drivers/STM32F4xx_HAL_Driver/Src/stm32f4xx_hal_i2c.o
 .debug_aranges
                0x000005e8      0x120 Drivers/STM32F4xx_HAL_Driver/Src/stm32f4xx_hal_pcd.o
 .debug_aranges
                0x00000708       0x28 Drivers/STM32F4xx_HAL_Driver/Src/stm32f4xx_hal_pcd_ex.o
 .debug_aranges
                0x00000730       0x88 Drivers/STM32F4xx_HAL_Driver/Src/stm32f4xx_hal_rcc.o
 .debug_aranges
                0x000007b8      0x368 Drivers/STM32F4xx_HAL_Driver/Src/stm32f4xx_hal_tim.o
 .debug_aranges
                0x00000b20      0x140 Drivers/STM32F4xx_HAL_Driver/Src/stm32f4xx_hal_tim_ex.o
 .debug_aranges
                0x00000c60      0x1d0 Drivers/STM32F4xx_HAL_Driver/Src/stm32f4xx_hal_uart.o
 .debug_aranges
                0x00000e30      0x180 Drivers/STM32F4xx_HAL_Driver/Src/stm32f4xx_ll_usb.o
 .debug_aranges
                0x00000fb0       0x58 Middlewares/ST/STM32_USB_Device_Library/Class/HID/Src/usbd_hid.o
 .debug_aranges
                0x00001008       0xb8 Middlewares/ST/STM32_USB_Device_Library/Core/Src/usbd_core.o
 .debug_aranges
                0x000010c0       0x88 Middlewares/ST/STM32_USB_Device_Library/Core/Src/usbd_ctlreq.o
 .debug_aranges
                0x00001148       0x50 Middlewares/ST/STM32_USB_Device_Library/Core/Src/usbd_ioreq.o
 .debug_aranges
                0x00001198      0x1d8 Middlewares/Third_Party/FreeRTOS/Source/CMSIS_RTOS/cmsis_os.o
 .debug_aranges
                0x00001370       0x40 Middlewares/Third_Party/FreeRTOS/Source/list.o
 .debug_aranges
                0x000013b0      0x190 Middlewares/Third_Party/FreeRTOS/Source/tasks.o
 .debug_aranges
                0x00001540       0x80 Middlewares/Third_Party/FreeRTOS/Source/portable/GCC/ARM_CM4F/port.o
 .debug_aranges
                0x000015c0       0x50 Middlewares/Third_Party/FreeRTOS/Source/portable/MemMang/heap_4.o
 .debug_aranges
                0x00001610       0x50 Src/AT24Cxx_stm32_hal.o
 .debug_aranges
                0x00001660       0x28 Src/keyboard.o
 .debug_aranges
                0x00001688       0x18 Src/keymap.o
 .debug_aranges
                0x000016a0       0x60 Src/main.o
 .debug_aranges
                0x00001700       0x38 Src/process.o
 .debug_aranges
                0x00001738       0x20 Src/scan.o
 .debug_aranges
                0x00001758       0x50 Src/stm32f4xx_hal_msp.o
 .debug_aranges
                0x000017a8       0x28 Src/stm32f4xx_it.o
 .debug_aranges
                0x000017d0       0x28 Src/system_stm32f4xx.o
 .debug_aranges
                0x000017f8       0x20 Src/usb_device.o
 .debug_aranges
                0x00001818       0xf8 Src/usbd_conf.o
 .debug_aranges
                0x00001910       0x50 Src/usbd_desc.o
 .debug_aranges
                0x00001960       0x48 Src/visEffect.o
 .debug_aranges
                0x000019a8       0x88 Src/ws2812b.o
 .debug_aranges
                0x00001a30       0x28 startup/startup_stm32f429xx.o

.debug_ranges   0x00000000     0x1870
 .debug_ranges  0x00000000       0xc8 Drivers/STM32F4xx_HAL_Driver/Src/stm32f4xx_hal.o
 .debug_ranges  0x000000c8       0x98 Drivers/STM32F4xx_HAL_Driver/Src/stm32f4xx_hal_cortex.o
 .debug_ranges  0x00000160       0x80 Drivers/STM32F4xx_HAL_Driver/Src/stm32f4xx_hal_dma.o
 .debug_ranges  0x000001e0      0x108 Drivers/STM32F4xx_HAL_Driver/Src/stm32f4xx_hal_eth.o
 .debug_ranges  0x000002e8       0x48 Drivers/STM32F4xx_HAL_Driver/Src/stm32f4xx_hal_gpio.o
 .debug_ranges  0x00000330      0x258 Drivers/STM32F4xx_HAL_Driver/Src/stm32f4xx_hal_i2c.o
 .debug_ranges  0x00000588      0x110 Drivers/STM32F4xx_HAL_Driver/Src/stm32f4xx_hal_pcd.o
 .debug_ranges  0x00000698       0x18 Drivers/STM32F4xx_HAL_Driver/Src/stm32f4xx_hal_pcd_ex.o
 .debug_ranges  0x000006b0       0x78 Drivers/STM32F4xx_HAL_Driver/Src/stm32f4xx_hal_rcc.o
 .debug_ranges  0x00000728      0x358 Drivers/STM32F4xx_HAL_Driver/Src/stm32f4xx_hal_tim.o
 .debug_ranges  0x00000a80      0x130 Drivers/STM32F4xx_HAL_Driver/Src/stm32f4xx_hal_tim_ex.o
 .debug_ranges  0x00000bb0      0x1c0 Drivers/STM32F4xx_HAL_Driver/Src/stm32f4xx_hal_uart.o
 .debug_ranges  0x00000d70      0x170 Drivers/STM32F4xx_HAL_Driver/Src/stm32f4xx_ll_usb.o
 .debug_ranges  0x00000ee0       0x48 Middlewares/ST/STM32_USB_Device_Library/Class/HID/Src/usbd_hid.o
 .debug_ranges  0x00000f28       0xa8 Middlewares/ST/STM32_USB_Device_Library/Core/Src/usbd_core.o
 .debug_ranges  0x00000fd0       0x78 Middlewares/ST/STM32_USB_Device_Library/Core/Src/usbd_ctlreq.o
 .debug_ranges  0x00001048       0x40 Middlewares/ST/STM32_USB_Device_Library/Core/Src/usbd_ioreq.o
 .debug_ranges  0x00001088      0x1c8 Middlewares/Third_Party/FreeRTOS/Source/CMSIS_RTOS/cmsis_os.o
 .debug_ranges  0x00001250       0x30 Middlewares/Third_Party/FreeRTOS/Source/list.o
 .debug_ranges  0x00001280      0x1b8 Middlewares/Third_Party/FreeRTOS/Source/tasks.o
 .debug_ranges  0x00001438       0x70 Middlewares/Third_Party/FreeRTOS/Source/portable/GCC/ARM_CM4F/port.o
 .debug_ranges  0x000014a8       0x40 Middlewares/Third_Party/FreeRTOS/Source/portable/MemMang/heap_4.o
 .debug_ranges  0x000014e8       0x40 Src/AT24Cxx_stm32_hal.o
 .debug_ranges  0x00001528       0x18 Src/keyboard.o
 .debug_ranges  0x00001540       0x50 Src/main.o
 .debug_ranges  0x00001590       0x28 Src/process.o
 .debug_ranges  0x000015b8       0x10 Src/scan.o
 .debug_ranges  0x000015c8       0x40 Src/stm32f4xx_hal_msp.o
 .debug_ranges  0x00001608       0x18 Src/stm32f4xx_it.o
 .debug_ranges  0x00001620       0x18 Src/system_stm32f4xx.o
 .debug_ranges  0x00001638       0x10 Src/usb_device.o
 .debug_ranges  0x00001648       0xe8 Src/usbd_conf.o
 .debug_ranges  0x00001730       0x40 Src/usbd_desc.o
 .debug_ranges  0x00001770       0x38 Src/visEffect.o
 .debug_ranges  0x000017a8       0xa8 Src/ws2812b.o
 .debug_ranges  0x00001850       0x20 startup/startup_stm32f429xx.o

.debug_macro    0x00000000    0x2df67
 .debug_macro   0x00000000      0x46f Drivers/STM32F4xx_HAL_Driver/Src/stm32f4xx_hal.o
 .debug_macro   0x0000046f      0x898 Drivers/STM32F4xx_HAL_Driver/Src/stm32f4xx_hal.o
 .debug_macro   0x00000d07       0x22 Drivers/STM32F4xx_HAL_Driver/Src/stm32f4xx_hal.o
 .debug_macro   0x00000d29       0x4c Drivers/STM32F4xx_HAL_Driver/Src/stm32f4xx_hal.o
 .debug_macro   0x00000d75       0x8d Drivers/STM32F4xx_HAL_Driver/Src/stm32f4xx_hal.o
 .debug_macro   0x00000e02       0x35 Drivers/STM32F4xx_HAL_Driver/Src/stm32f4xx_hal.o
 .debug_macro   0x00000e37       0x9c Drivers/STM32F4xx_HAL_Driver/Src/stm32f4xx_hal.o
 .debug_macro   0x00000ed3       0x16 Drivers/STM32F4xx_HAL_Driver/Src/stm32f4xx_hal.o
 .debug_macro   0x00000ee9       0x4a Drivers/STM32F4xx_HAL_Driver/Src/stm32f4xx_hal.o
 .debug_macro   0x00000f33       0x97 Drivers/STM32F4xx_HAL_Driver/Src/stm32f4xx_hal.o
 .debug_macro   0x00000fca      0x30d Drivers/STM32F4xx_HAL_Driver/Src/stm32f4xx_hal.o
 .debug_macro   0x000012d7       0xfd Drivers/STM32F4xx_HAL_Driver/Src/stm32f4xx_hal.o
 .debug_macro   0x000013d4       0x10 Drivers/STM32F4xx_HAL_Driver/Src/stm32f4xx_hal.o
 .debug_macro   0x000013e4       0x52 Drivers/STM32F4xx_HAL_Driver/Src/stm32f4xx_hal.o
 .debug_macro   0x00001436       0x1f Drivers/STM32F4xx_HAL_Driver/Src/stm32f4xx_hal.o
 .debug_macro   0x00001455       0x43 Drivers/STM32F4xx_HAL_Driver/Src/stm32f4xx_hal.o
 .debug_macro   0x00001498       0x20 Drivers/STM32F4xx_HAL_Driver/Src/stm32f4xx_hal.o
 .debug_macro   0x000014b8      0x187 Drivers/STM32F4xx_HAL_Driver/Src/stm32f4xx_hal.o
 .debug_macro   0x0000163f       0x10 Drivers/STM32F4xx_HAL_Driver/Src/stm32f4xx_hal.o
 .debug_macro   0x0000164f       0x5e Drivers/STM32F4xx_HAL_Driver/Src/stm32f4xx_hal.o
 .debug_macro   0x000016ad       0x1c Drivers/STM32F4xx_HAL_Driver/Src/stm32f4xx_hal.o
 .debug_macro   0x000016c9       0x52 Drivers/STM32F4xx_HAL_Driver/Src/stm32f4xx_hal.o
 .debug_macro   0x0000171b       0x40 Drivers/STM32F4xx_HAL_Driver/Src/stm32f4xx_hal.o
 .debug_macro   0x0000175b       0x10 Drivers/STM32F4xx_HAL_Driver/Src/stm32f4xx_hal.o