Archive member included to satisfy reference by file (symbol)

/usr/lib/gcc/arm-none-eabi/8.2.0/thumb/v7e-m+fp/hard/libgcc.a(_arm_addsubdf3.o)
                              Src/mouse.o (__aeabi_i2d)
/usr/lib/gcc/arm-none-eabi/8.2.0/thumb/v7e-m+fp/hard/libgcc.a(_arm_muldivdf3.o)
                              Src/mouse.o (__aeabi_dmul)
/usr/lib/gcc/arm-none-eabi/8.2.0/thumb/v7e-m+fp/hard/libgcc.a(_arm_fixdfsi.o)
                              Src/mouse.o (__aeabi_d2iz)
/usr/lib/gcc/arm-none-eabi/8.2.0/../../../../arm-none-eabi/lib/thumb/v7e-m+fp/hard/libc_nano.a(lib_a-atexit.o)
                              /usr/lib/gcc/arm-none-eabi/8.2.0/../../../../arm-none-eabi/lib/thumb/v7e-m+fp/hard/crt0.o (atexit)
/usr/lib/gcc/arm-none-eabi/8.2.0/../../../../arm-none-eabi/lib/thumb/v7e-m+fp/hard/libc_nano.a(lib_a-calloc.o)
                              Src/SN54HC595.o (calloc)
/usr/lib/gcc/arm-none-eabi/8.2.0/../../../../arm-none-eabi/lib/thumb/v7e-m+fp/hard/libc_nano.a(lib_a-exit.o)
                              /usr/lib/gcc/arm-none-eabi/8.2.0/../../../../arm-none-eabi/lib/thumb/v7e-m+fp/hard/crt0.o (exit)
/usr/lib/gcc/arm-none-eabi/8.2.0/../../../../arm-none-eabi/lib/thumb/v7e-m+fp/hard/libc_nano.a(lib_a-fini.o)
                              /usr/lib/gcc/arm-none-eabi/8.2.0/../../../../arm-none-eabi/lib/thumb/v7e-m+fp/hard/crt0.o (__libc_fini_array)
/usr/lib/gcc/arm-none-eabi/8.2.0/../../../../arm-none-eabi/lib/thumb/v7e-m+fp/hard/libc_nano.a(lib_a-impure.o)
                              /usr/lib/gcc/arm-none-eabi/8.2.0/../../../../arm-none-eabi/lib/thumb/v7e-m+fp/hard/libc_nano.a(lib_a-exit.o) (_global_impure_ptr)
/usr/lib/gcc/arm-none-eabi/8.2.0/../../../../arm-none-eabi/lib/thumb/v7e-m+fp/hard/libc_nano.a(lib_a-init.o)
                              /usr/lib/gcc/arm-none-eabi/8.2.0/../../../../arm-none-eabi/lib/thumb/v7e-m+fp/hard/crt0.o (__libc_init_array)
/usr/lib/gcc/arm-none-eabi/8.2.0/../../../../arm-none-eabi/lib/thumb/v7e-m+fp/hard/libc_nano.a(lib_a-malloc.o)
                              Middlewares/ST/STM32_USB_Device_Library/Class/HID/Src/usbd_hid.o (malloc)
/usr/lib/gcc/arm-none-eabi/8.2.0/../../../../arm-none-eabi/lib/thumb/v7e-m+fp/hard/libc_nano.a(lib_a-memcpy-stub.o)
                              Middlewares/Third_Party/FreeRTOS/Source/queue.o (memcpy)
/usr/lib/gcc/arm-none-eabi/8.2.0/../../../../arm-none-eabi/lib/thumb/v7e-m+fp/hard/libc_nano.a(lib_a-memset.o)
                              /usr/lib/gcc/arm-none-eabi/8.2.0/../../../../arm-none-eabi/lib/thumb/v7e-m+fp/hard/crt0.o (memset)
/usr/lib/gcc/arm-none-eabi/8.2.0/../../../../arm-none-eabi/lib/thumb/v7e-m+fp/hard/libc_nano.a(lib_a-nano-callocr.o)
                              /usr/lib/gcc/arm-none-eabi/8.2.0/../../../../arm-none-eabi/lib/thumb/v7e-m+fp/hard/libc_nano.a(lib_a-calloc.o) (_calloc_r)
/usr/lib/gcc/arm-none-eabi/8.2.0/../../../../arm-none-eabi/lib/thumb/v7e-m+fp/hard/libc_nano.a(lib_a-nano-freer.o)
                              /usr/lib/gcc/arm-none-eabi/8.2.0/../../../../arm-none-eabi/lib/thumb/v7e-m+fp/hard/libc_nano.a(lib_a-malloc.o) (_free_r)
/usr/lib/gcc/arm-none-eabi/8.2.0/../../../../arm-none-eabi/lib/thumb/v7e-m+fp/hard/libc_nano.a(lib_a-nano-mallocr.o)
                              /usr/lib/gcc/arm-none-eabi/8.2.0/../../../../arm-none-eabi/lib/thumb/v7e-m+fp/hard/libc_nano.a(lib_a-malloc.o) (_malloc_r)
/usr/lib/gcc/arm-none-eabi/8.2.0/../../../../arm-none-eabi/lib/thumb/v7e-m+fp/hard/libc_nano.a(lib_a-realloc.o)
                              Src/screen.o (realloc)
/usr/lib/gcc/arm-none-eabi/8.2.0/../../../../arm-none-eabi/lib/thumb/v7e-m+fp/hard/libc_nano.a(lib_a-sbrkr.o)
                              /usr/lib/gcc/arm-none-eabi/8.2.0/../../../../arm-none-eabi/lib/thumb/v7e-m+fp/hard/libc_nano.a(lib_a-nano-mallocr.o) (_sbrk_r)
/usr/lib/gcc/arm-none-eabi/8.2.0/../../../../arm-none-eabi/lib/thumb/v7e-m+fp/hard/libc_nano.a(lib_a-sprintf.o)
                              Src/screen.o (sprintf)
/usr/lib/gcc/arm-none-eabi/8.2.0/../../../../arm-none-eabi/lib/thumb/v7e-m+fp/hard/libc_nano.a(lib_a-strcpy.o)
                              Src/macro.o (strcpy)
/usr/lib/gcc/arm-none-eabi/8.2.0/../../../../arm-none-eabi/lib/thumb/v7e-m+fp/hard/libc_nano.a(lib_a-strlen.o)
                              Src/keymap.o (strlen)
/usr/lib/gcc/arm-none-eabi/8.2.0/../../../../arm-none-eabi/lib/thumb/v7e-m+fp/hard/libc_nano.a(lib_a-strncpy.o)
                              Src/screen.o (strncpy)
/usr/lib/gcc/arm-none-eabi/8.2.0/../../../../arm-none-eabi/lib/thumb/v7e-m+fp/hard/libc_nano.a(lib_a-__atexit.o)
                              /usr/lib/gcc/arm-none-eabi/8.2.0/../../../../arm-none-eabi/lib/thumb/v7e-m+fp/hard/libc_nano.a(lib_a-atexit.o) (__register_exitproc)
/usr/lib/gcc/arm-none-eabi/8.2.0/../../../../arm-none-eabi/lib/thumb/v7e-m+fp/hard/libc_nano.a(lib_a-__call_atexit.o)
                              /usr/lib/gcc/arm-none-eabi/8.2.0/../../../../arm-none-eabi/lib/thumb/v7e-m+fp/hard/libc_nano.a(lib_a-__atexit.o) (__call_exitprocs)
[...]
Memory Configuration

Name             Origin             Length             Attributes
RAM              0x0000000020000000 0x0000000000030000 xrw
CCMRAM           0x0000000010000000 0x0000000000010000 rw
FLASH            0x0000000008000000 0x0000000000200000 xr
*default*        0x0000000000000000 0xffffffffffffffff

Linker script and memory map

LOAD /usr/lib/gcc/arm-none-eabi/8.2.0/thumb/v7e-m+fp/hard/crti.o
LOAD /usr/lib/gcc/arm-none-eabi/8.2.0/thumb/v7e-m+fp/hard/crtbegin.o
LOAD /usr/lib/gcc/arm-none-eabi/8.2.0/../../../../arm-none-eabi/lib/thumb/v7e-m+fp/hard/crt0.o
LOAD Drivers/STM32F4xx_HAL_Driver/Src/stm32f4xx_hal.o
LOAD Drivers/STM32F4xx_HAL_Driver/Src/stm32f4xx_hal_adc.o
LOAD Drivers/STM32F4xx_HAL_Driver/Src/stm32f4xx_hal_adc_ex.o
LOAD Drivers/STM32F4xx_HAL_Driver/Src/stm32f4xx_hal_cortex.o
LOAD Drivers/STM32F4xx_HAL_Driver/Src/stm32f4xx_hal_dma.o
LOAD Drivers/STM32F4xx_HAL_Driver/Src/stm32f4xx_hal_dma_ex.o
LOAD Drivers/STM32F4xx_HAL_Driver/Src/stm32f4xx_hal_eth.o
LOAD Drivers/STM32F4xx_HAL_Driver/Src/stm32f4xx_hal_flash.o
LOAD Drivers/STM32F4xx_HAL_Driver/Src/stm32f4xx_hal_flash_ex.o
LOAD Drivers/STM32F4xx_HAL_Driver/Src/stm32f4xx_hal_flash_ramfunc.o
LOAD Drivers/STM32F4xx_HAL_Driver/Src/stm32f4xx_hal_gpio.o
LOAD Drivers/STM32F4xx_HAL_Driver/Src/stm32f4xx_hal_i2c.o
LOAD Drivers/STM32F4xx_HAL_Driver/Src/stm32f4xx_hal_i2c_ex.o
LOAD Drivers/STM32F4xx_HAL_Driver/Src/stm32f4xx_hal_pcd.o
LOAD Drivers/STM32F4xx_HAL_Driver/Src/stm32f4xx_hal_pcd_ex.o
LOAD Drivers/STM32F4xx_HAL_Driver/Src/stm32f4xx_hal_pwr.o
LOAD Drivers/STM32F4xx_HAL_Driver/Src/stm32f4xx_hal_pwr_ex.o
LOAD Drivers/STM32F4xx_HAL_Driver/Src/stm32f4xx_hal_rcc.o
LOAD Drivers/STM32F4xx_HAL_Driver/Src/stm32f4xx_hal_rcc_ex.o
LOAD Drivers/STM32F4xx_HAL_Driver/Src/stm32f4xx_hal_tim.o
LOAD Drivers/STM32F4xx_HAL_Driver/Src/stm32f4xx_hal_tim_ex.o
LOAD Drivers/STM32F4xx_HAL_Driver/Src/stm32f4xx_hal_uart.o
LOAD Drivers/STM32F4xx_HAL_Driver/Src/stm32f4xx_ll_usb.o
LOAD Middlewares/ST/STM32_USB_Device_Library/Class/HID/Src/usbd_hid.o
LOAD Middlewares/ST/STM32_USB_Device_Library/Core/Src/usbd_core.o
LOAD Middlewares/ST/STM32_USB_Device_Library/Core/Src/usbd_ctlreq.o
LOAD Middlewares/ST/STM32_USB_Device_Library/Core/Src/usbd_ioreq.o
LOAD Middlewares/Third_Party/FreeRTOS/Source/CMSIS_RTOS/cmsis_os.o
LOAD Middlewares/Third_Party/FreeRTOS/Source/croutine.o
LOAD Middlewares/Third_Party/FreeRTOS/Source/event_groups.o
LOAD Middlewares/Third_Party/FreeRTOS/Source/list.o
LOAD Middlewares/Third_Party/FreeRTOS/Source/queue.o
LOAD Middlewares/Third_Party/FreeRTOS/Source/tasks.o
LOAD Middlewares/Third_Party/FreeRTOS/Source/timers.o
LOAD Middlewares/Third_Party/FreeRTOS/Source/portable/GCC/ARM_CM4F/port.o
LOAD Middlewares/Third_Party/FreeRTOS/Source/portable/MemMang/heap_4.o
LOAD Src/AT24Cxx_stm32_hal.o
LOAD Src/CLI.o
LOAD Src/DS3231_stm32_hal.o
LOAD Src/SN54HC595.o
LOAD Src/fonts.o
LOAD Src/freertos.o
LOAD Src/keyboard.o
LOAD Src/keymap.o
LOAD Src/layers.o
LOAD Src/linked_list.o
LOAD Src/lookup.o
LOAD Src/macro.o
LOAD Src/main.o
LOAD Src/mouse.o
LOAD Src/scan.o
LOAD Src/screen.o
LOAD Src/ssd1306.o
LOAD Src/states.o
LOAD Src/stm32f4xx_hal_msp.o
LOAD Src/stm32f4xx_it.o
LOAD Src/system_stm32f4xx.o
LOAD Src/usb_device.o
LOAD Src/usbd_conf.o
LOAD Src/usbd_desc.o
LOAD Src/visEffect.o
LOAD Src/ws2812b.o
LOAD startup/startup_stm32f429xx.o
LOAD /usr/lib/gcc/arm-none-eabi/8.2.0/../../../../arm-none-eabi/lib/thumb/v7e-m+fp/hard/libm.a
START GROUP
LOAD /usr/lib/gcc/arm-none-eabi/8.2.0/thumb/v7e-m+fp/hard/libgcc.a
LOAD /usr/lib/gcc/arm-none-eabi/8.2.0/../../../../arm-none-eabi/lib/thumb/v7e-m+fp/hard/libc_nano.a
END GROUP
START GROUP
LOAD /usr/lib/gcc/arm-none-eabi/8.2.0/thumb/v7e-m+fp/hard/libgcc.a
LOAD /usr/lib/gcc/arm-none-eabi/8.2.0/../../../../arm-none-eabi/lib/thumb/v7e-m+fp/hard/libc_nano.a
LOAD /usr/lib/gcc/arm-none-eabi/8.2.0/../../../../arm-none-eabi/lib/thumb/v7e-m+fp/hard/libnosys.a
END GROUP
START GROUP
LOAD /usr/lib/gcc/arm-none-eabi/8.2.0/thumb/v7e-m+fp/hard/libgcc.a
LOAD /usr/lib/gcc/arm-none-eabi/8.2.0/../../../../arm-none-eabi/lib/thumb/v7e-m+fp/hard/libc_nano.a
LOAD /usr/lib/gcc/arm-none-eabi/8.2.0/../../../../arm-none-eabi/lib/thumb/v7e-m+fp/hard/libnosys.a
END GROUP
LOAD /usr/lib/gcc/arm-none-eabi/8.2.0/thumb/v7e-m+fp/hard/crtend.o
LOAD /usr/lib/gcc/arm-none-eabi/8.2.0/thumb/v7e-m+fp/hard/crtn.o
                0x0000000020030000                _estack = 0x20030000
                0x0000000000000200                _Min_Heap_Size = 0x200
                0x0000000000000400                _Min_Stack_Size = 0x400

.isr_vector     0x0000000008000000      0x1ac
                0x0000000008000000                . = ALIGN (0x4)
 *(.isr_vector)
 .isr_vector    0x0000000008000000      0x1ac startup/startup_stm32f429xx.o
                0x0000000008000000                g_pfnVectors
                0x00000000080001ac                . = ALIGN (0x4)

.text           0x00000000080001b0     0x6828
                0x00000000080001b0                . = ALIGN (0x4)
 *(.text)
 *(.text*)
 .text.__do_global_dtors_aux
                0x00000000080001b0       0x24 /usr/lib/gcc/arm-none-eabi/8.2.0/thumb/v7e-m+fp/hard/crtbegin.o
 .text.frame_dummy
                0x00000000080001d4       0x1c /usr/lib/gcc/arm-none-eabi/8.2.0/thumb/v7e-m+fp/hard/crtbegin.o
 .text.HAL_InitTick
                0x00000000080001f0       0x2c Drivers/STM32F4xx_HAL_Driver/Src/stm32f4xx_hal.o
                0x00000000080001f0                HAL_InitTick
 .text.HAL_Init
                0x000000000800021c       0x34 Drivers/STM32F4xx_HAL_Driver/Src/stm32f4xx_hal.o
                0x000000000800021c                HAL_Init
 .text.HAL_IncTick
                0x0000000008000250       0x10 Drivers/STM32F4xx_HAL_Driver/Src/stm32f4xx_hal.o
                0x0000000008000250                HAL_IncTick
 .text.HAL_GetTick
                0x0000000008000260        0xc Drivers/STM32F4xx_HAL_Driver/Src/stm32f4xx_hal.o
                0x0000000008000260                HAL_GetTick
 .text.HAL_Delay
                0x000000000800026c       0x24 Drivers/STM32F4xx_HAL_Driver/Src/stm32f4xx_hal.o
                0x000000000800026c                HAL_Delay
 .text.ADC_Init
                0x0000000008000290      0x13c Drivers/STM32F4xx_HAL_Driver/Src/stm32f4xx_hal_adc.o
 .text.HAL_ADC_Init
                0x00000000080003cc       0x54 Drivers/STM32F4xx_HAL_Driver/Src/stm32f4xx_hal_adc.o
                0x00000000080003cc                HAL_ADC_Init
 .text.HAL_ADC_ConfigChannel
                0x0000000008000420      0x194 Drivers/STM32F4xx_HAL_Driver/Src/stm32f4xx_hal_adc.o
                0x0000000008000420                HAL_ADC_ConfigChannel
 .text.HAL_NVIC_SetPriorityGrouping
                0x00000000080005b4       0x24 Drivers/STM32F4xx_HAL_Driver/Src/stm32f4xx_hal_cortex.o
                0x00000000080005b4                HAL_NVIC_SetPriorityGrouping
 .text.HAL_NVIC_SetPriority
                0x00000000080005d8       0x68 Drivers/STM32F4xx_HAL_Driver/Src/stm32f4xx_hal_cortex.o
                0x00000000080005d8                HAL_NVIC_SetPriority
 .text.HAL_NVIC_EnableIRQ
                0x0000000008000640       0x18 Drivers/STM32F4xx_HAL_Driver/Src/stm32f4xx_hal_cortex.o
                0x0000000008000640                HAL_NVIC_EnableIRQ
 .text.HAL_SYSTICK_Config
                0x0000000008000658       0x2c Drivers/STM32F4xx_HAL_Driver/Src/stm32f4xx_hal_cortex.o
                0x0000000008000658                HAL_SYSTICK_Config
 .text.HAL_SYSTICK_CLKSourceConfig
                0x0000000008000684       0x20 Drivers/STM32F4xx_HAL_Driver/Src/stm32f4xx_hal_cortex.o
                0x0000000008000684                HAL_SYSTICK_CLKSourceConfig
 .text.HAL_DMA_IRQHandler
                0x00000000080006a4      0x1e4 Drivers/STM32F4xx_HAL_Driver/Src/stm32f4xx_hal_dma.o
                0x00000000080006a4                HAL_DMA_IRQHandler
 .text.ETH_MACAddressConfig
                0x0000000008000888       0x30 Drivers/STM32F4xx_HAL_Driver/Src/stm32f4xx_hal_eth.o
 .text.ETH_MACDMAConfig
                0x00000000080008b8      0x118 Drivers/STM32F4xx_HAL_Driver/Src/stm32f4xx_hal_eth.o
 .text.HAL_ETH_ReadPHYRegister
                0x00000000080009d0       0x78 Drivers/STM32F4xx_HAL_Driver/Src/stm32f4xx_hal_eth.o
                0x00000000080009d0                HAL_ETH_ReadPHYRegister
 .text.HAL_ETH_WritePHYRegister
                0x0000000008000a48       0x74 Drivers/STM32F4xx_HAL_Driver/Src/stm32f4xx_hal_eth.o
                0x0000000008000a48                HAL_ETH_WritePHYRegister
 .text.HAL_ETH_Init
                0x0000000008000abc      0x258 Drivers/STM32F4xx_HAL_Driver/Src/stm32f4xx_hal_eth.o
                0x0000000008000abc                HAL_ETH_Init
 .text.HAL_GPIO_Init
                0x0000000008000d14      0x1e0 Drivers/STM32F4xx_HAL_Driver/Src/stm32f4xx_hal_gpio.o
                0x0000000008000d14                HAL_GPIO_Init
 .text.HAL_GPIO_ReadPin
                0x0000000008000ef4        0xe Drivers/STM32F4xx_HAL_Driver/Src/stm32f4xx_hal_gpio.o
                0x0000000008000ef4                HAL_GPIO_ReadPin
 .text.HAL_GPIO_WritePin
                0x0000000008000f02        0xc Drivers/STM32F4xx_HAL_Driver/Src/stm32f4xx_hal_gpio.o
                0x0000000008000f02                HAL_GPIO_WritePin
 *fill*         0x0000000008000f0e        0x2 
 .text.HAL_I2C_Init
                0x0000000008000f10      0x11c Drivers/STM32F4xx_HAL_Driver/Src/stm32f4xx_hal_i2c.o
                0x0000000008000f10                HAL_I2C_Init
 .text.PCD_WriteEmptyTxFifo
                0x000000000800102c       0xac Drivers/STM32F4xx_HAL_Driver/Src/stm32f4xx_hal_pcd.o
 .text.HAL_PCD_Init
                0x00000000080010d8       0xe0 Drivers/STM32F4xx_HAL_Driver/Src/stm32f4xx_hal_pcd.o
                0x00000000080010d8                HAL_PCD_Init
 .text.HAL_PCD_Start
                0x00000000080011b8       0x2a Drivers/STM32F4xx_HAL_Driver/Src/stm32f4xx_hal_pcd.o
                0x00000000080011b8                HAL_PCD_Start
 *fill*         0x00000000080011e2        0x2 
 .text.HAL_PCD_IRQHandler
                0x00000000080011e4      0x5c4 Drivers/STM32F4xx_HAL_Driver/Src/stm32f4xx_hal_pcd.o
                0x00000000080011e4                HAL_PCD_IRQHandler
 .text.HAL_PCD_SetAddress
                0x00000000080017a8       0x24 Drivers/STM32F4xx_HAL_Driver/Src/stm32f4xx_hal_pcd.o
                0x00000000080017a8                HAL_PCD_SetAddress
 .text.HAL_PCD_EP_Open
                0x00000000080017cc       0x68 Drivers/STM32F4xx_HAL_Driver/Src/stm32f4xx_hal_pcd.o
                0x00000000080017cc                HAL_PCD_EP_Open
 .text.HAL_PCD_EP_Close
                0x0000000008001834       0x56 Drivers/STM32F4xx_HAL_Driver/Src/stm32f4xx_hal_pcd.o
                0x0000000008001834                HAL_PCD_EP_Close
 .text.HAL_PCD_EP_Receive
                0x000000000800188a       0x5a Drivers/STM32F4xx_HAL_Driver/Src/stm32f4xx_hal_pcd.o
                0x000000000800188a                HAL_PCD_EP_Receive
 .text.HAL_PCD_EP_Transmit
                0x00000000080018e4       0x52 Drivers/STM32F4xx_HAL_Driver/Src/stm32f4xx_hal_pcd.o
                0x00000000080018e4                HAL_PCD_EP_Transmit
 .text.HAL_PCD_EP_SetStall
                0x0000000008001936       0x66 Drivers/STM32F4xx_HAL_Driver/Src/stm32f4xx_hal_pcd.o
                0x0000000008001936                HAL_PCD_EP_SetStall
 .text.HAL_PCD_EP_ClrStall
                0x000000000800199c       0x56 Drivers/STM32F4xx_HAL_Driver/Src/stm32f4xx_hal_pcd.o
                0x000000000800199c                HAL_PCD_EP_ClrStall
 .text.HAL_PCDEx_SetTxFiFo
                0x00000000080019f2       0x48 Drivers/STM32F4xx_HAL_Driver/Src/stm32f4xx_hal_pcd_ex.o
                0x00000000080019f2                HAL_PCDEx_SetTxFiFo
 .text.HAL_PCDEx_SetRxFiFo
                0x0000000008001a3a        0x8 Drivers/STM32F4xx_HAL_Driver/Src/stm32f4xx_hal_pcd_ex.o
                0x0000000008001a3a                HAL_PCDEx_SetRxFiFo
 *fill*         0x0000000008001a42        0x2 
 .text.HAL_RCC_OscConfig
                0x0000000008001a44      0x3b0 Drivers/STM32F4xx_HAL_Driver/Src/stm32f4xx_hal_rcc.o
                0x0000000008001a44                HAL_RCC_OscConfig
 .text.HAL_RCC_GetSysClockFreq
                0x0000000008001df4       0x94 Drivers/STM32F4xx_HAL_Driver/Src/stm32f4xx_hal_rcc.o
                0x0000000008001df4                HAL_RCC_GetSysClockFreq
 .text.HAL_RCC_ClockConfig
                0x0000000008001e88      0x1a0 Drivers/STM32F4xx_HAL_Driver/Src/stm32f4xx_hal_rcc.o
                0x0000000008001e88                HAL_RCC_ClockConfig
 .text.HAL_RCC_GetHCLKFreq
                0x0000000008002028        0xc Drivers/STM32F4xx_HAL_Driver/Src/stm32f4xx_hal_rcc.o
                0x0000000008002028                HAL_RCC_GetHCLKFreq
 .text.HAL_RCC_GetPCLK1Freq
                0x0000000008002034       0x2c Drivers/STM32F4xx_HAL_Driver/Src/stm32f4xx_hal_rcc.o
                0x0000000008002034                HAL_RCC_GetPCLK1Freq
 .text.HAL_RCC_GetPCLK2Freq
                0x0000000008002060       0x2c Drivers/STM32F4xx_HAL_Driver/Src/stm32f4xx_hal_rcc.o
                0x0000000008002060                HAL_RCC_GetPCLK2Freq
 .text.HAL_TIM_OC_DelayElapsedCallback
                0x000000000800208c        0x2 Drivers/STM32F4xx_HAL_Driver/Src/stm32f4xx_hal_tim.o
                0x000000000800208c                HAL_TIM_OC_DelayElapsedCallback
 .text.HAL_TIM_IC_CaptureCallback
                0x000000000800208e        0x2 Drivers/STM32F4xx_HAL_Driver/Src/stm32f4xx_hal_tim.o
                0x000000000800208e                HAL_TIM_IC_CaptureCallback
 .text.HAL_TIM_PWM_PulseFinishedCallback
                0x0000000008002090        0x2 Drivers/STM32F4xx_HAL_Driver/Src/stm32f4xx_hal_tim.o
                0x0000000008002090                HAL_TIM_PWM_PulseFinishedCallback
 .text.HAL_TIM_TriggerCallback
                0x0000000008002092        0x2 Drivers/STM32F4xx_HAL_Driver/Src/stm32f4xx_hal_tim.o
                0x0000000008002092                HAL_TIM_TriggerCallback
 .text.HAL_TIM_IRQHandler
                0x0000000008002094      0x17a Drivers/STM32F4xx_HAL_Driver/Src/stm32f4xx_hal_tim.o
                0x0000000008002094                HAL_TIM_IRQHandler
 .text.HAL_TIMEx_CommutationCallback
                0x000000000800220e        0x2 Drivers/STM32F4xx_HAL_Driver/Src/stm32f4xx_hal_tim_ex.o
                0x000000000800220e                HAL_TIMEx_CommutationCallback
 .text.HAL_TIMEx_BreakCallback
                0x0000000008002210        0x2 Drivers/STM32F4xx_HAL_Driver/Src/stm32f4xx_hal_tim_ex.o
                0x0000000008002210                HAL_TIMEx_BreakCallback
 *fill*         0x0000000008002212        0x2 
 .text.UART_SetConfig
                0x0000000008002214      0x334 Drivers/STM32F4xx_HAL_Driver/Src/stm32f4xx_hal_uart.o
 .text.HAL_UART_Init
                0x0000000008002548       0x5e Drivers/STM32F4xx_HAL_Driver/Src/stm32f4xx_hal_uart.o
                0x0000000008002548                HAL_UART_Init
 *fill*         0x00000000080025a6        0x2 
 .text.USB_CoreReset
                0x00000000080025a8       0x3c Drivers/STM32F4xx_HAL_Driver/Src/stm32f4xx_ll_usb.o
 .text.USB_CoreInit
                0x00000000080025e4       0x7c Drivers/STM32F4xx_HAL_Driver/Src/stm32f4xx_ll_usb.o
                0x00000000080025e4                USB_CoreInit
 .text.USB_EnableGlobalInt
                0x0000000008002660        0xc Drivers/STM32F4xx_HAL_Driver/Src/stm32f4xx_ll_usb.o
                0x0000000008002660                USB_EnableGlobalInt
 .text.USB_DisableGlobalInt
                0x000000000800266c        0xc Drivers/STM32F4xx_HAL_Driver/Src/stm32f4xx_ll_usb.o
                0x000000000800266c                USB_DisableGlobalInt
 .text.USB_SetCurrentMode
                0x0000000008002678       0x2c Drivers/STM32F4xx_HAL_Driver/Src/stm32f4xx_ll_usb.o
                0x0000000008002678                USB_SetCurrentMode
 .text.USB_FlushTxFifo
                0x00000000080026a4       0x28 Drivers/STM32F4xx_HAL_Driver/Src/stm32f4xx_ll_usb.o
                0x00000000080026a4                USB_FlushTxFifo
 .text.USB_FlushRxFifo
                0x00000000080026cc       0x24 Drivers/STM32F4xx_HAL_Driver/Src/stm32f4xx_ll_usb.o
                0x00000000080026cc                USB_FlushRxFifo
 .text.USB_SetDevSpeed
                0x00000000080026f0        0xe Drivers/STM32F4xx_HAL_Driver/Src/stm32f4xx_ll_usb.o
                0x00000000080026f0                USB_SetDevSpeed
 *fill*         0x00000000080026fe        0x2 
 .text.USB_DevInit
                0x0000000008002700      0x150 Drivers/STM32F4xx_HAL_Driver/Src/stm32f4xx_ll_usb.o
                0x0000000008002700                USB_DevInit
 .text.USB_GetDevSpeed
                0x0000000008002850       0x40 Drivers/STM32F4xx_HAL_Driver/Src/stm32f4xx_ll_usb.o
                0x0000000008002850                USB_GetDevSpeed
 .text.USB_ActivateEndpoint
                0x0000000008002890       0x92 Drivers/STM32F4xx_HAL_Driver/Src/stm32f4xx_ll_usb.o
                0x0000000008002890                USB_ActivateEndpoint
 *fill*         0x0000000008002922        0x2 
 .text.USB_DeactivateEndpoint
                0x0000000008002924       0xf0 Drivers/STM32F4xx_HAL_Driver/Src/stm32f4xx_ll_usb.o
                0x0000000008002924                USB_DeactivateEndpoint
 .text.USB_EP0StartXfer
                0x0000000008002a14      0x160 Drivers/STM32F4xx_HAL_Driver/Src/stm32f4xx_ll_usb.o
                0x0000000008002a14                USB_EP0StartXfer
 .text.USB_WritePacket
                0x0000000008002b74       0x28 Drivers/STM32F4xx_HAL_Driver/Src/stm32f4xx_ll_usb.o
                0x0000000008002b74                USB_WritePacket
 .text.USB_EPStartXfer
                0x0000000008002b9c      0x264 Drivers/STM32F4xx_HAL_Driver/Src/stm32f4xx_ll_usb.o
                0x0000000008002b9c                USB_EPStartXfer
 .text.USB_ReadPacket
                0x0000000008002e00       0x28 Drivers/STM32F4xx_HAL_Driver/Src/stm32f4xx_ll_usb.o
                0x0000000008002e00                USB_ReadPacket
 .text.USB_EPSetStall
                0x0000000008002e28       0x64 Drivers/STM32F4xx_HAL_Driver/Src/stm32f4xx_ll_usb.o
                0x0000000008002e28                USB_EPSetStall
 .text.USB_EPClearStall
                0x0000000008002e8c       0x6a Drivers/STM32F4xx_HAL_Driver/Src/stm32f4xx_ll_usb.o
                0x0000000008002e8c                USB_EPClearStall
 .text.USB_SetDevAddress
                0x0000000008002ef6       0x20 Drivers/STM32F4xx_HAL_Driver/Src/stm32f4xx_ll_usb.o
                0x0000000008002ef6                USB_SetDevAddress
 .text.USB_DevConnect
                0x0000000008002f16       0x18 Drivers/STM32F4xx_HAL_Driver/Src/stm32f4xx_ll_usb.o
                0x0000000008002f16                USB_DevConnect
 .text.USB_DevDisconnect
                0x0000000008002f2e       0x18 Drivers/STM32F4xx_HAL_Driver/Src/stm32f4xx_ll_usb.o
                0x0000000008002f2e                USB_DevDisconnect
 .text.USB_ReadInterrupts
                0x0000000008002f46        0x8 Drivers/STM32F4xx_HAL_Driver/Src/stm32f4xx_ll_usb.o
                0x0000000008002f46                USB_ReadInterrupts
 .text.USB_ReadDevAllOutEpInterrupt
                0x0000000008002f4e       0x10 Drivers/STM32F4xx_HAL_Driver/Src/stm32f4xx_ll_usb.o
                0x0000000008002f4e                USB_ReadDevAllOutEpInterrupt
 .text.USB_ReadDevAllInEpInterrupt
                0x0000000008002f5e       0x10 Drivers/STM32F4xx_HAL_Driver/Src/stm32f4xx_ll_usb.o
                0x0000000008002f5e                USB_ReadDevAllInEpInterrupt
 .text.USB_ReadDevOutEPInterrupt
                0x0000000008002f6e       0x12 Drivers/STM32F4xx_HAL_Driver/Src/stm32f4xx_ll_usb.o
                0x0000000008002f6e                USB_ReadDevOutEPInterrupt
 .text.USB_ReadDevInEPInterrupt
                0x0000000008002f80       0x24 Drivers/STM32F4xx_HAL_Driver/Src/stm32f4xx_ll_usb.o
                0x0000000008002f80                USB_ReadDevInEPInterrupt
 .text.USB_GetMode
                0x0000000008002fa4        0x8 Drivers/STM32F4xx_HAL_Driver/Src/stm32f4xx_ll_usb.o
                0x0000000008002fa4                USB_GetMode
 .text.USB_ActivateSetup
                0x0000000008002fac       0x38 Drivers/STM32F4xx_HAL_Driver/Src/stm32f4xx_ll_usb.o
                0x0000000008002fac                USB_ActivateSetup
 .text.USB_EP0_OutStart
                0x0000000008002fe4       0x46 Drivers/STM32F4xx_HAL_Driver/Src/stm32f4xx_ll_usb.o
                0x0000000008002fe4                USB_EP0_OutStart
 *fill*         0x000000000800302a        0x2 
 .text.USBD_HID_GetCfgDesc
                0x000000000800302c        0xc Middlewares/ST/STM32_USB_Device_Library/Class/HID/Src/usbd_hid.o
 .text.USBD_HID_DataIn
                0x0000000008003038        0xa Middlewares/ST/STM32_USB_Device_Library/Class/HID/Src/usbd_hid.o
 *fill*         0x0000000008003042        0x2 
 .text.USBD_HID_GetDeviceQualifierDesc
                0x0000000008003044        0xc Middlewares/ST/STM32_USB_Device_Library/Class/HID/Src/usbd_hid.o
 .text.USBD_HID_Setup
                0x0000000008003050       0xc0 Middlewares/ST/STM32_USB_Device_Library/Class/HID/Src/usbd_hid.o
 .text.USBD_HID_DeInit
                0x0000000008003110       0x1e Middlewares/ST/STM32_USB_Device_Library/Class/HID/Src/usbd_hid.o
 .text.USBD_HID_Init
                0x000000000800312e       0x26 Middlewares/ST/STM32_USB_Device_Library/Class/HID/Src/usbd_hid.o
 .text.USBD_Init
                0x0000000008003154       0x2e Middlewares/ST/STM32_USB_Device_Library/Core/Src/usbd_core.o
                0x0000000008003154                USBD_Init
 .text.USBD_RegisterClass
                0x0000000008003182        0xe Middlewares/ST/STM32_USB_Device_Library/Core/Src/usbd_core.o
                0x0000000008003182                USBD_RegisterClass
 .text.USBD_Start
                0x0000000008003190        0xa Middlewares/ST/STM32_USB_Device_Library/Core/Src/usbd_core.o
                0x0000000008003190                USBD_Start
 .text.USBD_SetClassConfig
                0x000000000800319a       0x1a Middlewares/ST/STM32_USB_Device_Library/Core/Src/usbd_core.o
                0x000000000800319a                USBD_SetClassConfig
 .text.USBD_ClrClassConfig
                0x00000000080031b4        0xe Middlewares/ST/STM32_USB_Device_Library/Core/Src/usbd_core.o
                0x00000000080031b4                USBD_ClrClassConfig
 .text.USBD_LL_SetupStage
                0x00000000080031c2       0x5c Middlewares/ST/STM32_USB_Device_Library/Core/Src/usbd_core.o
                0x00000000080031c2                USBD_LL_SetupStage
 .text.USBD_LL_DataOutStage
                0x000000000800321e       0x6c Middlewares/ST/STM32_USB_Device_Library/Core/Src/usbd_core.o
                0x000000000800321e                USBD_LL_DataOutStage
 .text.USBD_LL_DataInStage
                0x000000000800328a       0xb2 Middlewares/ST/STM32_USB_Device_Library/Core/Src/usbd_core.o
                0x000000000800328a                USBD_LL_DataInStage
 .text.USBD_LL_Reset
                0x000000000800333c       0x3e Middlewares/ST/STM32_USB_Device_Library/Core/Src/usbd_core.o
                0x000000000800333c                USBD_LL_Reset
 .text.USBD_LL_SetSpeed
                0x000000000800337a        0x6 Middlewares/ST/STM32_USB_Device_Library/Core/Src/usbd_core.o
                0x000000000800337a                USBD_LL_SetSpeed
 .text.USBD_LL_Suspend
                0x0000000008003380       0x12 Middlewares/ST/STM32_USB_Device_Library/Core/Src/usbd_core.o
                0x0000000008003380                USBD_LL_Suspend
 .text.USBD_LL_Resume
                0x0000000008003392        0xc Middlewares/ST/STM32_USB_Device_Library/Core/Src/usbd_core.o
                0x0000000008003392                USBD_LL_Resume
 .text.USBD_LL_SOF
                0x000000000800339e       0x1c Middlewares/ST/STM32_USB_Device_Library/Core/Src/usbd_core.o
                0x000000000800339e                USBD_LL_SOF
 .text.USBD_LL_IsoINIncomplete
                0x00000000080033ba        0x4 Middlewares/ST/STM32_USB_Device_Library/Core/Src/usbd_core.o
                0x00000000080033ba                USBD_LL_IsoINIncomplete
 .text.USBD_LL_IsoOUTIncomplete
                0x00000000080033be        0x4 Middlewares/ST/STM32_USB_Device_Library/Core/Src/usbd_core.o
                0x00000000080033be                USBD_LL_IsoOUTIncomplete
 .text.USBD_LL_DevConnected
                0x00000000080033c2        0x4 Middlewares/ST/STM32_USB_Device_Library/Core/Src/usbd_core.o
                0x00000000080033c2                USBD_LL_DevConnected
 .text.USBD_LL_DevDisconnected
                0x00000000080033c6       0x16 Middlewares/ST/STM32_USB_Device_Library/Core/Src/usbd_core.o
                0x00000000080033c6                USBD_LL_DevDisconnected
 .text.USBD_GetLen
                0x00000000080033dc       0x12 Middlewares/ST/STM32_USB_Device_Library/Core/Src/usbd_ctlreq.o
 .text.USBD_SetFeature
                0x00000000080033ee       0x20 Middlewares/ST/STM32_USB_Device_Library/Core/Src/usbd_ctlreq.o
 .text.USBD_ParseSetupRequest
                0x000000000800340e       0x28 Middlewares/ST/STM32_USB_Device_Library/Core/Src/usbd_ctlreq.o
                0x000000000800340e                USBD_ParseSetupRequest
 .text.USBD_CtlError
                0x0000000008003436       0x14 Middlewares/ST/STM32_USB_Device_Library/Core/Src/usbd_ctlreq.o
                0x0000000008003436                USBD_CtlError
 .text.USBD_GetDescriptor
                0x000000000800344a      0x132 Middlewares/ST/STM32_USB_Device_Library/Core/Src/usbd_ctlreq.o
 .text.USBD_SetAddress
                0x000000000800357c       0x4a Middlewares/ST/STM32_USB_Device_Library/Core/Src/usbd_ctlreq.o
 *fill*         0x00000000080035c6        0x2 
 .text.USBD_SetConfig
                0x00000000080035c8       0xa4 Middlewares/ST/STM32_USB_Device_Library/Core/Src/usbd_ctlreq.o
 .text.USBD_GetConfig
                0x000000000800366c       0x3a Middlewares/ST/STM32_USB_Device_Library/Core/Src/usbd_ctlreq.o
 .text.USBD_GetStatus
                0x00000000080036a6       0x2c Middlewares/ST/STM32_USB_Device_Library/Core/Src/usbd_ctlreq.o
 .text.USBD_ClrFeature
                0x00000000080036d2       0x30 Middlewares/ST/STM32_USB_Device_Library/Core/Src/usbd_ctlreq.o
 .text.USBD_StdDevReq
                0x0000000008003702       0x48 Middlewares/ST/STM32_USB_Device_Library/Core/Src/usbd_ctlreq.o
                0x0000000008003702                USBD_StdDevReq
 .text.USBD_StdItfReq
                0x000000000800374a       0x36 Middlewares/ST/STM32_USB_Device_Library/Core/Src/usbd_ctlreq.o
                0x000000000800374a                USBD_StdItfReq
 .text.USBD_StdEPReq
                0x0000000008003780      0x126 Middlewares/ST/STM32_USB_Device_Library/Core/Src/usbd_ctlreq.o
                0x0000000008003780                USBD_StdEPReq
 .text.USBD_GetString
                0x00000000080038a6       0x38 Middlewares/ST/STM32_USB_Device_Library/Core/Src/usbd_ctlreq.o
                0x00000000080038a6                USBD_GetString
 .text.USBD_CtlSendData
                0x00000000080038de       0x1a Middlewares/ST/STM32_USB_Device_Library/Core/Src/usbd_ioreq.o
                0x00000000080038de                USBD_CtlSendData
 .text.USBD_CtlContinueSendData
                0x00000000080038f8       0x10 Middlewares/ST/STM32_USB_Device_Library/Core/Src/usbd_ioreq.o
                0x00000000080038f8                USBD_CtlContinueSendData
 .text.USBD_CtlContinueRx
                0x0000000008003908       0x10 Middlewares/ST/STM32_USB_Device_Library/Core/Src/usbd_ioreq.o
                0x0000000008003908                USBD_CtlContinueRx
 .text.USBD_CtlSendStatus
                0x0000000008003918       0x16 Middlewares/ST/STM32_USB_Device_Library/Core/Src/usbd_ioreq.o
                0x0000000008003918                USBD_CtlSendStatus
 .text.USBD_CtlReceiveStatus
                0x000000000800392e       0x16 Middlewares/ST/STM32_USB_Device_Library/Core/Src/usbd_ioreq.o
                0x000000000800392e                USBD_CtlReceiveStatus
 .text.makeFreeRtosPriority
                0x0000000008003944        0xc Middlewares/Third_Party/FreeRTOS/Source/CMSIS_RTOS/cmsis_os.o
 .text.osKernelStart
                0x0000000008003950        0xa Middlewares/Third_Party/FreeRTOS/Source/CMSIS_RTOS/cmsis_os.o
                0x0000000008003950                osKernelStart
 .text.osThreadCreate
                0x000000000800395a       0x34 Middlewares/Third_Party/FreeRTOS/Source/CMSIS_RTOS/cmsis_os.o
                0x000000000800395a                osThreadCreate
 .text.vListInitialise
                0x000000000800398e       0x16 Middlewares/Third_Party/FreeRTOS/Source/list.o
                0x000000000800398e                vListInitialise
 .text.vListInitialiseItem
                0x00000000080039a4        0x6 Middlewares/Third_Party/FreeRTOS/Source/list.o
                0x00000000080039a4                vListInitialiseItem
 .text.vListInsertEnd
                0x00000000080039aa       0x16 Middlewares/Third_Party/FreeRTOS/Source/list.o
                0x00000000080039aa                vListInsertEnd
 .text.vListInsert
                0x00000000080039c0       0x34 Middlewares/Third_Party/FreeRTOS/Source/list.o
                0x00000000080039c0                vListInsert
 .text.uxListRemove
                0x00000000080039f4       0x24 Middlewares/Third_Party/FreeRTOS/Source/list.o
                0x00000000080039f4                uxListRemove
 .text.prvIsQueueFull
                0x0000000008003a18       0x1e Middlewares/Third_Party/FreeRTOS/Source/queue.o
 .text.prvIsQueueEmpty
                0x0000000008003a36       0x1a Middlewares/Third_Party/FreeRTOS/Source/queue.o
 .text.prvCopyDataToQueue
                0x0000000008003a50       0x76 Middlewares/Third_Party/FreeRTOS/Source/queue.o
 .text.prvCopyDataFromQueue
                0x0000000008003ac6       0x24 Middlewares/Third_Party/FreeRTOS/Source/queue.o
 .text.prvUnlockQueue
                0x0000000008003aea       0x6e Middlewares/Third_Party/FreeRTOS/Source/queue.o
 .text.xQueueGenericReset
                0x0000000008003b58       0x84 Middlewares/Third_Party/FreeRTOS/Source/queue.o
                0x0000000008003b58                xQueueGenericReset
 .text.prvInitialiseNewQueue
                0x0000000008003bdc       0x1c Middlewares/Third_Party/FreeRTOS/Source/queue.o
 .text.xQueueGenericCreate
                0x0000000008003bf8       0x48 Middlewares/Third_Party/FreeRTOS/Source/queue.o
                0x0000000008003bf8                xQueueGenericCreate
 .text.xQueueGenericSend
                0x0000000008003c40      0x180 Middlewares/Third_Party/FreeRTOS/Source/queue.o
                0x0000000008003c40                xQueueGenericSend
 .text.prvInitialiseMutex
                0x0000000008003dc0       0x18 Middlewares/Third_Party/FreeRTOS/Source/queue.o
 .text.xQueueCreateMutex
                0x0000000008003dd8       0x16 Middlewares/Third_Party/FreeRTOS/Source/queue.o
                0x0000000008003dd8                xQueueCreateMutex
 .text.xQueueGenericSendFromISR
                0x0000000008003dee       0xce Middlewares/Third_Party/FreeRTOS/Source/queue.o
                0x0000000008003dee                xQueueGenericSendFromISR
 .text.xQueueGenericReceive
                0x0000000008003ebc      0x1ac Middlewares/Third_Party/FreeRTOS/Source/queue.o
                0x0000000008003ebc                xQueueGenericReceive
 .text.vQueueAddToRegistry
                0x0000000008004068       0x28 Middlewares/Third_Party/FreeRTOS/Source/queue.o
                0x0000000008004068                vQueueAddToRegistry
 .text.vQueueWaitForMessageRestricted
                0x0000000008004090       0x52 Middlewares/Third_Party/FreeRTOS/Source/queue.o
                0x0000000008004090                vQueueWaitForMessageRestricted
 *fill*         0x00000000080040e2        0x2 
 .text.prvResetNextTaskUnblockTime
                0x00000000080040e4       0x24 Middlewares/Third_Party/FreeRTOS/Source/tasks.o
 .text.prvDeleteTCB
                0x0000000008004108       0x12 Middlewares/Third_Party/FreeRTOS/Source/tasks.o
 .text.prvInitialiseNewTask
                0x000000000800411a       0x7e Middlewares/Third_Party/FreeRTOS/Source/tasks.o
 .text.prvInitialiseTaskLists
                0x0000000008004198       0x58 Middlewares/Third_Party/FreeRTOS/Source/tasks.o
 .text.prvAddNewTaskToReadyList
                0x00000000080041f0       0xac Middlewares/Third_Party/FreeRTOS/Source/tasks.o
 .text.prvAddCurrentTaskToDelayedList
                0x000000000800429c       0x88 Middlewares/Third_Party/FreeRTOS/Source/tasks.o
 .text.xTaskCreate
                0x0000000008004324       0x62 Middlewares/Third_Party/FreeRTOS/Source/tasks.o
                0x0000000008004324                xTaskCreate
 *fill*         0x0000000008004386        0x2 
 .text.vTaskStartScheduler
                0x0000000008004388       0x7c Middlewares/Third_Party/FreeRTOS/Source/tasks.o
                0x0000000008004388                vTaskStartScheduler
 .text.vTaskSuspendAll
                0x0000000008004404       0x14 Middlewares/Third_Party/FreeRTOS/Source/tasks.o
                0x0000000008004404                vTaskSuspendAll
 .text.xTaskGetTickCount
                0x0000000008004418        0xc Middlewares/Third_Party/FreeRTOS/Source/tasks.o
                0x0000000008004418                xTaskGetTickCount
 .text.xTaskIncrementTick
                0x0000000008004424      0x10c Middlewares/Third_Party/FreeRTOS/Source/tasks.o
                0x0000000008004424                xTaskIncrementTick
 .text.xTaskResumeAll
                0x0000000008004530       0xf4 Middlewares/Third_Party/FreeRTOS/Source/tasks.o
                0x0000000008004530                xTaskResumeAll
 .text.vTaskDelayUntil
                0x0000000008004624       0xa4 Middlewares/Third_Party/FreeRTOS/Source/tasks.o
                0x0000000008004624                vTaskDelayUntil
 .text.vTaskDelay
                0x00000000080046c8       0x4c Middlewares/Third_Party/FreeRTOS/Source/tasks.o
                0x00000000080046c8                vTaskDelay
 .text.prvCheckTasksWaitingTermination
                0x0000000008004714       0x54 Middlewares/Third_Party/FreeRTOS/Source/tasks.o
 .text.prvIdleTask
                0x0000000008004768       0x28 Middlewares/Third_Party/FreeRTOS/Source/tasks.o
 .text.vTaskSwitchContext
                0x0000000008004790       0x90 Middlewares/Third_Party/FreeRTOS/Source/tasks.o
                0x0000000008004790                vTaskSwitchContext
 .text.vTaskPlaceOnEventList
                0x0000000008004820       0x34 Middlewares/Third_Party/FreeRTOS/Source/tasks.o
                0x0000000008004820                vTaskPlaceOnEventList
 .text.vTaskPlaceOnEventListRestricted
                0x0000000008004854       0x3c Middlewares/Third_Party/FreeRTOS/Source/tasks.o
                0x0000000008004854                vTaskPlaceOnEventListRestricted
 .text.xTaskRemoveFromEventList
                0x0000000008004890       0x84 Middlewares/Third_Party/FreeRTOS/Source/tasks.o
                0x0000000008004890                xTaskRemoveFromEventList
 .text.vTaskSetTimeOutState
                0x0000000008004914       0x28 Middlewares/Third_Party/FreeRTOS/Source/tasks.o
                0x0000000008004914                vTaskSetTimeOutState
 .text.xTaskCheckForTimeOut
                0x000000000800493c       0x80 Middlewares/Third_Party/FreeRTOS/Source/tasks.o
                0x000000000800493c                xTaskCheckForTimeOut
 .text.vTaskMissedYield
                0x00000000080049bc       0x10 Middlewares/Third_Party/FreeRTOS/Source/tasks.o
                0x00000000080049bc                vTaskMissedYield
 .text.xTaskGetSchedulerState
                0x00000000080049cc       0x20 Middlewares/Third_Party/FreeRTOS/Source/tasks.o
                0x00000000080049cc                xTaskGetSchedulerState
 .text.vTaskPriorityInherit
                0x00000000080049ec       0xac Middlewares/Third_Party/FreeRTOS/Source/tasks.o
                0x00000000080049ec                vTaskPriorityInherit
 .text.xTaskPriorityDisinherit
                0x0000000008004a98       0xb8 Middlewares/Third_Party/FreeRTOS/Source/tasks.o
                0x0000000008004a98                xTaskPriorityDisinherit
 .text.pvTaskIncrementMutexHeldCount
                0x0000000008004b50       0x20 Middlewares/Third_Party/FreeRTOS/Source/tasks.o
                0x0000000008004b50                pvTaskIncrementMutexHeldCount
 .text.prvGetNextExpireTime
                0x0000000008004b70       0x20 Middlewares/Third_Party/FreeRTOS/Source/timers.o
 .text.prvInsertTimerInActiveList
                0x0000000008004b90       0x44 Middlewares/Third_Party/FreeRTOS/Source/timers.o
 .text.prvCheckForValidListAndQueue
                0x0000000008004bd4       0x4c Middlewares/Third_Party/FreeRTOS/Source/timers.o
 .text.xTimerCreateTimerTask
                0x0000000008004c20       0x50 Middlewares/Third_Party/FreeRTOS/Source/timers.o
                0x0000000008004c20                xTimerCreateTimerTask
 .text.xTimerGenericCommand
                0x0000000008004c70       0x6c Middlewares/Third_Party/FreeRTOS/Source/timers.o
                0x0000000008004c70                xTimerGenericCommand
 .text.prvSwitchTimerLists
                0x0000000008004cdc       0x88 Middlewares/Third_Party/FreeRTOS/Source/timers.o
 .text.prvSampleTimeNow
                0x0000000008004d64       0x2c Middlewares/Third_Party/FreeRTOS/Source/timers.o
 .text.prvProcessExpiredTimer
                0x0000000008004d90       0x60 Middlewares/Third_Party/FreeRTOS/Source/timers.o
 .text.prvProcessTimerOrBlockTask
                0x0000000008004df0       0x70 Middlewares/Third_Party/FreeRTOS/Source/timers.o
 .text.prvProcessReceivedCommands
                0x0000000008004e60       0xe4 Middlewares/Third_Party/FreeRTOS/Source/timers.o
 .text.prvTimerTask
                0x0000000008004f44       0x16 Middlewares/Third_Party/FreeRTOS/Source/timers.o
 *fill*         0x0000000008004f5a        0x2 
 .text.prvTaskExitError
                0x0000000008004f5c       0x34 Middlewares/Third_Party/FreeRTOS/Source/portable/GCC/ARM_CM4F/port.o
 .text.prvPortStartFirstTask
                0x0000000008004f90       0x20 Middlewares/Third_Party/FreeRTOS/Source/portable/GCC/ARM_CM4F/port.o
 .text.vPortEnableVFP
                0x0000000008004fb0       0x14 Middlewares/Third_Party/FreeRTOS/Source/portable/GCC/ARM_CM4F/port.o
 .text.pxPortInitialiseStack
                0x0000000008004fc4       0x2c Middlewares/Third_Party/FreeRTOS/Source/portable/GCC/ARM_CM4F/port.o
                0x0000000008004fc4                pxPortInitialiseStack
 .text.SVC_Handler
                0x0000000008004ff0       0x24 Middlewares/Third_Party/FreeRTOS/Source/portable/GCC/ARM_CM4F/port.o
                0x0000000008004ff0                SVC_Handler
 .text.vPortEnterCritical
                0x0000000008005014       0x44 Middlewares/Third_Party/FreeRTOS/Source/portable/GCC/ARM_CM4F/port.o
                0x0000000008005014                vPortEnterCritical
 .text.vPortExitCritical
                0x0000000008005058       0x2c Middlewares/Third_Party/FreeRTOS/Source/portable/GCC/ARM_CM4F/port.o
                0x0000000008005058                vPortExitCritical
 *fill*         0x0000000008005084        0xc 
 .text.PendSV_Handler
                0x0000000008005090       0x64 Middlewares/Third_Party/FreeRTOS/Source/portable/GCC/ARM_CM4F/port.o
                0x0000000008005090                PendSV_Handler
 .text.xPortSysTickHandler
                0x00000000080050f4       0x2c Middlewares/Third_Party/FreeRTOS/Source/portable/GCC/ARM_CM4F/port.o
                0x00000000080050f4                xPortSysTickHandler
 .text.vPortSetupTimerInterrupt
                0x0000000008005120       0x2c Middlewares/Third_Party/FreeRTOS/Source/portable/GCC/ARM_CM4F/port.o
                0x0000000008005120                vPortSetupTimerInterrupt
 .text.xPortStartScheduler
                0x000000000800514c       0xe8 Middlewares/Third_Party/FreeRTOS/Source/portable/GCC/ARM_CM4F/port.o
                0x000000000800514c                xPortStartScheduler
 .text.vPortValidateInterruptPriority
                0x0000000008005234       0x58 Middlewares/Third_Party/FreeRTOS/Source/portable/GCC/ARM_CM4F/port.o
                0x0000000008005234                vPortValidateInterruptPriority
 .text.prvHeapInit
                0x000000000800528c       0x4c Middlewares/Third_Party/FreeRTOS/Source/portable/MemMang/heap_4.o
 .text.prvInsertBlockIntoFreeList
                0x00000000080052d8       0x54 Middlewares/Third_Party/FreeRTOS/Source/portable/MemMang/heap_4.o
 .text.pvPortMalloc
                0x000000000800532c       0xf4 Middlewares/Third_Party/FreeRTOS/Source/portable/MemMang/heap_4.o
                0x000000000800532c                pvPortMalloc
 .text.vPortFree
                0x0000000008005420       0x6c Middlewares/Third_Party/FreeRTOS/Source/portable/MemMang/heap_4.o
                0x0000000008005420                vPortFree
 .text.set_byte_self
                0x000000000800548c        0xc Src/SN54HC595.o
                0x000000000800548c                set_byte_self
 .text.output_self
                0x0000000008005498       0x58 Src/SN54HC595.o
                0x0000000008005498                output_self
 .text.disable_self
                0x00000000080054f0        0xe Src/SN54HC595.o
                0x00000000080054f0                disable_self
 .text.enable_self
                0x00000000080054fe        0xe Src/SN54HC595.o
                0x00000000080054fe                enable_self
 .text.reset_latch_self
                0x000000000800550c        0xe Src/SN54HC595.o
                0x000000000800550c                reset_latch_self
 .text.clock_data_self
                0x000000000800551a       0x1a Src/SN54HC595.o
                0x000000000800551a                clock_data_self
 .text.latch_self
                0x0000000008005534       0x1a Src/SN54HC595.o
                0x0000000008005534                latch_self
 .text.output_self_delay
                0x000000000800554e       0x64 Src/SN54HC595.o
                0x000000000800554e                output_self_delay
 .text.set_data_self
                0x00000000080055b2        0xc Src/SN54HC595.o
                0x00000000080055b2                set_data_self
 *fill*         0x00000000080055be        0x2 
 .text.SN54HC595_out_bytes
                0x00000000080055c0       0x2c Src/SN54HC595.o
                0x00000000080055c0                SN54HC595_out_bytes
 .text.SN54HC595_clear
                0x00000000080055ec       0x40 Src/SN54HC595.o
                0x00000000080055ec                SN54HC595_clear
 .text.SN54HC595_init_obj
                0x000000000800562c       0xe4 Src/SN54HC595.o
                0x000000000800562c                SN54HC595_init_obj
 .text.SN54HC595_init
                0x0000000008005710       0x10 Src/SN54HC595.o
                0x0000000008005710                SN54HC595_init
 .text.keyboard_init_status_LEDS
                0x0000000008005720       0x50 Src/keyboard.o
                0x0000000008005720                keyboard_init_status_LEDS
 .text.keyboard_init_row_inputs
                0x0000000008005770       0x3c Src/keyboard.o
                0x0000000008005770                keyboard_init_row_inputs
 .text.keyboard_init
                0x00000000080057ac       0x20 Src/keyboard.o
                0x00000000080057ac                keyboard_init
 .text.keyboard_read_row
                0x00000000080057cc       0x1c Src/keyboard.o
                0x00000000080057cc                keyboard_read_row
 .text.keyboard_scan_buff_reset
                0x00000000080057e8       0x10 Src/keyboard.o
                0x00000000080057e8                keyboard_scan_buff_reset
 .text.keyboard_scan_buff_add
                0x00000000080057f8       0x24 Src/keyboard.o
                0x00000000080057f8                keyboard_scan_buff_add
 .text.keyboard_scan_buf_length
                0x000000000800581c        0xc Src/keyboard.o
                0x000000000800581c                keyboard_scan_buf_length
 .text.is_in_prev_buf
                0x0000000008005828       0x34 Src/keyboard.o
                0x0000000008005828                is_in_prev_buf
 .text.keyboard_sort_scaned_key
                0x000000000800585c       0x32 Src/keyboard.o
                0x000000000800585c                keyboard_sort_scaned_key
 *fill*         0x000000000800588e        0x2 
 .text.process_key_buf
                0x0000000008005890       0xc4 Src/keyboard.o
                0x0000000008005890                process_key_buf
 .text.keymap_list_init
                0x0000000008005954       0x18 Src/keymap.o
                0x0000000008005954                keymap_list_init
 .text.keymap_get_key
                0x000000000800596c       0x14 Src/keymap.o
                0x000000000800596c                keymap_get_key
 .text.keymap_list_append_layer
                0x0000000008005980       0x2c Src/keymap.o
                0x0000000008005980                keymap_list_append_layer
 .text.lookup_state_change_key
                0x00000000080059ac        0x4 Src/lookup.o
                0x00000000080059ac                lookup_state_change_key
 .text.lookup_toggle_key
                0x00000000080059b0        0x4 Src/lookup.o
                0x00000000080059b0                lookup_toggle_key
 .text.macro_add_entry
                0x00000000080059b4       0x1c Src/macro.o
                0x00000000080059b4                macro_add_entry
 .text.MX_GPIO_Init
                0x00000000080059d0      0x18c Src/main.o
 .text.StartDefaultTask
                0x0000000008005b5c       0x18 Src/main.o
                0x0000000008005b5c                StartDefaultTask
 .text.KeyboardListenCallback
                0x0000000008005b74       0x30 Src/main.o
                0x0000000008005b74                KeyboardListenCallback
 .text._Error_Handler
                0x0000000008005ba4        0x2 Src/main.o
                0x0000000008005ba4                _Error_Handler
 *fill*         0x0000000008005ba6        0x2 
 .text.MX_USART3_UART_Init
                0x0000000008005ba8       0x3c Src/main.o
 .text.MX_ETH_Init
                0x0000000008005be4       0x60 Src/main.o
 .text.MX_I2C2_Init
                0x0000000008005c44       0x44 Src/main.o
 .text.MX_ADC1_Init
                0x0000000008005c88       0x70 Src/main.o
 .text.MX_I2C1_Init
                0x0000000008005cf8       0x44 Src/main.o
 .text.MX_ADC2_Init
                0x0000000008005d3c       0x70 Src/main.o
 .text.SystemClock_Config
                0x0000000008005dac       0xcc Src/main.o
                0x0000000008005dac                SystemClock_Config
 .text.main     0x0000000008005e78       0xd4 Src/main.o
                0x0000000008005e78                main
 .text.scan_key_matrix
                0x0000000008005f4c       0x70 Src/scan.o
                0x0000000008005f4c                scan_key_matrix
 .text.HAL_MspInit
                0x0000000008005fbc       0x5e Src/stm32f4xx_hal_msp.o
                0x0000000008005fbc                HAL_MspInit
 *fill*         0x000000000800601a        0x2 
 .text.HAL_ADC_MspInit
                0x000000000800601c       0x80 Src/stm32f4xx_hal_msp.o
                0x000000000800601c                HAL_ADC_MspInit
 .text.HAL_ETH_MspInit
                0x000000000800609c       0xc4 Src/stm32f4xx_hal_msp.o
                0x000000000800609c                HAL_ETH_MspInit
 .text.HAL_I2C_MspInit
                0x0000000008006160       0x98 Src/stm32f4xx_hal_msp.o
                0x0000000008006160                HAL_I2C_MspInit
 .text.HAL_UART_MspInit
                0x00000000080061f8       0x58 Src/stm32f4xx_hal_msp.o
                0x00000000080061f8                HAL_UART_MspInit
 .text.SysTick_Handler
                0x0000000008006250       0x16 Src/stm32f4xx_it.o
                0x0000000008006250                SysTick_Handler
 *fill*         0x0000000008006266        0x2 
 .text.OTG_FS_IRQHandler
                0x0000000008006268       0x10 Src/stm32f4xx_it.o
                0x0000000008006268                OTG_FS_IRQHandler
 .text.SystemInit
                0x0000000008006278       0x4c Src/system_stm32f4xx.o
                0x0000000008006278                SystemInit
 .text.MX_USB_DEVICE_Init
                0x00000000080062c4       0x2c Src/usb_device.o
                0x00000000080062c4                MX_USB_DEVICE_Init
 .text.HAL_PCD_MspInit
                0x00000000080062f0       0x7c Src/usbd_conf.o
                0x00000000080062f0                HAL_PCD_MspInit
 .text.HAL_PCD_SetupStageCallback
                0x000000000800636c       0x10 Src/usbd_conf.o
                0x000000000800636c                HAL_PCD_SetupStageCallback
 .text.HAL_PCD_DataOutStageCallback
                0x000000000800637c       0x18 Src/usbd_conf.o
                0x000000000800637c                HAL_PCD_DataOutStageCallback
 .text.HAL_PCD_DataInStageCallback
                0x0000000008006394       0x16 Src/usbd_conf.o
                0x0000000008006394                HAL_PCD_DataInStageCallback
 .text.HAL_PCD_SOFCallback
                0x00000000080063aa        0xc Src/usbd_conf.o
                0x00000000080063aa                HAL_PCD_SOFCallback
 .text.HAL_PCD_ResetCallback
                0x00000000080063b6       0x20 Src/usbd_conf.o
                0x00000000080063b6                HAL_PCD_ResetCallback
 *fill*         0x00000000080063d6        0x2 
 .text.HAL_PCD_SuspendCallback
                0x00000000080063d8       0x30 Src/usbd_conf.o
                0x00000000080063d8                HAL_PCD_SuspendCallback
 .text.HAL_PCD_ResumeCallback
                0x0000000008006408        0xc Src/usbd_conf.o
                0x0000000008006408                HAL_PCD_ResumeCallback
 .text.HAL_PCD_ISOOUTIncompleteCallback
                0x0000000008006414        0xc Src/usbd_conf.o
                0x0000000008006414                HAL_PCD_ISOOUTIncompleteCallback
 .text.HAL_PCD_ISOINIncompleteCallback
                0x0000000008006420        0xc Src/usbd_conf.o
                0x0000000008006420                HAL_PCD_ISOINIncompleteCallback
 .text.HAL_PCD_ConnectCallback
                0x000000000800642c        0xc Src/usbd_conf.o
                0x000000000800642c                HAL_PCD_ConnectCallback
 .text.HAL_PCD_DisconnectCallback
                0x0000000008006438        0xc Src/usbd_conf.o
                0x0000000008006438                HAL_PCD_DisconnectCallback
 .text.USBD_LL_Init
                0x0000000008006444       0x74 Src/usbd_conf.o
                0x0000000008006444                USBD_LL_Init
 .text.USBD_LL_Start
                0x00000000080064b8       0x22 Src/usbd_conf.o
                0x00000000080064b8                USBD_LL_Start
 .text.USBD_LL_OpenEP
                0x00000000080064da       0x28 Src/usbd_conf.o
                0x00000000080064da                USBD_LL_OpenEP
 .text.USBD_LL_CloseEP
                0x0000000008006502       0x22 Src/usbd_conf.o
                0x0000000008006502                USBD_LL_CloseEP
 .text.USBD_LL_StallEP
                0x0000000008006524       0x22 Src/usbd_conf.o
                0x0000000008006524                USBD_LL_StallEP
 .text.USBD_LL_ClearStallEP
                0x0000000008006546       0x22 Src/usbd_conf.o
                0x0000000008006546                USBD_LL_ClearStallEP
 .text.USBD_LL_IsStallEP
                0x0000000008006568       0x2e Src/usbd_conf.o
                0x0000000008006568                USBD_LL_IsStallEP
 .text.USBD_LL_SetUSBAddress
                0x0000000008006596       0x22 Src/usbd_conf.o
                0x0000000008006596                USBD_LL_SetUSBAddress
 .text.USBD_LL_Transmit
                0x00000000080065b8       0x22 Src/usbd_conf.o
                0x00000000080065b8                USBD_LL_Transmit
 .text.USBD_LL_PrepareReceive
                0x00000000080065da       0x22 Src/usbd_conf.o
                0x00000000080065da                USBD_LL_PrepareReceive
 .text.USBD_FS_DeviceDescriptor
                0x00000000080065fc        0xc Src/usbd_desc.o
                0x00000000080065fc                USBD_FS_DeviceDescriptor
 .text.USBD_FS_LangIDStrDescriptor
                0x0000000008006608        0xc Src/usbd_desc.o
                0x0000000008006608                USBD_FS_LangIDStrDescriptor
 .text.USBD_FS_ProductStrDescriptor
                0x0000000008006614       0x24 Src/usbd_desc.o
                0x0000000008006614                USBD_FS_ProductStrDescriptor
 .text.USBD_FS_ManufacturerStrDescriptor
                0x0000000008006638       0x1c Src/usbd_desc.o
                0x0000000008006638                USBD_FS_ManufacturerStrDescriptor
 .text.USBD_FS_SerialStrDescriptor
                0x0000000008006654       0x24 Src/usbd_desc.o
                0x0000000008006654                USBD_FS_SerialStrDescriptor
 .text.USBD_FS_ConfigStrDescriptor
                0x0000000008006678       0x24 Src/usbd_desc.o
                0x0000000008006678                USBD_FS_ConfigStrDescriptor
 .text.USBD_FS_InterfaceStrDescriptor
                0x000000000800669c       0x24 Src/usbd_desc.o
                0x000000000800669c                USBD_FS_InterfaceStrDescriptor
 .text.DMA2_Stream2_IRQHandler
                0x00000000080066c0       0x10 Src/ws2812b.o
                0x00000000080066c0                DMA2_Stream2_IRQHandler
 .text.TIM1_UP_TIM10_IRQHandler
                0x00000000080066d0       0x10 Src/ws2812b.o
                0x00000000080066d0                TIM1_UP_TIM10_IRQHandler
 .text.HAL_TIM_PeriodElapsedCallback
                0x00000000080066e0       0x3c Src/ws2812b.o
                0x00000000080066e0                HAL_TIM_PeriodElapsedCallback
 .text.Reset_Handler
                0x000000000800671c       0x50 startup/startup_stm32f429xx.o
                0x000000000800671c                Reset_Handler
 .text.Default_Handler
                0x000000000800676c        0x2 startup/startup_stm32f429xx.o
                0x000000000800676c                RTC_Alarm_IRQHandler
                0x000000000800676c                HASH_RNG_IRQHandler
                0x000000000800676c                EXTI2_IRQHandler
                0x000000000800676c                TIM8_CC_IRQHandler
                0x000000000800676c                DebugMon_Handler
                0x000000000800676c                UART8_IRQHandler
                0x000000000800676c                SPI4_IRQHandler
                0x000000000800676c                TIM1_CC_IRQHandler
                0x000000000800676c                DMA2_Stream5_IRQHandler
                0x000000000800676c                HardFault_Handler
                0x000000000800676c                DMA1_Stream5_IRQHandler
                0x000000000800676c                PVD_IRQHandler
                0x000000000800676c                SDIO_IRQHandler
                0x000000000800676c                TAMP_STAMP_IRQHandler
                0x000000000800676c                NMI_Handler
                0x000000000800676c                CAN2_RX1_IRQHandler
                0x000000000800676c                EXTI3_IRQHandler
                0x000000000800676c                TIM8_TRG_COM_TIM14_IRQHandler
                0x000000000800676c                TIM8_UP_TIM13_IRQHandler
                0x000000000800676c                I2C3_ER_IRQHandler
                0x000000000800676c                EXTI0_IRQHandler
                0x000000000800676c                I2C2_EV_IRQHandler
                0x000000000800676c                DMA1_Stream2_IRQHandler
                0x000000000800676c                CAN1_RX0_IRQHandler
                0x000000000800676c                FPU_IRQHandler
                0x000000000800676c                OTG_HS_WKUP_IRQHandler
                0x000000000800676c                UsageFault_Handler
                0x000000000800676c                LTDC_ER_IRQHandler
                0x000000000800676c                CAN2_SCE_IRQHandler
                0x000000000800676c                SPI1_IRQHandler
                0x000000000800676c                TIM6_DAC_IRQHandler
                0x000000000800676c                TIM1_BRK_TIM9_IRQHandler
                0x000000000800676c                DCMI_IRQHandler
                0x000000000800676c                CAN2_RX0_IRQHandler
                0x000000000800676c                DMA2_Stream3_IRQHandler
                0x000000000800676c                USART6_IRQHandler
                0x000000000800676c                USART3_IRQHandler
                0x000000000800676c                CAN1_RX1_IRQHandler
                0x000000000800676c                UART5_IRQHandler
                0x000000000800676c                DMA2_Stream0_IRQHandler
                0x000000000800676c                TIM4_IRQHandler
                0x000000000800676c                I2C1_EV_IRQHandler
                0x000000000800676c                DMA1_Stream6_IRQHandler
                0x000000000800676c                DMA1_Stream1_IRQHandler
                0x000000000800676c                UART4_IRQHandler
                0x000000000800676c                TIM3_IRQHandler
                0x000000000800676c                RCC_IRQHandler
                0x000000000800676c                TIM8_BRK_TIM12_IRQHandler
                0x000000000800676c                Default_Handler
                0x000000000800676c                EXTI15_10_IRQHandler
                0x000000000800676c                ADC_IRQHandler
                0x000000000800676c                DMA1_Stream7_IRQHandler
                0x000000000800676c                SPI5_IRQHandler
                0x000000000800676c                TIM7_IRQHandler
                0x000000000800676c                CAN2_TX_IRQHandler
                0x000000000800676c                TIM5_IRQHandler
                0x000000000800676c                DMA2_Stream7_IRQHandler
                0x000000000800676c                I2C3_EV_IRQHandler
                0x000000000800676c                EXTI9_5_IRQHandler
                0x000000000800676c                RTC_WKUP_IRQHandler
                0x000000000800676c                LTDC_IRQHandler
                0x000000000800676c                ETH_WKUP_IRQHandler
                0x000000000800676c                SPI2_IRQHandler
                0x000000000800676c                OTG_HS_EP1_IN_IRQHandler
                0x000000000800676c                MemManage_Handler
                0x000000000800676c                DMA1_Stream0_IRQHandler
                0x000000000800676c                CAN1_TX_IRQHandler
                0x000000000800676c                EXTI4_IRQHandler
                0x000000000800676c                ETH_IRQHandler
                0x000000000800676c                OTG_HS_EP1_OUT_IRQHandler
                0x000000000800676c                WWDG_IRQHandler
                0x000000000800676c                SPI6_IRQHandler
                0x000000000800676c                TIM2_IRQHandler
                0x000000000800676c                OTG_FS_WKUP_IRQHandler
                0x000000000800676c                TIM1_TRG_COM_TIM11_IRQHandler
                0x000000000800676c                OTG_HS_IRQHandler
                0x000000000800676c                DMA2D_IRQHandler
                0x000000000800676c                EXTI1_IRQHandler
                0x000000000800676c                UART7_IRQHandler
                0x000000000800676c                USART2_IRQHandler
                0x000000000800676c                I2C2_ER_IRQHandler
                0x000000000800676c                DMA2_Stream1_IRQHandler
                0x000000000800676c                CAN1_SCE_IRQHandler
                0x000000000800676c                FLASH_IRQHandler
                0x000000000800676c                DMA2_Stream4_IRQHandler
                0x000000000800676c                BusFault_Handler
                0x000000000800676c                USART1_IRQHandler
                0x000000000800676c                SPI3_IRQHandler
                0x000000000800676c                DMA1_Stream4_IRQHandler
                0x000000000800676c                I2C1_ER_IRQHandler
                0x000000000800676c                FMC_IRQHandler
                0x000000000800676c                DMA2_Stream6_IRQHandler
                0x000000000800676c                SAI1_IRQHandler
                0x000000000800676c                DMA1_Stream3_IRQHandler
 *fill*         0x000000000800676e        0x2 
 .text.calloc   0x0000000008006770       0x10 /usr/lib/gcc/arm-none-eabi/8.2.0/../../../../arm-none-eabi/lib/thumb/v7e-m+fp/hard/libc_nano.a(lib_a-calloc.o)
                0x0000000008006770                calloc
 .text.__libc_init_array
                0x0000000008006780       0x48 /usr/lib/gcc/arm-none-eabi/8.2.0/../../../../arm-none-eabi/lib/thumb/v7e-m+fp/hard/libc_nano.a(lib_a-init.o)
                0x0000000008006780                __libc_init_array
 .text.malloc   0x00000000080067c8       0x10 /usr/lib/gcc/arm-none-eabi/8.2.0/../../../../arm-none-eabi/lib/thumb/v7e-m+fp/hard/libc_nano.a(lib_a-malloc.o)
                0x00000000080067c8                malloc
 .text.free     0x00000000080067d8       0x10 /usr/lib/gcc/arm-none-eabi/8.2.0/../../../../arm-none-eabi/lib/thumb/v7e-m+fp/hard/libc_nano.a(lib_a-malloc.o)
                0x00000000080067d8                free
 .text.memcpy   0x00000000080067e8       0x1c /usr/lib/gcc/arm-none-eabi/8.2.0/../../../../arm-none-eabi/lib/thumb/v7e-m+fp/hard/libc_nano.a(lib_a-memcpy-stub.o)
                0x00000000080067e8                memcpy
 .text.memset   0x0000000008006804       0x10 /usr/lib/gcc/arm-none-eabi/8.2.0/../../../../arm-none-eabi/lib/thumb/v7e-m+fp/hard/libc_nano.a(lib_a-memset.o)
                0x0000000008006804                memset
 .text._calloc_r
                0x0000000008006814       0x1c /usr/lib/gcc/arm-none-eabi/8.2.0/../../../../arm-none-eabi/lib/thumb/v7e-m+fp/hard/libc_nano.a(lib_a-nano-callocr.o)
                0x0000000008006814                _calloc_r
 .text._free_r  0x0000000008006830       0x9c /usr/lib/gcc/arm-none-eabi/8.2.0/../../../../arm-none-eabi/lib/thumb/v7e-m+fp/hard/libc_nano.a(lib_a-nano-freer.o)
                0x0000000008006830                _free_r
 .text._malloc_r
                0x00000000080068cc       0xb4 /usr/lib/gcc/arm-none-eabi/8.2.0/../../../../arm-none-eabi/lib/thumb/v7e-m+fp/hard/libc_nano.a(lib_a-nano-mallocr.o)
                0x00000000080068cc                _malloc_r
 .text._sbrk_r  0x0000000008006980       0x20 /usr/lib/gcc/arm-none-eabi/8.2.0/../../../../arm-none-eabi/lib/thumb/v7e-m+fp/hard/libc_nano.a(lib_a-sbrkr.o)
                0x0000000008006980                _sbrk_r
 .text.__malloc_lock
                0x00000000080069a0        0x2 /usr/lib/gcc/arm-none-eabi/8.2.0/../../../../arm-none-eabi/lib/thumb/v7e-m+fp/hard/libc_nano.a(lib_a-mlock.o)
                0x00000000080069a0                __malloc_lock
 .text.__malloc_unlock
                0x00000000080069a2        0x2 /usr/lib/gcc/arm-none-eabi/8.2.0/../../../../arm-none-eabi/lib/thumb/v7e-m+fp/hard/libc_nano.a(lib_a-mlock.o)
                0x00000000080069a2                __malloc_unlock
 .text._sbrk    0x00000000080069a4       0x1c /usr/lib/gcc/arm-none-eabi/8.2.0/../../../../arm-none-eabi/lib/thumb/v7e-m+fp/hard/libnosys.a(sbrk.o)
                0x00000000080069a4                _sbrk
 *(.glue_7)
 .glue_7        0x00000000080069c0        0x0 linker stubs
 *(.glue_7t)
 .glue_7t       0x00000000080069c0        0x0 linker stubs
 *(.eh_frame)
 .eh_frame      0x00000000080069c0        0x0 /usr/lib/gcc/arm-none-eabi/8.2.0/thumb/v7e-m+fp/hard/crtbegin.o
 *(.init)
 .init          0x00000000080069c0        0x4 /usr/lib/gcc/arm-none-eabi/8.2.0/thumb/v7e-m+fp/hard/crti.o
                0x00000000080069c0                _init
 .init          0x00000000080069c4        0x8 /usr/lib/gcc/arm-none-eabi/8.2.0/thumb/v7e-m+fp/hard/crtn.o
 *(.fini)
 .fini          0x00000000080069cc        0x4 /usr/lib/gcc/arm-none-eabi/8.2.0/thumb/v7e-m+fp/hard/crti.o
                0x00000000080069cc                _fini
 .fini          0x00000000080069d0        0x8 /usr/lib/gcc/arm-none-eabi/8.2.0/thumb/v7e-m+fp/hard/crtn.o
                0x00000000080069d8                . = ALIGN (0x4)
                0x00000000080069d8                _etext = .

.vfp11_veneer   0x00000000080069d8        0x0
 .vfp11_veneer  0x00000000080069d8        0x0 linker stubs

.v4_bx          0x00000000080069d8        0x0
 .v4_bx         0x00000000080069d8        0x0 linker stubs

.iplt           0x00000000080069d8        0x0
 .iplt          0x00000000080069d8        0x0 /usr/lib/gcc/arm-none-eabi/8.2.0/thumb/v7e-m+fp/hard/crtbegin.o

.rodata         0x00000000080069d8      0x160
                0x00000000080069d8                . = ALIGN (0x4)
 *(.rodata)
 .rodata        0x00000000080069d8       0x28 Src/main.o
 .rodata        0x0000000008006a00       0x18 Src/system_stm32f4xx.o
                0x0000000008006a00                AHBPrescTable
                0x0000000008006a10                APBPrescTable
 *(.rodata*)
 .rodata.str1.4
                0x0000000008006a18        0x5 Middlewares/Third_Party/FreeRTOS/Source/tasks.o
 *fill*         0x0000000008006a1d        0x3 
 .rodata.str1.4
                0x0000000008006a20       0x10 Middlewares/Third_Party/FreeRTOS/Source/timers.o
 .rodata.str1.4
                0x0000000008006a30       0x9a Src/main.o
 *fill*         0x0000000008006aca        0x2 
 .rodata.str1.4
                0x0000000008006acc       0x13 Src/usbd_conf.o
 *fill*         0x0000000008006adf        0x1 
 .rodata.str1.4
                0x0000000008006ae0       0x58 Src/usbd_desc.o
                                         0x56 (size before relaxing)
                0x0000000008006b38                . = ALIGN (0x4)

.rel.dyn        0x0000000008006b38        0x0
 .rel.iplt      0x0000000008006b38        0x0 /usr/lib/gcc/arm-none-eabi/8.2.0/thumb/v7e-m+fp/hard/crtbegin.o

.ARM.extab
 *(.ARM.extab* .gnu.linkonce.armextab.*)

.ARM            0x0000000008006b38        0x0
                0x0000000008006b38                __exidx_start = .
 *(.ARM.exidx*)
                0x0000000008006b38                __exidx_end = .

.preinit_array  0x0000000008006b38        0x0
                0x0000000008006b38                PROVIDE (__preinit_array_start = .)
 *(.preinit_array*)
                0x0000000008006b38                PROVIDE (__preinit_array_end = .)

.init_array     0x0000000008006b38        0x4
                0x0000000008006b38                PROVIDE (__init_array_start = .)
 *(SORT_BY_NAME(.init_array.*))
 *(.init_array*)
 .init_array    0x0000000008006b38        0x4 /usr/lib/gcc/arm-none-eabi/8.2.0/thumb/v7e-m+fp/hard/crtbegin.o
                0x0000000008006b3c                PROVIDE (__init_array_end = .)

.fini_array     0x0000000008006b3c        0x4
                0x0000000008006b3c                PROVIDE (__fini_array_start = .)
 *(SORT_BY_NAME(.fini_array.*))
 *(.fini_array*)
 .fini_array    0x0000000008006b3c        0x4 /usr/lib/gcc/arm-none-eabi/8.2.0/thumb/v7e-m+fp/hard/crtbegin.o
                0x0000000008006b40                PROVIDE (__fini_array_end = .)
                0x0000000008006b40                _sidata = LOADADDR (.data)

.data           0x0000000020000000      0x310 load address 0x0000000008006b40
                0x0000000020000000                . = ALIGN (0x4)
                0x0000000020000000                _sdata = .
 *(.data)
 .data          0x0000000020000000       0xc0 Middlewares/ST/STM32_USB_Device_Library/Class/HID/Src/usbd_hid.o
                0x0000000020000088                USBD_HID
 .data          0x00000000200000c0        0x4 Middlewares/Third_Party/FreeRTOS/Source/portable/GCC/ARM_CM4F/port.o
 .data          0x00000000200000c4       0x54 Src/SN54HC595.o
                0x00000000200000c4                shift_dev
 .data          0x0000000020000118       0x54 Src/keyboard.o
                0x0000000020000118                keyboard_dev
 .data          0x000000002000016c      0x108 Src/main.o
                0x000000002000016c                keymap_init0
                0x00000000200001c4                keymap_init1
                0x000000002000021c                keymap_init2
 .data          0x0000000020000274        0x4 Src/system_stm32f4xx.o
                0x0000000020000274                SystemCoreClock
 .data          0x0000000020000278       0x34 Src/usbd_desc.o
                0x0000000020000278                USBD_FS_DeviceDesc
                0x000000002000028c                USBD_LangIDDesc
                0x0000000020000290                FS_Desc
 *(.data*)
 .data._impure_ptr
                0x00000000200002ac        0x4 /usr/lib/gcc/arm-none-eabi/8.2.0/../../../../arm-none-eabi/lib/thumb/v7e-m+fp/hard/libc_nano.a(lib_a-impure.o)
                0x00000000200002ac                _impure_ptr
 .data.impure_data
                0x00000000200002b0       0x60 /usr/lib/gcc/arm-none-eabi/8.2.0/../../../../arm-none-eabi/lib/thumb/v7e-m+fp/hard/libc_nano.a(lib_a-impure.o)
                0x0000000020000310                . = ALIGN (0x4)
                0x0000000020000310                _edata = .
                0x0000000008006e50                _siccmram = LOADADDR (.ccmram)

.igot.plt       0x0000000020000310        0x0 load address 0x0000000008006e50
 .igot.plt      0x0000000020000310        0x0 /usr/lib/gcc/arm-none-eabi/8.2.0/thumb/v7e-m+fp/hard/crtbegin.o

.ccmram         0x0000000010000000        0x0 load address 0x0000000008006e50
                0x0000000010000000                . = ALIGN (0x4)
                0x0000000010000000                _sccmram = .
 *(.ccmram)
 *(.ccmram*)
                0x0000000010000000                . = ALIGN (0x4)
                0x0000000010000000                _eccmram = .
                0x0000000010000000                . = ALIGN (0x4)

.bss            0x0000000020000310     0x4ab0
                0x0000000020000310                _sbss = .
                0x0000000020000310                __bss_start__ = _sbss
 *(.bss)
 .bss           0x0000000020000310        0x1 Middlewares/ST/STM32_USB_Device_Library/Core/Src/usbd_ctlreq.o
 *fill*         0x0000000020000311        0x3 
 .bss           0x0000000020000314      0x12c Middlewares/Third_Party/FreeRTOS/Source/tasks.o
                0x0000000020000414                pxCurrentTCB
 .bss           0x0000000020000440       0x3c Middlewares/Third_Party/FreeRTOS/Source/timers.o
 .bss           0x000000002000047c        0x8 Middlewares/Third_Party/FreeRTOS/Source/portable/GCC/ARM_CM4F/port.o
 .bss           0x0000000020000484     0x3c18 Middlewares/Third_Party/FreeRTOS/Source/portable/MemMang/heap_4.o
 .bss           0x000000002000409c       0x19 Src/keyboard.o
 *fill*         0x00000000200040b5        0x3 
 .bss           0x00000000200040b8       0x10 Src/keymap.o
                0x00000000200040b8                keymap_layer_list
 .bss           0x00000000200040c8        0xc Src/macro.o
                0x00000000200040c8                macro_dev
 .bss           0x00000000200040d4        0x4 Src/main.o
                0x00000000200040d4                USB_send_lock
 .bss           0x00000000200040d8        0x2 Src/scan.o
 *(.bss*)
 .bss.completed.10163
                0x00000000200040da        0x1 /usr/lib/gcc/arm-none-eabi/8.2.0/thumb/v7e-m+fp/hard/crtbegin.o
 *fill*         0x00000000200040db        0x1 
 .bss.object.10168
                0x00000000200040dc       0x18 /usr/lib/gcc/arm-none-eabi/8.2.0/thumb/v7e-m+fp/hard/crtbegin.o
 .bss.__malloc_free_list
                0x00000000200040f4        0x4 /usr/lib/gcc/arm-none-eabi/8.2.0/../../../../arm-none-eabi/lib/thumb/v7e-m+fp/hard/libc_nano.a(lib_a-nano-mallocr.o)
                0x00000000200040f4                __malloc_free_list
 .bss.__malloc_sbrk_start
                0x00000000200040f8        0x4 /usr/lib/gcc/arm-none-eabi/8.2.0/../../../../arm-none-eabi/lib/thumb/v7e-m+fp/hard/libc_nano.a(lib_a-nano-mallocr.o)
                0x00000000200040f8                __malloc_sbrk_start
 .bss.heap_end.5501
                0x00000000200040fc        0x4 /usr/lib/gcc/arm-none-eabi/8.2.0/../../../../arm-none-eabi/lib/thumb/v7e-m+fp/hard/libnosys.a(sbrk.o)
 *(COMMON)
 COMMON         0x0000000020004100        0x4 Drivers/STM32F4xx_HAL_Driver/Src/stm32f4xx_hal.o
                0x0000000020004100                uwTick
 COMMON         0x0000000020004104       0x40 Middlewares/Third_Party/FreeRTOS/Source/queue.o
                0x0000000020004104                xQueueRegistry
 COMMON         0x0000000020004144        0x4 Src/keyboard.o
                0x0000000020004144                queue_packet_to_send
 COMMON         0x0000000020004148      0x1d4 Src/main.o
                0x0000000020004148                KeyboardListenHandle
                0x000000002000414c                defaultTaskHandle
                0x0000000020004150                huart3
                0x0000000020004190                ADCListenHandle
                0x0000000020004194                hadc2
                0x00000000200041dc                hi2c1
                0x0000000020004230                hi2c2
                0x0000000020004284                hadc1
                0x00000000200042cc                current_keyboard_state
                0x00000000200042d0                CLIListenHandle
                0x00000000200042d4                heth
 COMMON         0x000000002000431c      0x224 Src/usb_device.o
                0x000000002000431c                hUsbDeviceFS
 COMMON         0x0000000020004540      0x3f0 Src/usbd_conf.o
                0x0000000020004540                hpcd_USB_OTG_FS
 COMMON         0x0000000020004930      0x200 Src/usbd_desc.o
                0x0000000020004930                USBD_StrDesc
 COMMON         0x0000000020004b30       0x60 Src/visEffect.o
                0x0000000020004b30                ws2812b
 COMMON         0x0000000020004b90      0x22c Src/ws2812b.o
                0x0000000020004b90                test_buff3
                0x0000000020004b9c                tim2OC2
                0x0000000020004bb8                timer_reset_pulse_period
                0x0000000020004bbc                dmaCC2
                0x0000000020004c1c                tim2OC1
                0x0000000020004c38                TIM1_handle
                0x0000000020004c74                test_buff1
                0x0000000020004c80                tim_period
                0x0000000020004c84                test_buff4
                0x0000000020004c90                dmaCC1
                0x0000000020004cf0                test_buff2
                0x0000000020004cfc                ws2812bDmaBitBuffer
                0x0000000020004d5c                dmaUpdate
 COMMON         0x0000000020004dbc        0x4 /usr/lib/gcc/arm-none-eabi/8.2.0/../../../../arm-none-eabi/lib/thumb/v7e-m+fp/hard/libc_nano.a(lib_a-reent.o)
                0x0000000020004dbc                errno
                0x0000000020004dc0                . = ALIGN (0x4)
                0x0000000020004dc0                _ebss = .
                0x0000000020004dc0                __bss_end__ = _ebss

._user_heap_stack
                0x0000000020004dc0      0x600
                0x0000000020004dc0                . = ALIGN (0x8)
                0x0000000020004dc0                PROVIDE (end = .)
                [!provide]                        PROVIDE (_end = .)
                0x0000000020004fc0                . = (. + _Min_Heap_Size)
 *fill*         0x0000000020004dc0      0x200 
                0x00000000200053c0                . = (. + _Min_Stack_Size)
 *fill*         0x0000000020004fc0      0x400 
                0x00000000200053c0                . = ALIGN (0x8)

/DISCARD/
 libc.a(*)
 libm.a(*)
 libgcc.a(*)

.ARM.attributes
                0x0000000000000000       0x30
 *(.ARM.attributes)
 .ARM.attributes
                0x0000000000000000       0x1e /usr/lib/gcc/arm-none-eabi/8.2.0/thumb/v7e-m+fp/hard/crti.o
 .ARM.attributes
                0x000000000000001e       0x34 /usr/lib/gcc/arm-none-eabi/8.2.0/thumb/v7e-m+fp/hard/crtbegin.o
 .ARM.attributes
                0x0000000000000052       0x34 Drivers/STM32F4xx_HAL_Driver/Src/stm32f4xx_hal.o
 .ARM.attributes
                0x0000000000000086       0x34 Drivers/STM32F4xx_HAL_Driver/Src/stm32f4xx_hal_adc.o
 .ARM.attributes
                0x00000000000000ba       0x34 Drivers/STM32F4xx_HAL_Driver/Src/stm32f4xx_hal_cortex.o
 .ARM.attributes
                0x00000000000000ee       0x34 Drivers/STM32F4xx_HAL_Driver/Src/stm32f4xx_hal_dma.o
 .ARM.attributes
                0x0000000000000122       0x34 Drivers/STM32F4xx_HAL_Driver/Src/stm32f4xx_hal_eth.o
 .ARM.attributes
                0x0000000000000156       0x34 Drivers/STM32F4xx_HAL_Driver/Src/stm32f4xx_hal_gpio.o
 .ARM.attributes
                0x000000000000018a       0x34 Drivers/STM32F4xx_HAL_Driver/Src/stm32f4xx_hal_i2c.o
 .ARM.attributes
                0x00000000000001be       0x34 Drivers/STM32F4xx_HAL_Driver/Src/stm32f4xx_hal_pcd.o
 .ARM.attributes
                0x00000000000001f2       0x34 Drivers/STM32F4xx_HAL_Driver/Src/stm32f4xx_hal_pcd_ex.o
 .ARM.attributes
                0x0000000000000226       0x34 Drivers/STM32F4xx_HAL_Driver/Src/stm32f4xx_hal_rcc.o
 .ARM.attributes
                0x000000000000025a       0x34 Drivers/STM32F4xx_HAL_Driver/Src/stm32f4xx_hal_tim.o
 .ARM.attributes
                0x000000000000028e       0x34 Drivers/STM32F4xx_HAL_Driver/Src/stm32f4xx_hal_tim_ex.o
 .ARM.attributes
                0x00000000000002c2       0x34 Drivers/STM32F4xx_HAL_Driver/Src/stm32f4xx_hal_uart.o
 .ARM.attributes
                0x00000000000002f6       0x34 Drivers/STM32F4xx_HAL_Driver/Src/stm32f4xx_ll_usb.o
 .ARM.attributes
                0x000000000000032a       0x34 Middlewares/ST/STM32_USB_Device_Library/Class/HID/Src/usbd_hid.o
 .ARM.attributes
                0x000000000000035e       0x34 Middlewares/ST/STM32_USB_Device_Library/Core/Src/usbd_core.o
 .ARM.attributes
                0x0000000000000392       0x34 Middlewares/ST/STM32_USB_Device_Library/Core/Src/usbd_ctlreq.o
 .ARM.attributes
                0x00000000000003c6       0x34 Middlewares/ST/STM32_USB_Device_Library/Core/Src/usbd_ioreq.o
 .ARM.attributes
                0x00000000000003fa       0x34 Middlewares/Third_Party/FreeRTOS/Source/CMSIS_RTOS/cmsis_os.o
 .ARM.attributes
                0x000000000000042e       0x34 Middlewares/Third_Party/FreeRTOS/Source/list.o
 .ARM.attributes
                0x0000000000000462       0x34 Middlewares/Third_Party/FreeRTOS/Source/queue.o
 .ARM.attributes
                0x0000000000000496       0x34 Middlewares/Third_Party/FreeRTOS/Source/tasks.o
 .ARM.attributes
                0x00000000000004ca       0x34 Middlewares/Third_Party/FreeRTOS/Source/timers.o
 .ARM.attributes
                0x00000000000004fe       0x34 Middlewares/Third_Party/FreeRTOS/Source/portable/GCC/ARM_CM4F/port.o
 .ARM.attributes
                0x0000000000000532       0x34 Middlewares/Third_Party/FreeRTOS/Source/portable/MemMang/heap_4.o
 .ARM.attributes
                0x0000000000000566       0x34 Src/SN54HC595.o
 .ARM.attributes
                0x000000000000059a       0x34 Src/keyboard.o
 .ARM.attributes
                0x00000000000005ce       0x34 Src/keymap.o
 .ARM.attributes
                0x0000000000000602       0x34 Src/lookup.o
 .ARM.attributes
                0x0000000000000636       0x34 Src/macro.o
 .ARM.attributes
                0x000000000000066a       0x34 Src/main.o
 .ARM.attributes
                0x000000000000069e       0x34 Src/scan.o
 .ARM.attributes
                0x00000000000006d2       0x34 Src/stm32f4xx_hal_msp.o
 .ARM.attributes
                0x0000000000000706       0x34 Src/stm32f4xx_it.o
 .ARM.attributes
                0x000000000000073a       0x34 Src/system_stm32f4xx.o
 .ARM.attributes
                0x000000000000076e       0x34 Src/usb_device.o
 .ARM.attributes
                0x00000000000007a2       0x34 Src/usbd_conf.o
 .ARM.attributes
                0x00000000000007d6       0x34 Src/usbd_desc.o
 .ARM.attributes
                0x000000000000080a       0x34 Src/visEffect.o
 .ARM.attributes
                0x000000000000083e       0x34 Src/ws2812b.o
 .ARM.attributes
                0x0000000000000872       0x21 startup/startup_stm32f429xx.o
 .ARM.attributes
                0x0000000000000893       0x34 /usr/lib/gcc/arm-none-eabi/8.2.0/../../../../arm-none-eabi/lib/thumb/v7e-m+fp/hard/libc_nano.a(lib_a-calloc.o)
 .ARM.attributes
                0x00000000000008c7       0x32 /usr/lib/gcc/arm-none-eabi/8.2.0/../../../../arm-none-eabi/lib/thumb/v7e-m+fp/hard/libc_nano.a(lib_a-impure.o)
 .ARM.attributes
                0x00000000000008f9       0x34 /usr/lib/gcc/arm-none-eabi/8.2.0/../../../../arm-none-eabi/lib/thumb/v7e-m+fp/hard/libc_nano.a(lib_a-init.o)
 .ARM.attributes
                0x000000000000092d       0x34 /usr/lib/gcc/arm-none-eabi/8.2.0/../../../../arm-none-eabi/lib/thumb/v7e-m+fp/hard/libc_nano.a(lib_a-malloc.o)
 .ARM.attributes
                0x0000000000000961       0x34 /usr/lib/gcc/arm-none-eabi/8.2.0/../../../../arm-none-eabi/lib/thumb/v7e-m+fp/hard/libc_nano.a(lib_a-memcpy-stub.o)
 .ARM.attributes
                0x0000000000000995       0x34 /usr/lib/gcc/arm-none-eabi/8.2.0/../../../../arm-none-eabi/lib/thumb/v7e-m+fp/hard/libc_nano.a(lib_a-memset.o)
 .ARM.attributes
                0x00000000000009c9       0x34 /usr/lib/gcc/arm-none-eabi/8.2.0/../../../../arm-none-eabi/lib/thumb/v7e-m+fp/hard/libc_nano.a(lib_a-nano-callocr.o)
 .ARM.attributes
                0x00000000000009fd       0x34 /usr/lib/gcc/arm-none-eabi/8.2.0/../../../../arm-none-eabi/lib/thumb/v7e-m+fp/hard/libc_nano.a(lib_a-nano-freer.o)
 .ARM.attributes
                0x0000000000000a31       0x34 /usr/lib/gcc/arm-none-eabi/8.2.0/../../../../arm-none-eabi/lib/thumb/v7e-m+fp/hard/libc_nano.a(lib_a-nano-mallocr.o)
 .ARM.attributes
                0x0000000000000a65       0x34 /usr/lib/gcc/arm-none-eabi/8.2.0/../../../../arm-none-eabi/lib/thumb/v7e-m+fp/hard/libc_nano.a(lib_a-sbrkr.o)
 .ARM.attributes
                0x0000000000000a99       0x34 /usr/lib/gcc/arm-none-eabi/8.2.0/../../../../arm-none-eabi/lib/thumb/v7e-m+fp/hard/libc_nano.a(lib_a-mlock.o)
 .ARM.attributes
                0x0000000000000acd       0x34 /usr/lib/gcc/arm-none-eabi/8.2.0/../../../../arm-none-eabi/lib/thumb/v7e-m+fp/hard/libc_nano.a(lib_a-reent.o)
 .ARM.attributes
                0x0000000000000b01       0x34 /usr/lib/gcc/arm-none-eabi/8.2.0/../../../../arm-none-eabi/lib/thumb/v7e-m+fp/hard/libnosys.a(sbrk.o)
 .ARM.attributes
                0x0000000000000b35       0x1e /usr/lib/gcc/arm-none-eabi/8.2.0/thumb/v7e-m+fp/hard/crtn.o
OUTPUT(V2.elf elf32-littlearm)

.debug_info     0x0000000000000000    0x3f78f
 .debug_info    0x0000000000000000     0x13a2 Drivers/STM32F4xx_HAL_Driver/Src/stm32f4xx_hal.o
 .debug_info    0x00000000000013a2     0x1815 Drivers/STM32F4xx_HAL_Driver/Src/stm32f4xx_hal_adc.o
 .debug_info    0x0000000000002bb7     0x19d4 Drivers/STM32F4xx_HAL_Driver/Src/stm32f4xx_hal_cortex.o
 .debug_info    0x000000000000458b     0x142f Drivers/STM32F4xx_HAL_Driver/Src/stm32f4xx_hal_dma.o
 .debug_info    0x00000000000059ba     0x23eb Drivers/STM32F4xx_HAL_Driver/Src/stm32f4xx_hal_eth.o
 .debug_info    0x0000000000007da5     0x10d0 Drivers/STM32F4xx_HAL_Driver/Src/stm32f4xx_hal_gpio.o
 .debug_info    0x0000000000008e75     0x3cb3 Drivers/STM32F4xx_HAL_Driver/Src/stm32f4xx_hal_i2c.o
 .debug_info    0x000000000000cb28     0x1f0c Drivers/STM32F4xx_HAL_Driver/Src/stm32f4xx_hal_pcd.o
 .debug_info    0x000000000000ea34      0xeb7 Drivers/STM32F4xx_HAL_Driver/Src/stm32f4xx_hal_pcd_ex.o
 .debug_info    0x000000000000f8eb     0x1768 Drivers/STM32F4xx_HAL_Driver/Src/stm32f4xx_hal_rcc.o
 .debug_info    0x0000000000011053     0x3c28 Drivers/STM32F4xx_HAL_Driver/Src/stm32f4xx_hal_tim.o
 .debug_info    0x0000000000014c7b     0x1d90 Drivers/STM32F4xx_HAL_Driver/Src/stm32f4xx_hal_tim_ex.o
 .debug_info    0x0000000000016a0b     0x2216 Drivers/STM32F4xx_HAL_Driver/Src/stm32f4xx_hal_uart.o
 .debug_info    0x0000000000018c21     0x2269 Drivers/STM32F4xx_HAL_Driver/Src/stm32f4xx_ll_usb.o
 .debug_info    0x000000000001ae8a     0x12c0 Middlewares/ST/STM32_USB_Device_Library/Class/HID/Src/usbd_hid.o
 .debug_info    0x000000000001c14a     0x162a Middlewares/ST/STM32_USB_Device_Library/Core/Src/usbd_core.o
 .debug_info    0x000000000001d774     0x17fe Middlewares/ST/STM32_USB_Device_Library/Core/Src/usbd_ctlreq.o
 .debug_info    0x000000000001ef72     0x10f1 Middlewares/ST/STM32_USB_Device_Library/Core/Src/usbd_ioreq.o
 .debug_info    0x0000000000020063     0x27d7 Middlewares/Third_Party/FreeRTOS/Source/CMSIS_RTOS/cmsis_os.o
 .debug_info    0x000000000002283a      0xb7f Middlewares/Third_Party/FreeRTOS/Source/list.o
 .debug_info    0x00000000000233b9     0x2409 Middlewares/Third_Party/FreeRTOS/Source/queue.o
 .debug_info    0x00000000000257c2     0x2fed Middlewares/Third_Party/FreeRTOS/Source/tasks.o
 .debug_info    0x00000000000287af     0x1ace Middlewares/Third_Party/FreeRTOS/Source/timers.o
 .debug_info    0x000000000002a27d      0x5be Middlewares/Third_Party/FreeRTOS/Source/portable/GCC/ARM_CM4F/port.o
 .debug_info    0x000000000002a83b      0xd6c Middlewares/Third_Party/FreeRTOS/Source/portable/MemMang/heap_4.o
 .debug_info    0x000000000002b5a7     0x142b Src/SN54HC595.o
 .debug_info    0x000000000002c9d2     0x116c Src/keyboard.o
 .debug_info    0x000000000002db3e      0xe5b Src/keymap.o
 .debug_info    0x000000000002e999      0xb0e Src/lookup.o
 .debug_info    0x000000000002f4a7     0x132d Src/macro.o
 .debug_info    0x00000000000307d4     0x3422 Src/main.o
 .debug_info    0x0000000000033bf6      0xc00 Src/scan.o
 .debug_info    0x00000000000347f6     0x2518 Src/stm32f4xx_hal_msp.o
 .debug_info    0x0000000000036d0e      0xe8a Src/stm32f4xx_it.o
 .debug_info    0x0000000000037b98      0xe19 Src/system_stm32f4xx.o
 .debug_info    0x00000000000389b1      0xe82 Src/usb_device.o
 .debug_info    0x0000000000039833     0x25f4 Src/usbd_conf.o
 .debug_info    0x000000000003be27      0xe34 Src/usbd_desc.o
 .debug_info    0x000000000003cc5b      0xbef Src/visEffect.o
 .debug_info    0x000000000003d84a     0x1f23 Src/ws2812b.o
 .debug_info    0x000000000003f76d       0x22 startup/startup_stm32f429xx.o

.debug_abbrev   0x0000000000000000     0x7faf
 .debug_abbrev  0x0000000000000000      0x395 Drivers/STM32F4xx_HAL_Driver/Src/stm32f4xx_hal.o
 .debug_abbrev  0x0000000000000395      0x38e Drivers/STM32F4xx_HAL_Driver/Src/stm32f4xx_hal_adc.o
 .debug_abbrev  0x0000000000000723      0x45e Drivers/STM32F4xx_HAL_Driver/Src/stm32f4xx_hal_cortex.o
 .debug_abbrev  0x0000000000000b81      0x384 Drivers/STM32F4xx_HAL_Driver/Src/stm32f4xx_hal_dma.o
 .debug_abbrev  0x0000000000000f05      0x3e7 Drivers/STM32F4xx_HAL_Driver/Src/stm32f4xx_hal_eth.o
 .debug_abbrev  0x00000000000012ec      0x2f3 Drivers/STM32F4xx_HAL_Driver/Src/stm32f4xx_hal_gpio.o
 .debug_abbrev  0x00000000000015df      0x346 Drivers/STM32F4xx_HAL_Driver/Src/stm32f4xx_hal_i2c.o
 .debug_abbrev  0x0000000000001925      0x387 Drivers/STM32F4xx_HAL_Driver/Src/stm32f4xx_hal_pcd.o
 .debug_abbrev  0x0000000000001cac      0x291 Drivers/STM32F4xx_HAL_Driver/Src/stm32f4xx_hal_pcd_ex.o
 .debug_abbrev  0x0000000000001f3d      0x3de Drivers/STM32F4xx_HAL_Driver/Src/stm32f4xx_hal_rcc.o
 .debug_abbrev  0x000000000000231b      0x32e Drivers/STM32F4xx_HAL_Driver/Src/stm32f4xx_hal_tim.o
 .debug_abbrev  0x0000000000002649      0x32e Drivers/STM32F4xx_HAL_Driver/Src/stm32f4xx_hal_tim_ex.o
 .debug_abbrev  0x0000000000002977      0x398 Drivers/STM32F4xx_HAL_Driver/Src/stm32f4xx_hal_uart.o
 .debug_abbrev  0x0000000000002d0f      0x362 Drivers/STM32F4xx_HAL_Driver/Src/stm32f4xx_ll_usb.o
 .debug_abbrev  0x0000000000003071      0x2db Middlewares/ST/STM32_USB_Device_Library/Class/HID/Src/usbd_hid.o
 .debug_abbrev  0x000000000000334c      0x31a Middlewares/ST/STM32_USB_Device_Library/Core/Src/usbd_core.o
 .debug_abbrev  0x0000000000003666      0x38d Middlewares/ST/STM32_USB_Device_Library/Core/Src/usbd_ctlreq.o
 .debug_abbrev  0x00000000000039f3      0x24b Middlewares/ST/STM32_USB_Device_Library/Core/Src/usbd_ioreq.o
 .debug_abbrev  0x0000000000003c3e      0x458 Middlewares/Third_Party/FreeRTOS/Source/CMSIS_RTOS/cmsis_os.o
 .debug_abbrev  0x0000000000004096      0x245 Middlewares/Third_Party/FreeRTOS/Source/list.o
 .debug_abbrev  0x00000000000042db      0x3e6 Middlewares/Third_Party/FreeRTOS/Source/queue.o
 .debug_abbrev  0x00000000000046c1      0x431 Middlewares/Third_Party/FreeRTOS/Source/tasks.o
 .debug_abbrev  0x0000000000004af2      0x343 Middlewares/Third_Party/FreeRTOS/Source/timers.o
 .debug_abbrev  0x0000000000004e35      0x242 Middlewares/Third_Party/FreeRTOS/Source/portable/GCC/ARM_CM4F/port.o
 .debug_abbrev  0x0000000000005077      0x37e Middlewares/Third_Party/FreeRTOS/Source/portable/MemMang/heap_4.o
 .debug_abbrev  0x00000000000053f5      0x35e Src/SN54HC595.o
 .debug_abbrev  0x0000000000005753      0x3a4 Src/keyboard.o
 .debug_abbrev  0x0000000000005af7      0x300 Src/keymap.o
 .debug_abbrev  0x0000000000005df7      0x247 Src/lookup.o
 .debug_abbrev  0x000000000000603e      0x333 Src/macro.o
 .debug_abbrev  0x0000000000006371      0x392 Src/main.o
 .debug_abbrev  0x0000000000006703      0x293 Src/scan.o
 .debug_abbrev  0x0000000000006996      0x2f7 Src/stm32f4xx_hal_msp.o
 .debug_abbrev  0x0000000000006c8d      0x27c Src/stm32f4xx_it.o
 .debug_abbrev  0x0000000000006f09      0x23d Src/system_stm32f4xx.o
 .debug_abbrev  0x0000000000007146      0x23d Src/usb_device.o
 .debug_abbrev  0x0000000000007383      0x33d Src/usbd_conf.o
 .debug_abbrev  0x00000000000076c0      0x2b5 Src/usbd_desc.o
 .debug_abbrev  0x0000000000007975      0x24d Src/visEffect.o
 .debug_abbrev  0x0000000000007bc2      0x3db Src/ws2812b.o
 .debug_abbrev  0x0000000000007f9d       0x12 startup/startup_stm32f429xx.o

.debug_loc      0x0000000000000000    0x19c0e
 .debug_loc     0x0000000000000000      0x13c Drivers/STM32F4xx_HAL_Driver/Src/stm32f4xx_hal.o
 .debug_loc     0x000000000000013c      0xab5 Drivers/STM32F4xx_HAL_Driver/Src/stm32f4xx_hal_adc.o
 .debug_loc     0x0000000000000bf1      0x700 Drivers/STM32F4xx_HAL_Driver/Src/stm32f4xx_hal_cortex.o
 .debug_loc     0x00000000000012f1      0xd57 Drivers/STM32F4xx_HAL_Driver/Src/stm32f4xx_hal_dma.o
 .debug_loc     0x0000000000002048     0x104b Drivers/STM32F4xx_HAL_Driver/Src/stm32f4xx_hal_eth.o
 .debug_loc     0x0000000000003093      0x502 Drivers/STM32F4xx_HAL_Driver/Src/stm32f4xx_hal_gpio.o
 .debug_loc     0x0000000000003595     0x38a6 Drivers/STM32F4xx_HAL_Driver/Src/stm32f4xx_hal_i2c.o
 .debug_loc     0x0000000000006e3b      0xf0f Drivers/STM32F4xx_HAL_Driver/Src/stm32f4xx_hal_pcd.o
 .debug_loc     0x0000000000007d4a       0xfa Drivers/STM32F4xx_HAL_Driver/Src/stm32f4xx_hal_pcd_ex.o
 .debug_loc     0x0000000000007e44      0x7e5 Drivers/STM32F4xx_HAL_Driver/Src/stm32f4xx_hal_rcc.o
 .debug_loc     0x0000000000008629     0x4016 Drivers/STM32F4xx_HAL_Driver/Src/stm32f4xx_hal_tim.o
 .debug_loc     0x000000000000c63f     0x10ca Drivers/STM32F4xx_HAL_Driver/Src/stm32f4xx_hal_tim_ex.o
 .debug_loc     0x000000000000d709     0x18e0 Drivers/STM32F4xx_HAL_Driver/Src/stm32f4xx_hal_uart.o
 .debug_loc     0x000000000000efe9     0x1846 Drivers/STM32F4xx_HAL_Driver/Src/stm32f4xx_ll_usb.o
 .debug_loc     0x000000000001082f      0x583 Middlewares/ST/STM32_USB_Device_Library/Class/HID/Src/usbd_hid.o
 .debug_loc     0x0000000000010db2      0x864 Middlewares/ST/STM32_USB_Device_Library/Core/Src/usbd_core.o
 .debug_loc     0x0000000000011616      0xc62 Middlewares/ST/STM32_USB_Device_Library/Core/Src/usbd_ctlreq.o
 .debug_loc     0x0000000000012278      0x284 Middlewares/ST/STM32_USB_Device_Library/Core/Src/usbd_ioreq.o
 .debug_loc     0x00000000000124fc     0x123f Middlewares/Third_Party/FreeRTOS/Source/CMSIS_RTOS/cmsis_os.o
 .debug_loc     0x000000000001373b       0x93 Middlewares/Third_Party/FreeRTOS/Source/list.o
 .debug_loc     0x00000000000137ce     0x1309 Middlewares/Third_Party/FreeRTOS/Source/queue.o
 .debug_loc     0x0000000000014ad7     0x1aae Middlewares/Third_Party/FreeRTOS/Source/tasks.o
 .debug_loc     0x0000000000016585      0xbc4 Middlewares/Third_Party/FreeRTOS/Source/timers.o
 .debug_loc     0x0000000000017149      0x124 Middlewares/Third_Party/FreeRTOS/Source/portable/GCC/ARM_CM4F/port.o
 .debug_loc     0x000000000001726d      0x313 Middlewares/Third_Party/FreeRTOS/Source/portable/MemMang/heap_4.o
 .debug_loc     0x0000000000017580      0x3f9 Src/SN54HC595.o
 .debug_loc     0x0000000000017979      0x1a1 Src/keyboard.o
 .debug_loc     0x0000000000017b1a      0x1d7 Src/keymap.o
 .debug_loc     0x0000000000017cf1       0x94 Src/lookup.o
 .debug_loc     0x0000000000017d85      0x23d Src/macro.o
 .debug_loc     0x0000000000017fc2       0xbe Src/main.o
 .debug_loc     0x0000000000018080       0x90 Src/scan.o
 .debug_loc     0x0000000000018110      0x24a Src/stm32f4xx_hal_msp.o
 .debug_loc     0x000000000001835a      0x16c Src/system_stm32f4xx.o
 .debug_loc     0x00000000000184c6      0xd81 Src/usbd_conf.o
 .debug_loc     0x0000000000019247      0x319 Src/usbd_desc.o
 .debug_loc     0x0000000000019560      0x185 Src/visEffect.o
 .debug_loc     0x00000000000196e5      0x529 Src/ws2812b.o

.debug_aranges  0x0000000000000000     0x1e70
 .debug_aranges
                0x0000000000000000       0xd8 Drivers/STM32F4xx_HAL_Driver/Src/stm32f4xx_hal.o
 .debug_aranges
                0x00000000000000d8       0xe8 Drivers/STM32F4xx_HAL_Driver/Src/stm32f4xx_hal_adc.o
 .debug_aranges
                0x00000000000001c0       0xa8 Drivers/STM32F4xx_HAL_Driver/Src/stm32f4xx_hal_cortex.o
 .debug_aranges
                0x0000000000000268       0x90 Drivers/STM32F4xx_HAL_Driver/Src/stm32f4xx_hal_dma.o
 .debug_aranges
                0x00000000000002f8      0x118 Drivers/STM32F4xx_HAL_Driver/Src/stm32f4xx_hal_eth.o
 .debug_aranges
                0x0000000000000410       0x58 Drivers/STM32F4xx_HAL_Driver/Src/stm32f4xx_hal_gpio.o
 .debug_aranges
                0x0000000000000468      0x268 Drivers/STM32F4xx_HAL_Driver/Src/stm32f4xx_hal_i2c.o
 .debug_aranges