Archive member included to satisfy reference by file (symbol)

/usr/lib/gcc/arm-none-eabi/8.2.0/thumb/v7e-m+fp/hard/libgcc.a(_arm_addsubdf3.o)
                              Src/mouse.o (__aeabi_i2d)
/usr/lib/gcc/arm-none-eabi/8.2.0/thumb/v7e-m+fp/hard/libgcc.a(_arm_muldivdf3.o)
                              Src/mouse.o (__aeabi_dmul)
/usr/lib/gcc/arm-none-eabi/8.2.0/thumb/v7e-m+fp/hard/libgcc.a(_arm_fixdfsi.o)
                              Src/mouse.o (__aeabi_d2iz)
/usr/lib/gcc/arm-none-eabi/8.2.0/../../../../arm-none-eabi/lib/thumb/v7e-m+fp/hard/libc_nano.a(lib_a-atexit.o)
                              /usr/lib/gcc/arm-none-eabi/8.2.0/../../../../arm-none-eabi/lib/thumb/v7e-m+fp/hard/crt0.o (atexit)
/usr/lib/gcc/arm-none-eabi/8.2.0/../../../../arm-none-eabi/lib/thumb/v7e-m+fp/hard/libc_nano.a(lib_a-calloc.o)
                              Src/SN54HC595.o (calloc)
/usr/lib/gcc/arm-none-eabi/8.2.0/../../../../arm-none-eabi/lib/thumb/v7e-m+fp/hard/libc_nano.a(lib_a-exit.o)
                              /usr/lib/gcc/arm-none-eabi/8.2.0/../../../../arm-none-eabi/lib/thumb/v7e-m+fp/hard/crt0.o (exit)
/usr/lib/gcc/arm-none-eabi/8.2.0/../../../../arm-none-eabi/lib/thumb/v7e-m+fp/hard/libc_nano.a(lib_a-fini.o)
                              /usr/lib/gcc/arm-none-eabi/8.2.0/../../../../arm-none-eabi/lib/thumb/v7e-m+fp/hard/crt0.o (__libc_fini_array)
/usr/lib/gcc/arm-none-eabi/8.2.0/../../../../arm-none-eabi/lib/thumb/v7e-m+fp/hard/libc_nano.a(lib_a-impure.o)
                              /usr/lib/gcc/arm-none-eabi/8.2.0/../../../../arm-none-eabi/lib/thumb/v7e-m+fp/hard/libc_nano.a(lib_a-exit.o) (_global_impure_ptr)
/usr/lib/gcc/arm-none-eabi/8.2.0/../../../../arm-none-eabi/lib/thumb/v7e-m+fp/hard/libc_nano.a(lib_a-init.o)
                              /usr/lib/gcc/arm-none-eabi/8.2.0/../../../../arm-none-eabi/lib/thumb/v7e-m+fp/hard/crt0.o (__libc_init_array)
/usr/lib/gcc/arm-none-eabi/8.2.0/../../../../arm-none-eabi/lib/thumb/v7e-m+fp/hard/libc_nano.a(lib_a-malloc.o)
                              Middlewares/ST/STM32_USB_Device_Library/Class/HID/Src/usbd_hid.o (malloc)
/usr/lib/gcc/arm-none-eabi/8.2.0/../../../../arm-none-eabi/lib/thumb/v7e-m+fp/hard/libc_nano.a(lib_a-memcpy-stub.o)
                              Middlewares/Third_Party/FreeRTOS/Source/queue.o (memcpy)
/usr/lib/gcc/arm-none-eabi/8.2.0/../../../../arm-none-eabi/lib/thumb/v7e-m+fp/hard/libc_nano.a(lib_a-memset.o)
                              /usr/lib/gcc/arm-none-eabi/8.2.0/../../../../arm-none-eabi/lib/thumb/v7e-m+fp/hard/crt0.o (memset)
/usr/lib/gcc/arm-none-eabi/8.2.0/../../../../arm-none-eabi/lib/thumb/v7e-m+fp/hard/libc_nano.a(lib_a-nano-callocr.o)
                              /usr/lib/gcc/arm-none-eabi/8.2.0/../../../../arm-none-eabi/lib/thumb/v7e-m+fp/hard/libc_nano.a(lib_a-calloc.o) (_calloc_r)
/usr/lib/gcc/arm-none-eabi/8.2.0/../../../../arm-none-eabi/lib/thumb/v7e-m+fp/hard/libc_nano.a(lib_a-nano-freer.o)
                              /usr/lib/gcc/arm-none-eabi/8.2.0/../../../../arm-none-eabi/lib/thumb/v7e-m+fp/hard/libc_nano.a(lib_a-malloc.o) (_free_r)
/usr/lib/gcc/arm-none-eabi/8.2.0/../../../../arm-none-eabi/lib/thumb/v7e-m+fp/hard/libc_nano.a(lib_a-nano-mallocr.o)
                              /usr/lib/gcc/arm-none-eabi/8.2.0/../../../../arm-none-eabi/lib/thumb/v7e-m+fp/hard/libc_nano.a(lib_a-malloc.o) (_malloc_r)
/usr/lib/gcc/arm-none-eabi/8.2.0/../../../../arm-none-eabi/lib/thumb/v7e-m+fp/hard/libc_nano.a(lib_a-rand.o)
                              Src/visEffect.o (rand)
/usr/lib/gcc/arm-none-eabi/8.2.0/../../../../arm-none-eabi/lib/thumb/v7e-m+fp/hard/libc_nano.a(lib_a-realloc.o)
                              Src/CLI.o (realloc)
/usr/lib/gcc/arm-none-eabi/8.2.0/../../../../arm-none-eabi/lib/thumb/v7e-m+fp/hard/libc_nano.a(lib_a-sbrkr.o)
                              /usr/lib/gcc/arm-none-eabi/8.2.0/../../../../arm-none-eabi/lib/thumb/v7e-m+fp/hard/libc_nano.a(lib_a-nano-mallocr.o) (_sbrk_r)
/usr/lib/gcc/arm-none-eabi/8.2.0/../../../../arm-none-eabi/lib/thumb/v7e-m+fp/hard/libc_nano.a(lib_a-sprintf.o)
                              Src/keyboard.o (sprintf)
/usr/lib/gcc/arm-none-eabi/8.2.0/../../../../arm-none-eabi/lib/thumb/v7e-m+fp/hard/libc_nano.a(lib_a-strcpy.o)
                              Src/CLI.o (strcpy)
/usr/lib/gcc/arm-none-eabi/8.2.0/../../../../arm-none-eabi/lib/thumb/v7e-m+fp/hard/libc_nano.a(lib_a-strlen.o)
                              Src/CLI.o (strlen)
/usr/lib/gcc/arm-none-eabi/8.2.0/../../../../arm-none-eabi/lib/thumb/v7e-m+fp/hard/libc_nano.a(lib_a-strncpy.o)
                              Src/scan.o (strncpy)
/usr/lib/gcc/arm-none-eabi/8.2.0/../../../../arm-none-eabi/lib/thumb/v7e-m+fp/hard/libc_nano.a(lib_a-__atexit.o)
                              /usr/lib/gcc/arm-none-eabi/8.2.0/../../../../arm-none-eabi/lib/thumb/v7e-m+fp/hard/libc_nano.a(lib_a-atexit.o) (__register_exitproc)
/usr/lib/gcc/arm-none-eabi/8.2.0/../../../../arm-none-eabi/lib/thumb/v7e-m+fp/hard/libc_nano.a(lib_a-__call_atexit.o)
[...]
Memory Configuration

Name             Origin             Length             Attributes
RAM              0x0000000020000000 0x0000000000030000 xrw
CCMRAM           0x0000000010000000 0x0000000000010000 rw
FLASH            0x0000000008000000 0x0000000000200000 xr
*default*        0x0000000000000000 0xffffffffffffffff

Linker script and memory map

LOAD /usr/lib/gcc/arm-none-eabi/8.2.0/thumb/v7e-m+fp/hard/crti.o
LOAD /usr/lib/gcc/arm-none-eabi/8.2.0/thumb/v7e-m+fp/hard/crtbegin.o
LOAD /usr/lib/gcc/arm-none-eabi/8.2.0/../../../../arm-none-eabi/lib/thumb/v7e-m+fp/hard/crt0.o
LOAD Drivers/STM32F4xx_HAL_Driver/Src/stm32f4xx_hal.o
LOAD Drivers/STM32F4xx_HAL_Driver/Src/stm32f4xx_hal_adc.o
LOAD Drivers/STM32F4xx_HAL_Driver/Src/stm32f4xx_hal_adc_ex.o
LOAD Drivers/STM32F4xx_HAL_Driver/Src/stm32f4xx_hal_cortex.o
LOAD Drivers/STM32F4xx_HAL_Driver/Src/stm32f4xx_hal_dma.o
LOAD Drivers/STM32F4xx_HAL_Driver/Src/stm32f4xx_hal_dma_ex.o
LOAD Drivers/STM32F4xx_HAL_Driver/Src/stm32f4xx_hal_eth.o
LOAD Drivers/STM32F4xx_HAL_Driver/Src/stm32f4xx_hal_flash.o
LOAD Drivers/STM32F4xx_HAL_Driver/Src/stm32f4xx_hal_flash_ex.o
LOAD Drivers/STM32F4xx_HAL_Driver/Src/stm32f4xx_hal_flash_ramfunc.o
LOAD Drivers/STM32F4xx_HAL_Driver/Src/stm32f4xx_hal_gpio.o
LOAD Drivers/STM32F4xx_HAL_Driver/Src/stm32f4xx_hal_i2c.o
LOAD Drivers/STM32F4xx_HAL_Driver/Src/stm32f4xx_hal_i2c_ex.o
LOAD Drivers/STM32F4xx_HAL_Driver/Src/stm32f4xx_hal_pcd.o
LOAD Drivers/STM32F4xx_HAL_Driver/Src/stm32f4xx_hal_pcd_ex.o
LOAD Drivers/STM32F4xx_HAL_Driver/Src/stm32f4xx_hal_pwr.o
LOAD Drivers/STM32F4xx_HAL_Driver/Src/stm32f4xx_hal_pwr_ex.o
LOAD Drivers/STM32F4xx_HAL_Driver/Src/stm32f4xx_hal_rcc.o
LOAD Drivers/STM32F4xx_HAL_Driver/Src/stm32f4xx_hal_rcc_ex.o
LOAD Drivers/STM32F4xx_HAL_Driver/Src/stm32f4xx_hal_tim.o
LOAD Drivers/STM32F4xx_HAL_Driver/Src/stm32f4xx_hal_tim_ex.o
LOAD Drivers/STM32F4xx_HAL_Driver/Src/stm32f4xx_hal_uart.o
LOAD Drivers/STM32F4xx_HAL_Driver/Src/stm32f4xx_ll_usb.o
LOAD Middlewares/ST/STM32_USB_Device_Library/Class/HID/Src/usbd_hid.o
LOAD Middlewares/ST/STM32_USB_Device_Library/Core/Src/usbd_core.o
LOAD Middlewares/ST/STM32_USB_Device_Library/Core/Src/usbd_ctlreq.o
LOAD Middlewares/ST/STM32_USB_Device_Library/Core/Src/usbd_ioreq.o
LOAD Middlewares/Third_Party/FreeRTOS/Source/CMSIS_RTOS/cmsis_os.o
LOAD Middlewares/Third_Party/FreeRTOS/Source/croutine.o
LOAD Middlewares/Third_Party/FreeRTOS/Source/event_groups.o
LOAD Middlewares/Third_Party/FreeRTOS/Source/list.o
LOAD Middlewares/Third_Party/FreeRTOS/Source/queue.o
LOAD Middlewares/Third_Party/FreeRTOS/Source/tasks.o
LOAD Middlewares/Third_Party/FreeRTOS/Source/timers.o
LOAD Middlewares/Third_Party/FreeRTOS/Source/portable/GCC/ARM_CM4F/port.o
LOAD Middlewares/Third_Party/FreeRTOS/Source/portable/MemMang/heap_4.o
LOAD Src/AT24Cxx_stm32_hal.o
LOAD Src/CLI.o
LOAD Src/DS3231_stm32_hal.o
LOAD Src/SN54HC595.o
LOAD Src/datatypes.o
LOAD Src/fonts.o
LOAD Src/freertos.o
LOAD Src/keyboard.o
LOAD Src/keymap.o
LOAD Src/layers.o
LOAD Src/linked_list.o
LOAD Src/lookup.o
LOAD Src/macro.o
LOAD Src/main.o
LOAD Src/mouse.o
LOAD Src/scan.o
LOAD Src/screen.o
LOAD Src/shift.o
LOAD Src/ssd1306.o
LOAD Src/states.o
LOAD Src/stm32f4xx_hal_msp.o
LOAD Src/stm32f4xx_it.o
LOAD Src/system_stm32f4xx.o
LOAD Src/usb_device.o
LOAD Src/usbd_conf.o
LOAD Src/usbd_desc.o
LOAD Src/visEffect.o
LOAD Src/ws2812b.o
LOAD startup/startup_stm32f429xx.o
LOAD /usr/lib/gcc/arm-none-eabi/8.2.0/../../../../arm-none-eabi/lib/thumb/v7e-m+fp/hard/libm.a
START GROUP
LOAD /usr/lib/gcc/arm-none-eabi/8.2.0/thumb/v7e-m+fp/hard/libgcc.a
LOAD /usr/lib/gcc/arm-none-eabi/8.2.0/../../../../arm-none-eabi/lib/thumb/v7e-m+fp/hard/libc_nano.a
END GROUP
START GROUP
LOAD /usr/lib/gcc/arm-none-eabi/8.2.0/thumb/v7e-m+fp/hard/libgcc.a
LOAD /usr/lib/gcc/arm-none-eabi/8.2.0/../../../../arm-none-eabi/lib/thumb/v7e-m+fp/hard/libc_nano.a
LOAD /usr/lib/gcc/arm-none-eabi/8.2.0/../../../../arm-none-eabi/lib/thumb/v7e-m+fp/hard/libnosys.a
END GROUP
START GROUP
LOAD /usr/lib/gcc/arm-none-eabi/8.2.0/thumb/v7e-m+fp/hard/libgcc.a
LOAD /usr/lib/gcc/arm-none-eabi/8.2.0/../../../../arm-none-eabi/lib/thumb/v7e-m+fp/hard/libc_nano.a
LOAD /usr/lib/gcc/arm-none-eabi/8.2.0/../../../../arm-none-eabi/lib/thumb/v7e-m+fp/hard/libnosys.a
END GROUP
LOAD /usr/lib/gcc/arm-none-eabi/8.2.0/thumb/v7e-m+fp/hard/crtend.o
LOAD /usr/lib/gcc/arm-none-eabi/8.2.0/thumb/v7e-m+fp/hard/crtn.o
                0x0000000020030000                _estack = 0x20030000
                0x0000000000000200                _Min_Heap_Size = 0x200
                0x0000000000000400                _Min_Stack_Size = 0x400

.isr_vector     0x0000000008000000      0x1ac
                0x0000000008000000                . = ALIGN (0x4)
 *(.isr_vector)
 .isr_vector    0x0000000008000000      0x1ac startup/startup_stm32f429xx.o
                0x0000000008000000                g_pfnVectors
                0x00000000080001ac                . = ALIGN (0x4)

.text           0x00000000080001b0     0x3dec
                0x00000000080001b0                . = ALIGN (0x4)
 *(.text)
 *(.text*)
 .text.__do_global_dtors_aux
                0x00000000080001b0       0x24 /usr/lib/gcc/arm-none-eabi/8.2.0/thumb/v7e-m+fp/hard/crtbegin.o
 .text.frame_dummy
                0x00000000080001d4       0x1c /usr/lib/gcc/arm-none-eabi/8.2.0/thumb/v7e-m+fp/hard/crtbegin.o
 .text.HAL_InitTick
                0x00000000080001f0       0x2c Drivers/STM32F4xx_HAL_Driver/Src/stm32f4xx_hal.o
                0x00000000080001f0                HAL_InitTick
 .text.HAL_Init
                0x000000000800021c       0x34 Drivers/STM32F4xx_HAL_Driver/Src/stm32f4xx_hal.o
                0x000000000800021c                HAL_Init
 .text.HAL_IncTick
                0x0000000008000250       0x10 Drivers/STM32F4xx_HAL_Driver/Src/stm32f4xx_hal.o
                0x0000000008000250                HAL_IncTick
 .text.HAL_GetTick
                0x0000000008000260        0xc Drivers/STM32F4xx_HAL_Driver/Src/stm32f4xx_hal.o
                0x0000000008000260                HAL_GetTick
 .text.HAL_Delay
                0x000000000800026c       0x24 Drivers/STM32F4xx_HAL_Driver/Src/stm32f4xx_hal.o
                0x000000000800026c                HAL_Delay
 .text.ADC_Init
                0x0000000008000290      0x13c Drivers/STM32F4xx_HAL_Driver/Src/stm32f4xx_hal_adc.o
 .text.HAL_ADC_Init
                0x00000000080003cc       0x54 Drivers/STM32F4xx_HAL_Driver/Src/stm32f4xx_hal_adc.o
                0x00000000080003cc                HAL_ADC_Init
 .text.HAL_ADC_ConfigChannel
                0x0000000008000420      0x194 Drivers/STM32F4xx_HAL_Driver/Src/stm32f4xx_hal_adc.o
                0x0000000008000420                HAL_ADC_ConfigChannel
 .text.HAL_NVIC_SetPriorityGrouping
                0x00000000080005b4       0x24 Drivers/STM32F4xx_HAL_Driver/Src/stm32f4xx_hal_cortex.o
                0x00000000080005b4                HAL_NVIC_SetPriorityGrouping
 .text.HAL_NVIC_SetPriority
                0x00000000080005d8       0x68 Drivers/STM32F4xx_HAL_Driver/Src/stm32f4xx_hal_cortex.o
                0x00000000080005d8                HAL_NVIC_SetPriority
 .text.HAL_SYSTICK_Config
                0x0000000008000640       0x2c Drivers/STM32F4xx_HAL_Driver/Src/stm32f4xx_hal_cortex.o
                0x0000000008000640                HAL_SYSTICK_Config
 .text.HAL_SYSTICK_CLKSourceConfig
                0x000000000800066c       0x20 Drivers/STM32F4xx_HAL_Driver/Src/stm32f4xx_hal_cortex.o
                0x000000000800066c                HAL_SYSTICK_CLKSourceConfig
 .text.HAL_DMA_IRQHandler
                0x000000000800068c      0x1e4 Drivers/STM32F4xx_HAL_Driver/Src/stm32f4xx_hal_dma.o
                0x000000000800068c                HAL_DMA_IRQHandler
 .text.ETH_MACAddressConfig
                0x0000000008000870       0x30 Drivers/STM32F4xx_HAL_Driver/Src/stm32f4xx_hal_eth.o
 .text.ETH_MACDMAConfig
                0x00000000080008a0      0x118 Drivers/STM32F4xx_HAL_Driver/Src/stm32f4xx_hal_eth.o
 .text.HAL_ETH_ReadPHYRegister
                0x00000000080009b8       0x78 Drivers/STM32F4xx_HAL_Driver/Src/stm32f4xx_hal_eth.o
                0x00000000080009b8                HAL_ETH_ReadPHYRegister
 .text.HAL_ETH_WritePHYRegister
                0x0000000008000a30       0x74 Drivers/STM32F4xx_HAL_Driver/Src/stm32f4xx_hal_eth.o
                0x0000000008000a30                HAL_ETH_WritePHYRegister
 .text.HAL_ETH_Init
                0x0000000008000aa4      0x258 Drivers/STM32F4xx_HAL_Driver/Src/stm32f4xx_hal_eth.o
                0x0000000008000aa4                HAL_ETH_Init
 .text.HAL_GPIO_Init
                0x0000000008000cfc      0x1e0 Drivers/STM32F4xx_HAL_Driver/Src/stm32f4xx_hal_gpio.o
                0x0000000008000cfc                HAL_GPIO_Init
 .text.HAL_GPIO_ReadPin
                0x0000000008000edc        0xe Drivers/STM32F4xx_HAL_Driver/Src/stm32f4xx_hal_gpio.o
                0x0000000008000edc                HAL_GPIO_ReadPin
 .text.HAL_GPIO_WritePin
                0x0000000008000eea        0xc Drivers/STM32F4xx_HAL_Driver/Src/stm32f4xx_hal_gpio.o
                0x0000000008000eea                HAL_GPIO_WritePin
 *fill*         0x0000000008000ef6        0x2 
 .text.HAL_I2C_Init
                0x0000000008000ef8      0x11c Drivers/STM32F4xx_HAL_Driver/Src/stm32f4xx_hal_i2c.o
                0x0000000008000ef8                HAL_I2C_Init
 .text.PCD_WriteEmptyTxFifo
                0x0000000008001014       0xac Drivers/STM32F4xx_HAL_Driver/Src/stm32f4xx_hal_pcd.o
 .text.HAL_PCD_IRQHandler
                0x00000000080010c0      0x5c4 Drivers/STM32F4xx_HAL_Driver/Src/stm32f4xx_hal_pcd.o
                0x00000000080010c0                HAL_PCD_IRQHandler
 .text.HAL_PCD_SetAddress
                0x0000000008001684       0x24 Drivers/STM32F4xx_HAL_Driver/Src/stm32f4xx_hal_pcd.o
                0x0000000008001684                HAL_PCD_SetAddress
 .text.HAL_PCD_EP_Open
                0x00000000080016a8       0x68 Drivers/STM32F4xx_HAL_Driver/Src/stm32f4xx_hal_pcd.o
                0x00000000080016a8                HAL_PCD_EP_Open
 .text.HAL_PCD_EP_Receive
                0x0000000008001710       0x5a Drivers/STM32F4xx_HAL_Driver/Src/stm32f4xx_hal_pcd.o
                0x0000000008001710                HAL_PCD_EP_Receive
 .text.HAL_PCD_EP_Transmit
                0x000000000800176a       0x52 Drivers/STM32F4xx_HAL_Driver/Src/stm32f4xx_hal_pcd.o
                0x000000000800176a                HAL_PCD_EP_Transmit
 .text.HAL_PCD_EP_SetStall
                0x00000000080017bc       0x66 Drivers/STM32F4xx_HAL_Driver/Src/stm32f4xx_hal_pcd.o
                0x00000000080017bc                HAL_PCD_EP_SetStall
 .text.HAL_PCD_EP_ClrStall
                0x0000000008001822       0x56 Drivers/STM32F4xx_HAL_Driver/Src/stm32f4xx_hal_pcd.o
                0x0000000008001822                HAL_PCD_EP_ClrStall
 .text.HAL_RCC_OscConfig
                0x0000000008001878      0x3b0 Drivers/STM32F4xx_HAL_Driver/Src/stm32f4xx_hal_rcc.o
                0x0000000008001878                HAL_RCC_OscConfig
 .text.HAL_RCC_GetSysClockFreq
                0x0000000008001c28       0x94 Drivers/STM32F4xx_HAL_Driver/Src/stm32f4xx_hal_rcc.o
                0x0000000008001c28                HAL_RCC_GetSysClockFreq
 .text.HAL_RCC_ClockConfig
                0x0000000008001cbc      0x1a0 Drivers/STM32F4xx_HAL_Driver/Src/stm32f4xx_hal_rcc.o
                0x0000000008001cbc                HAL_RCC_ClockConfig
 .text.HAL_RCC_GetHCLKFreq
                0x0000000008001e5c        0xc Drivers/STM32F4xx_HAL_Driver/Src/stm32f4xx_hal_rcc.o
                0x0000000008001e5c                HAL_RCC_GetHCLKFreq
 .text.HAL_RCC_GetPCLK1Freq
                0x0000000008001e68       0x2c Drivers/STM32F4xx_HAL_Driver/Src/stm32f4xx_hal_rcc.o
                0x0000000008001e68                HAL_RCC_GetPCLK1Freq
 .text.HAL_RCC_GetPCLK2Freq
                0x0000000008001e94       0x2c Drivers/STM32F4xx_HAL_Driver/Src/stm32f4xx_hal_rcc.o
                0x0000000008001e94                HAL_RCC_GetPCLK2Freq
 .text.HAL_TIM_OC_DelayElapsedCallback
                0x0000000008001ec0        0x2 Drivers/STM32F4xx_HAL_Driver/Src/stm32f4xx_hal_tim.o
                0x0000000008001ec0                HAL_TIM_OC_DelayElapsedCallback
 .text.HAL_TIM_IC_CaptureCallback
                0x0000000008001ec2        0x2 Drivers/STM32F4xx_HAL_Driver/Src/stm32f4xx_hal_tim.o
                0x0000000008001ec2                HAL_TIM_IC_CaptureCallback
 .text.HAL_TIM_PWM_PulseFinishedCallback
                0x0000000008001ec4        0x2 Drivers/STM32F4xx_HAL_Driver/Src/stm32f4xx_hal_tim.o
                0x0000000008001ec4                HAL_TIM_PWM_PulseFinishedCallback
 .text.HAL_TIM_TriggerCallback
                0x0000000008001ec6        0x2 Drivers/STM32F4xx_HAL_Driver/Src/stm32f4xx_hal_tim.o
                0x0000000008001ec6                HAL_TIM_TriggerCallback
 .text.HAL_TIM_IRQHandler
                0x0000000008001ec8      0x17a Drivers/STM32F4xx_HAL_Driver/Src/stm32f4xx_hal_tim.o
                0x0000000008001ec8                HAL_TIM_IRQHandler
 .text.HAL_TIMEx_CommutationCallback
                0x0000000008002042        0x2 Drivers/STM32F4xx_HAL_Driver/Src/stm32f4xx_hal_tim_ex.o
                0x0000000008002042                HAL_TIMEx_CommutationCallback
 .text.HAL_TIMEx_BreakCallback
                0x0000000008002044        0x2 Drivers/STM32F4xx_HAL_Driver/Src/stm32f4xx_hal_tim_ex.o
                0x0000000008002044                HAL_TIMEx_BreakCallback
 *fill*         0x0000000008002046        0x2 
 .text.UART_SetConfig
                0x0000000008002048      0x334 Drivers/STM32F4xx_HAL_Driver/Src/stm32f4xx_hal_uart.o
 .text.HAL_UART_Init
                0x000000000800237c       0x5e Drivers/STM32F4xx_HAL_Driver/Src/stm32f4xx_hal_uart.o
                0x000000000800237c                HAL_UART_Init
 *fill*         0x00000000080023da        0x2 
 .text.USB_FlushTxFifo
                0x00000000080023dc       0x28 Drivers/STM32F4xx_HAL_Driver/Src/stm32f4xx_ll_usb.o
                0x00000000080023dc                USB_FlushTxFifo
 .text.USB_GetDevSpeed
                0x0000000008002404       0x40 Drivers/STM32F4xx_HAL_Driver/Src/stm32f4xx_ll_usb.o
                0x0000000008002404                USB_GetDevSpeed
 .text.USB_ActivateEndpoint
                0x0000000008002444       0x92 Drivers/STM32F4xx_HAL_Driver/Src/stm32f4xx_ll_usb.o
                0x0000000008002444                USB_ActivateEndpoint
 .text.USB_EP0StartXfer
                0x00000000080024d6      0x160 Drivers/STM32F4xx_HAL_Driver/Src/stm32f4xx_ll_usb.o
                0x00000000080024d6                USB_EP0StartXfer
 .text.USB_WritePacket
                0x0000000008002636       0x28 Drivers/STM32F4xx_HAL_Driver/Src/stm32f4xx_ll_usb.o
                0x0000000008002636                USB_WritePacket
 *fill*         0x000000000800265e        0x2 
 .text.USB_EPStartXfer
                0x0000000008002660      0x264 Drivers/STM32F4xx_HAL_Driver/Src/stm32f4xx_ll_usb.o
                0x0000000008002660                USB_EPStartXfer
 .text.USB_ReadPacket
                0x00000000080028c4       0x28 Drivers/STM32F4xx_HAL_Driver/Src/stm32f4xx_ll_usb.o
                0x00000000080028c4                USB_ReadPacket
 .text.USB_EPSetStall
                0x00000000080028ec       0x64 Drivers/STM32F4xx_HAL_Driver/Src/stm32f4xx_ll_usb.o
                0x00000000080028ec                USB_EPSetStall
 .text.USB_EPClearStall
                0x0000000008002950       0x6a Drivers/STM32F4xx_HAL_Driver/Src/stm32f4xx_ll_usb.o
                0x0000000008002950                USB_EPClearStall
 .text.USB_SetDevAddress
                0x00000000080029ba       0x20 Drivers/STM32F4xx_HAL_Driver/Src/stm32f4xx_ll_usb.o
                0x00000000080029ba                USB_SetDevAddress
 .text.USB_ReadInterrupts
                0x00000000080029da        0x8 Drivers/STM32F4xx_HAL_Driver/Src/stm32f4xx_ll_usb.o
                0x00000000080029da                USB_ReadInterrupts
 .text.USB_ReadDevAllOutEpInterrupt
                0x00000000080029e2       0x10 Drivers/STM32F4xx_HAL_Driver/Src/stm32f4xx_ll_usb.o
                0x00000000080029e2                USB_ReadDevAllOutEpInterrupt
 .text.USB_ReadDevAllInEpInterrupt
                0x00000000080029f2       0x10 Drivers/STM32F4xx_HAL_Driver/Src/stm32f4xx_ll_usb.o
                0x00000000080029f2                USB_ReadDevAllInEpInterrupt
 .text.USB_ReadDevOutEPInterrupt
                0x0000000008002a02       0x12 Drivers/STM32F4xx_HAL_Driver/Src/stm32f4xx_ll_usb.o
                0x0000000008002a02                USB_ReadDevOutEPInterrupt
 .text.USB_ReadDevInEPInterrupt
                0x0000000008002a14       0x24 Drivers/STM32F4xx_HAL_Driver/Src/stm32f4xx_ll_usb.o
                0x0000000008002a14                USB_ReadDevInEPInterrupt
 .text.USB_GetMode
                0x0000000008002a38        0x8 Drivers/STM32F4xx_HAL_Driver/Src/stm32f4xx_ll_usb.o
                0x0000000008002a38                USB_GetMode
 .text.USB_ActivateSetup
                0x0000000008002a40       0x38 Drivers/STM32F4xx_HAL_Driver/Src/stm32f4xx_ll_usb.o
                0x0000000008002a40                USB_ActivateSetup
 .text.USB_EP0_OutStart
                0x0000000008002a78       0x46 Drivers/STM32F4xx_HAL_Driver/Src/stm32f4xx_ll_usb.o
                0x0000000008002a78                USB_EP0_OutStart
 .text.USBD_SetClassConfig
                0x0000000008002abe       0x1a Middlewares/ST/STM32_USB_Device_Library/Core/Src/usbd_core.o
                0x0000000008002abe                USBD_SetClassConfig
 .text.USBD_ClrClassConfig
                0x0000000008002ad8        0xe Middlewares/ST/STM32_USB_Device_Library/Core/Src/usbd_core.o
                0x0000000008002ad8                USBD_ClrClassConfig
 .text.USBD_LL_SetupStage
                0x0000000008002ae6       0x5c Middlewares/ST/STM32_USB_Device_Library/Core/Src/usbd_core.o
                0x0000000008002ae6                USBD_LL_SetupStage
 .text.USBD_LL_DataOutStage
                0x0000000008002b42       0x6c Middlewares/ST/STM32_USB_Device_Library/Core/Src/usbd_core.o
                0x0000000008002b42                USBD_LL_DataOutStage
 .text.USBD_LL_DataInStage
                0x0000000008002bae       0xb2 Middlewares/ST/STM32_USB_Device_Library/Core/Src/usbd_core.o
                0x0000000008002bae                USBD_LL_DataInStage
 .text.USBD_LL_Reset
                0x0000000008002c60       0x3e Middlewares/ST/STM32_USB_Device_Library/Core/Src/usbd_core.o
                0x0000000008002c60                USBD_LL_Reset
 .text.USBD_LL_SetSpeed
                0x0000000008002c9e        0x6 Middlewares/ST/STM32_USB_Device_Library/Core/Src/usbd_core.o
                0x0000000008002c9e                USBD_LL_SetSpeed
 .text.USBD_LL_Suspend
                0x0000000008002ca4       0x12 Middlewares/ST/STM32_USB_Device_Library/Core/Src/usbd_core.o
                0x0000000008002ca4                USBD_LL_Suspend
 .text.USBD_LL_Resume
                0x0000000008002cb6        0xc Middlewares/ST/STM32_USB_Device_Library/Core/Src/usbd_core.o
                0x0000000008002cb6                USBD_LL_Resume
 .text.USBD_LL_SOF
                0x0000000008002cc2       0x1c Middlewares/ST/STM32_USB_Device_Library/Core/Src/usbd_core.o
                0x0000000008002cc2                USBD_LL_SOF
 .text.USBD_LL_IsoINIncomplete
                0x0000000008002cde        0x4 Middlewares/ST/STM32_USB_Device_Library/Core/Src/usbd_core.o
                0x0000000008002cde                USBD_LL_IsoINIncomplete
 .text.USBD_LL_IsoOUTIncomplete
                0x0000000008002ce2        0x4 Middlewares/ST/STM32_USB_Device_Library/Core/Src/usbd_core.o
                0x0000000008002ce2                USBD_LL_IsoOUTIncomplete
 .text.USBD_LL_DevConnected
                0x0000000008002ce6        0x4 Middlewares/ST/STM32_USB_Device_Library/Core/Src/usbd_core.o
                0x0000000008002ce6                USBD_LL_DevConnected
 .text.USBD_LL_DevDisconnected
                0x0000000008002cea       0x16 Middlewares/ST/STM32_USB_Device_Library/Core/Src/usbd_core.o
                0x0000000008002cea                USBD_LL_DevDisconnected
 .text.USBD_SetFeature
                0x0000000008002d00       0x20 Middlewares/ST/STM32_USB_Device_Library/Core/Src/usbd_ctlreq.o
 .text.USBD_ParseSetupRequest
                0x0000000008002d20       0x28 Middlewares/ST/STM32_USB_Device_Library/Core/Src/usbd_ctlreq.o
                0x0000000008002d20                USBD_ParseSetupRequest
 .text.USBD_CtlError
                0x0000000008002d48       0x14 Middlewares/ST/STM32_USB_Device_Library/Core/Src/usbd_ctlreq.o
                0x0000000008002d48                USBD_CtlError
 .text.USBD_GetDescriptor
                0x0000000008002d5c      0x132 Middlewares/ST/STM32_USB_Device_Library/Core/Src/usbd_ctlreq.o
 .text.USBD_SetAddress
                0x0000000008002e8e       0x4a Middlewares/ST/STM32_USB_Device_Library/Core/Src/usbd_ctlreq.o
 .text.USBD_SetConfig
                0x0000000008002ed8       0xa4 Middlewares/ST/STM32_USB_Device_Library/Core/Src/usbd_ctlreq.o
 .text.USBD_GetConfig
                0x0000000008002f7c       0x3a Middlewares/ST/STM32_USB_Device_Library/Core/Src/usbd_ctlreq.o
 .text.USBD_GetStatus
                0x0000000008002fb6       0x2c Middlewares/ST/STM32_USB_Device_Library/Core/Src/usbd_ctlreq.o
 .text.USBD_ClrFeature
                0x0000000008002fe2       0x30 Middlewares/ST/STM32_USB_Device_Library/Core/Src/usbd_ctlreq.o
 .text.USBD_StdDevReq
                0x0000000008003012       0x48 Middlewares/ST/STM32_USB_Device_Library/Core/Src/usbd_ctlreq.o
                0x0000000008003012                USBD_StdDevReq
 .text.USBD_StdItfReq
                0x000000000800305a       0x36 Middlewares/ST/STM32_USB_Device_Library/Core/Src/usbd_ctlreq.o
                0x000000000800305a                USBD_StdItfReq
 .text.USBD_StdEPReq
                0x0000000008003090      0x126 Middlewares/ST/STM32_USB_Device_Library/Core/Src/usbd_ctlreq.o
                0x0000000008003090                USBD_StdEPReq
 .text.USBD_CtlSendData
                0x00000000080031b6       0x1a Middlewares/ST/STM32_USB_Device_Library/Core/Src/usbd_ioreq.o
                0x00000000080031b6                USBD_CtlSendData
 .text.USBD_CtlContinueSendData
                0x00000000080031d0       0x10 Middlewares/ST/STM32_USB_Device_Library/Core/Src/usbd_ioreq.o
                0x00000000080031d0                USBD_CtlContinueSendData
 .text.USBD_CtlContinueRx
                0x00000000080031e0       0x10 Middlewares/ST/STM32_USB_Device_Library/Core/Src/usbd_ioreq.o
                0x00000000080031e0                USBD_CtlContinueRx
 .text.USBD_CtlSendStatus
                0x00000000080031f0       0x16 Middlewares/ST/STM32_USB_Device_Library/Core/Src/usbd_ioreq.o
                0x00000000080031f0                USBD_CtlSendStatus
 .text.USBD_CtlReceiveStatus
                0x0000000008003206       0x16 Middlewares/ST/STM32_USB_Device_Library/Core/Src/usbd_ioreq.o
                0x0000000008003206                USBD_CtlReceiveStatus
 .text.vListInsertEnd
                0x000000000800321c       0x16 Middlewares/Third_Party/FreeRTOS/Source/list.o
                0x000000000800321c                vListInsertEnd
 .text.uxListRemove
                0x0000000008003232       0x24 Middlewares/Third_Party/FreeRTOS/Source/list.o
                0x0000000008003232                uxListRemove
 *fill*         0x0000000008003256        0x2 
 .text.prvResetNextTaskUnblockTime
                0x0000000008003258       0x24 Middlewares/Third_Party/FreeRTOS/Source/tasks.o
 .text.xTaskIncrementTick
                0x000000000800327c      0x10c Middlewares/Third_Party/FreeRTOS/Source/tasks.o
                0x000000000800327c                xTaskIncrementTick
 .text.vTaskSwitchContext
                0x0000000008003388       0x90 Middlewares/Third_Party/FreeRTOS/Source/tasks.o
                0x0000000008003388                vTaskSwitchContext
 .text.xTaskGetSchedulerState
                0x0000000008003418       0x20 Middlewares/Third_Party/FreeRTOS/Source/tasks.o
                0x0000000008003418                xTaskGetSchedulerState
 *fill*         0x0000000008003438        0x8 
 .text.SVC_Handler
                0x0000000008003440       0x24 Middlewares/Third_Party/FreeRTOS/Source/portable/GCC/ARM_CM4F/port.o
                0x0000000008003440                SVC_Handler
 *fill*         0x0000000008003464        0xc 
 .text.PendSV_Handler
                0x0000000008003470       0x64 Middlewares/Third_Party/FreeRTOS/Source/portable/GCC/ARM_CM4F/port.o
                0x0000000008003470                PendSV_Handler
 .text.xPortSysTickHandler
                0x00000000080034d4       0x2c Middlewares/Third_Party/FreeRTOS/Source/portable/GCC/ARM_CM4F/port.o
                0x00000000080034d4                xPortSysTickHandler
 .text.MX_GPIO_Init
                0x0000000008003500      0x18c Src/main.o
 .text._Error_Handler
                0x000000000800368c        0x2 Src/main.o
                0x000000000800368c                _Error_Handler
 *fill*         0x000000000800368e        0x2 
 .text.MX_USART3_UART_Init
                0x0000000008003690       0x3c Src/main.o
 .text.MX_ETH_Init
                0x00000000080036cc       0x60 Src/main.o
 .text.MX_I2C2_Init
                0x000000000800372c       0x44 Src/main.o
 .text.MX_ADC1_Init
                0x0000000008003770       0x70 Src/main.o
 .text.MX_I2C1_Init
                0x00000000080037e0       0x44 Src/main.o
 .text.MX_ADC2_Init
                0x0000000008003824       0x70 Src/main.o
 .text.SystemClock_Config
                0x0000000008003894       0xcc Src/main.o
                0x0000000008003894                SystemClock_Config
 .text.main     0x0000000008003960       0x4c Src/main.o
                0x0000000008003960                main
 .text.HAL_MspInit
                0x00000000080039ac       0x5e Src/stm32f4xx_hal_msp.o
                0x00000000080039ac                HAL_MspInit
 *fill*         0x0000000008003a0a        0x2 
 .text.HAL_ADC_MspInit
                0x0000000008003a0c       0x80 Src/stm32f4xx_hal_msp.o
                0x0000000008003a0c                HAL_ADC_MspInit
 .text.HAL_ETH_MspInit
                0x0000000008003a8c       0xc4 Src/stm32f4xx_hal_msp.o
                0x0000000008003a8c                HAL_ETH_MspInit
 .text.HAL_I2C_MspInit
                0x0000000008003b50       0x98 Src/stm32f4xx_hal_msp.o
                0x0000000008003b50                HAL_I2C_MspInit
 .text.HAL_UART_MspInit
                0x0000000008003be8       0x58 Src/stm32f4xx_hal_msp.o
                0x0000000008003be8                HAL_UART_MspInit
 .text.SysTick_Handler
                0x0000000008003c40       0x16 Src/stm32f4xx_it.o
                0x0000000008003c40                SysTick_Handler
 *fill*         0x0000000008003c56        0x2 
 .text.OTG_FS_IRQHandler
                0x0000000008003c58       0x10 Src/stm32f4xx_it.o
                0x0000000008003c58                OTG_FS_IRQHandler
 .text.SystemInit
                0x0000000008003c68       0x4c Src/system_stm32f4xx.o
                0x0000000008003c68                SystemInit
 .text.HAL_PCD_SetupStageCallback
                0x0000000008003cb4       0x10 Src/usbd_conf.o
                0x0000000008003cb4                HAL_PCD_SetupStageCallback
 .text.HAL_PCD_DataOutStageCallback
                0x0000000008003cc4       0x18 Src/usbd_conf.o
                0x0000000008003cc4                HAL_PCD_DataOutStageCallback
 .text.HAL_PCD_DataInStageCallback
                0x0000000008003cdc       0x16 Src/usbd_conf.o
                0x0000000008003cdc                HAL_PCD_DataInStageCallback
 .text.HAL_PCD_SOFCallback
                0x0000000008003cf2        0xc Src/usbd_conf.o
                0x0000000008003cf2                HAL_PCD_SOFCallback
 .text.HAL_PCD_ResetCallback
                0x0000000008003cfe       0x20 Src/usbd_conf.o
                0x0000000008003cfe                HAL_PCD_ResetCallback
 *fill*         0x0000000008003d1e        0x2 
 .text.HAL_PCD_SuspendCallback
                0x0000000008003d20       0x30 Src/usbd_conf.o
                0x0000000008003d20                HAL_PCD_SuspendCallback
 .text.HAL_PCD_ResumeCallback
                0x0000000008003d50        0xc Src/usbd_conf.o
                0x0000000008003d50                HAL_PCD_ResumeCallback
 .text.HAL_PCD_ISOOUTIncompleteCallback
                0x0000000008003d5c        0xc Src/usbd_conf.o
                0x0000000008003d5c                HAL_PCD_ISOOUTIncompleteCallback
 .text.HAL_PCD_ISOINIncompleteCallback
                0x0000000008003d68        0xc Src/usbd_conf.o
                0x0000000008003d68                HAL_PCD_ISOINIncompleteCallback
 .text.HAL_PCD_ConnectCallback
                0x0000000008003d74        0xc Src/usbd_conf.o
                0x0000000008003d74                HAL_PCD_ConnectCallback
 .text.HAL_PCD_DisconnectCallback
                0x0000000008003d80        0xc Src/usbd_conf.o
                0x0000000008003d80                HAL_PCD_DisconnectCallback
 .text.USBD_LL_OpenEP
                0x0000000008003d8c       0x28 Src/usbd_conf.o
                0x0000000008003d8c                USBD_LL_OpenEP
 .text.USBD_LL_StallEP
                0x0000000008003db4       0x22 Src/usbd_conf.o
                0x0000000008003db4                USBD_LL_StallEP
 .text.USBD_LL_ClearStallEP
                0x0000000008003dd6       0x22 Src/usbd_conf.o
                0x0000000008003dd6                USBD_LL_ClearStallEP
 .text.USBD_LL_IsStallEP
                0x0000000008003df8       0x2e Src/usbd_conf.o
                0x0000000008003df8                USBD_LL_IsStallEP
 .text.USBD_LL_SetUSBAddress
                0x0000000008003e26       0x22 Src/usbd_conf.o
                0x0000000008003e26                USBD_LL_SetUSBAddress
 .text.USBD_LL_Transmit
                0x0000000008003e48       0x22 Src/usbd_conf.o
                0x0000000008003e48                USBD_LL_Transmit
 .text.USBD_LL_PrepareReceive
                0x0000000008003e6a       0x22 Src/usbd_conf.o
                0x0000000008003e6a                USBD_LL_PrepareReceive
 .text.DMA2_Stream2_IRQHandler
                0x0000000008003e8c       0x10 Src/ws2812b.o
                0x0000000008003e8c                DMA2_Stream2_IRQHandler
 .text.TIM1_UP_TIM10_IRQHandler
                0x0000000008003e9c       0x10 Src/ws2812b.o
                0x0000000008003e9c                TIM1_UP_TIM10_IRQHandler
 .text.HAL_TIM_PeriodElapsedCallback
                0x0000000008003eac       0x3c Src/ws2812b.o
                0x0000000008003eac                HAL_TIM_PeriodElapsedCallback
 .text.Reset_Handler
                0x0000000008003ee8       0x50 startup/startup_stm32f429xx.o
                0x0000000008003ee8                Reset_Handler
 .text.Default_Handler
                0x0000000008003f38        0x2 startup/startup_stm32f429xx.o
                0x0000000008003f38                RTC_Alarm_IRQHandler
                0x0000000008003f38                HASH_RNG_IRQHandler
                0x0000000008003f38                EXTI2_IRQHandler
                0x0000000008003f38                TIM8_CC_IRQHandler
                0x0000000008003f38                DebugMon_Handler
                0x0000000008003f38                UART8_IRQHandler
                0x0000000008003f38                SPI4_IRQHandler
                0x0000000008003f38                TIM1_CC_IRQHandler
                0x0000000008003f38                DMA2_Stream5_IRQHandler
                0x0000000008003f38                HardFault_Handler
                0x0000000008003f38                DMA1_Stream5_IRQHandler
                0x0000000008003f38                PVD_IRQHandler
                0x0000000008003f38                SDIO_IRQHandler
                0x0000000008003f38                TAMP_STAMP_IRQHandler
                0x0000000008003f38                NMI_Handler
                0x0000000008003f38                CAN2_RX1_IRQHandler
                0x0000000008003f38                EXTI3_IRQHandler
                0x0000000008003f38                TIM8_TRG_COM_TIM14_IRQHandler
                0x0000000008003f38                TIM8_UP_TIM13_IRQHandler
                0x0000000008003f38                I2C3_ER_IRQHandler
                0x0000000008003f38                EXTI0_IRQHandler
                0x0000000008003f38                I2C2_EV_IRQHandler
                0x0000000008003f38                DMA1_Stream2_IRQHandler
                0x0000000008003f38                CAN1_RX0_IRQHandler
                0x0000000008003f38                FPU_IRQHandler
                0x0000000008003f38                OTG_HS_WKUP_IRQHandler
                0x0000000008003f38                UsageFault_Handler
                0x0000000008003f38                LTDC_ER_IRQHandler
                0x0000000008003f38                CAN2_SCE_IRQHandler
                0x0000000008003f38                SPI1_IRQHandler
                0x0000000008003f38                TIM6_DAC_IRQHandler
                0x0000000008003f38                TIM1_BRK_TIM9_IRQHandler
                0x0000000008003f38                DCMI_IRQHandler
                0x0000000008003f38                CAN2_RX0_IRQHandler
                0x0000000008003f38                DMA2_Stream3_IRQHandler
                0x0000000008003f38                USART6_IRQHandler
                0x0000000008003f38                USART3_IRQHandler
                0x0000000008003f38                CAN1_RX1_IRQHandler
                0x0000000008003f38                UART5_IRQHandler
                0x0000000008003f38                DMA2_Stream0_IRQHandler
                0x0000000008003f38                TIM4_IRQHandler
                0x0000000008003f38                I2C1_EV_IRQHandler
                0x0000000008003f38                DMA1_Stream6_IRQHandler
                0x0000000008003f38                DMA1_Stream1_IRQHandler
                0x0000000008003f38                UART4_IRQHandler
                0x0000000008003f38                TIM3_IRQHandler
                0x0000000008003f38                RCC_IRQHandler
                0x0000000008003f38                TIM8_BRK_TIM12_IRQHandler
                0x0000000008003f38                Default_Handler
                0x0000000008003f38                EXTI15_10_IRQHandler
                0x0000000008003f38                ADC_IRQHandler
                0x0000000008003f38                DMA1_Stream7_IRQHandler
                0x0000000008003f38                SPI5_IRQHandler
                0x0000000008003f38                TIM7_IRQHandler
                0x0000000008003f38                CAN2_TX_IRQHandler
                0x0000000008003f38                TIM5_IRQHandler
                0x0000000008003f38                DMA2_Stream7_IRQHandler
                0x0000000008003f38                I2C3_EV_IRQHandler
                0x0000000008003f38                EXTI9_5_IRQHandler
                0x0000000008003f38                RTC_WKUP_IRQHandler
                0x0000000008003f38                LTDC_IRQHandler
                0x0000000008003f38                ETH_WKUP_IRQHandler
                0x0000000008003f38                SPI2_IRQHandler
                0x0000000008003f38                OTG_HS_EP1_IN_IRQHandler
                0x0000000008003f38                MemManage_Handler
                0x0000000008003f38                DMA1_Stream0_IRQHandler
                0x0000000008003f38                CAN1_TX_IRQHandler
                0x0000000008003f38                EXTI4_IRQHandler
                0x0000000008003f38                ETH_IRQHandler
                0x0000000008003f38                OTG_HS_EP1_OUT_IRQHandler
                0x0000000008003f38                WWDG_IRQHandler
                0x0000000008003f38                SPI6_IRQHandler
                0x0000000008003f38                TIM2_IRQHandler
                0x0000000008003f38                OTG_FS_WKUP_IRQHandler
                0x0000000008003f38                TIM1_TRG_COM_TIM11_IRQHandler
                0x0000000008003f38                OTG_HS_IRQHandler
                0x0000000008003f38                DMA2D_IRQHandler
                0x0000000008003f38                EXTI1_IRQHandler
                0x0000000008003f38                UART7_IRQHandler
                0x0000000008003f38                USART2_IRQHandler
                0x0000000008003f38                I2C2_ER_IRQHandler
                0x0000000008003f38                DMA2_Stream1_IRQHandler
                0x0000000008003f38                CAN1_SCE_IRQHandler
                0x0000000008003f38                FLASH_IRQHandler
                0x0000000008003f38                DMA2_Stream4_IRQHandler
                0x0000000008003f38                BusFault_Handler
                0x0000000008003f38                USART1_IRQHandler
                0x0000000008003f38                SPI3_IRQHandler
                0x0000000008003f38                DMA1_Stream4_IRQHandler
                0x0000000008003f38                I2C1_ER_IRQHandler
                0x0000000008003f38                FMC_IRQHandler
                0x0000000008003f38                DMA2_Stream6_IRQHandler
                0x0000000008003f38                SAI1_IRQHandler
                0x0000000008003f38                DMA1_Stream3_IRQHandler
 *fill*         0x0000000008003f3a        0x2 
 .text.__libc_init_array
                0x0000000008003f3c       0x48 /usr/lib/gcc/arm-none-eabi/8.2.0/../../../../arm-none-eabi/lib/thumb/v7e-m+fp/hard/libc_nano.a(lib_a-init.o)
                0x0000000008003f3c                __libc_init_array
 *(.glue_7)
 .glue_7        0x0000000008003f84        0x0 linker stubs
 *(.glue_7t)
 .glue_7t       0x0000000008003f84        0x0 linker stubs
 *(.eh_frame)
 .eh_frame      0x0000000008003f84        0x0 /usr/lib/gcc/arm-none-eabi/8.2.0/thumb/v7e-m+fp/hard/crtbegin.o
 *(.init)
 .init          0x0000000008003f84        0x4 /usr/lib/gcc/arm-none-eabi/8.2.0/thumb/v7e-m+fp/hard/crti.o
                0x0000000008003f84                _init
 .init          0x0000000008003f88        0x8 /usr/lib/gcc/arm-none-eabi/8.2.0/thumb/v7e-m+fp/hard/crtn.o
 *(.fini)
 .fini          0x0000000008003f90        0x4 /usr/lib/gcc/arm-none-eabi/8.2.0/thumb/v7e-m+fp/hard/crti.o
                0x0000000008003f90                _fini
 .fini          0x0000000008003f94        0x8 /usr/lib/gcc/arm-none-eabi/8.2.0/thumb/v7e-m+fp/hard/crtn.o
                0x0000000008003f9c                . = ALIGN (0x4)
                0x0000000008003f9c                _etext = .

.vfp11_veneer   0x0000000008003f9c        0x0
 .vfp11_veneer  0x0000000008003f9c        0x0 linker stubs

.v4_bx          0x0000000008003f9c        0x0
 .v4_bx         0x0000000008003f9c        0x0 linker stubs

.iplt           0x0000000008003f9c        0x0
 .iplt          0x0000000008003f9c        0x0 /usr/lib/gcc/arm-none-eabi/8.2.0/thumb/v7e-m+fp/hard/crtbegin.o

.rodata         0x0000000008003f9c       0x28
                0x0000000008003f9c                . = ALIGN (0x4)
 *(.rodata)
 .rodata        0x0000000008003f9c       0x18 Src/system_stm32f4xx.o
                0x0000000008003f9c                AHBPrescTable
                0x0000000008003fac                APBPrescTable
 *(.rodata*)
 .rodata.str1.4
                0x0000000008003fb4       0x10 Src/main.o
                                          0xe (size before relaxing)
                0x0000000008003fc4                . = ALIGN (0x4)

.rel.dyn        0x0000000008003fc4        0x0
 .rel.iplt      0x0000000008003fc4        0x0 /usr/lib/gcc/arm-none-eabi/8.2.0/thumb/v7e-m+fp/hard/crtbegin.o

.ARM.extab
 *(.ARM.extab* .gnu.linkonce.armextab.*)

.ARM            0x0000000008003fc4        0x0
                0x0000000008003fc4                __exidx_start = .
 *(.ARM.exidx*)
                0x0000000008003fc4                __exidx_end = .

.preinit_array  0x0000000008003fc4        0x0
                0x0000000008003fc4                PROVIDE (__preinit_array_start = .)
 *(.preinit_array*)
                0x0000000008003fc4                PROVIDE (__preinit_array_end = .)

.init_array     0x0000000008003fc4        0x4
                0x0000000008003fc4                PROVIDE (__init_array_start = .)
 *(SORT_BY_NAME(.init_array.*))
 *(.init_array*)
 .init_array    0x0000000008003fc4        0x4 /usr/lib/gcc/arm-none-eabi/8.2.0/thumb/v7e-m+fp/hard/crtbegin.o
                0x0000000008003fc8                PROVIDE (__init_array_end = .)

.fini_array     0x0000000008003fc8        0x4
                0x0000000008003fc8                PROVIDE (__fini_array_start = .)
 *(SORT_BY_NAME(.fini_array.*))
 *(.fini_array*)
 .fini_array    0x0000000008003fc8        0x4 /usr/lib/gcc/arm-none-eabi/8.2.0/thumb/v7e-m+fp/hard/crtbegin.o
                0x0000000008003fcc                PROVIDE (__fini_array_end = .)
                0x0000000008003fcc                _sidata = LOADADDR (.data)

.data           0x0000000020000000        0x4 load address 0x0000000008003fcc
                0x0000000020000000                . = ALIGN (0x4)
                0x0000000020000000                _sdata = .
 *(.data)
 .data          0x0000000020000000        0x4 Src/system_stm32f4xx.o
                0x0000000020000000                SystemCoreClock
 *(.data*)
                0x0000000020000004                . = ALIGN (0x4)
                0x0000000020000004                _edata = .
                0x0000000008003fd0                _siccmram = LOADADDR (.ccmram)

.igot.plt       0x0000000020000004        0x0 load address 0x0000000008003fd0
 .igot.plt      0x0000000020000004        0x0 /usr/lib/gcc/arm-none-eabi/8.2.0/thumb/v7e-m+fp/hard/crtbegin.o

.ccmram         0x0000000010000000        0x0 load address 0x0000000008003fd0
                0x0000000010000000                . = ALIGN (0x4)
                0x0000000010000000                _sccmram = .
 *(.ccmram)
 *(.ccmram*)
                0x0000000010000000                . = ALIGN (0x4)
                0x0000000010000000                _eccmram = .
                0x0000000010000000                . = ALIGN (0x4)

.bss            0x0000000020000004      0x9a4
                0x0000000020000004                _sbss = .
                0x0000000020000004                __bss_start__ = _sbss
 *(.bss)
 .bss           0x0000000020000004        0x1 Middlewares/ST/STM32_USB_Device_Library/Core/Src/usbd_ctlreq.o
 *fill*         0x0000000020000005        0x3 
 .bss           0x0000000020000008      0x12c Middlewares/Third_Party/FreeRTOS/Source/tasks.o
                0x0000000020000108                pxCurrentTCB
 *(.bss*)
 .bss.completed.10163
                0x0000000020000134        0x1 /usr/lib/gcc/arm-none-eabi/8.2.0/thumb/v7e-m+fp/hard/crtbegin.o
 *fill*         0x0000000020000135        0x3 
 .bss.object.10168
                0x0000000020000138       0x18 /usr/lib/gcc/arm-none-eabi/8.2.0/thumb/v7e-m+fp/hard/crtbegin.o
 *(COMMON)
 COMMON         0x0000000020000150        0x4 Drivers/STM32F4xx_HAL_Driver/Src/stm32f4xx_hal.o
                0x0000000020000150                uwTick
 COMMON         0x0000000020000154      0x1d8 Src/main.o
                0x0000000020000154                KeyboardListenHandle
                0x0000000020000158                defaultTaskHandle
                0x000000002000015c                huart3
                0x000000002000019c                ADCListenHandle
                0x00000000200001a0                hadc2
                0x00000000200001e8                hi2c1
                0x000000002000023c                hi2c2
                0x0000000020000290                keyboard_devs
                0x0000000020000294                hadc1
                0x00000000200002dc                current_keyboard_state
                0x00000000200002e0                CLIListenHandle
                0x00000000200002e4                heth
 COMMON         0x000000002000032c      0x3f0 Src/usbd_conf.o
                0x000000002000032c                hpcd_USB_OTG_FS
 COMMON         0x000000002000071c       0x60 Src/visEffect.o
                0x000000002000071c                ws2812b
 COMMON         0x000000002000077c      0x22c Src/ws2812b.o
                0x000000002000077c                test_buff3
                0x0000000020000788                tim2OC2
                0x00000000200007a4                timer_reset_pulse_period
                0x00000000200007a8                dmaCC2
                0x0000000020000808                tim2OC1
                0x0000000020000824                TIM1_handle
                0x0000000020000860                test_buff1
                0x000000002000086c                tim_period
                0x0000000020000870                test_buff4
                0x000000002000087c                dmaCC1
                0x00000000200008dc                test_buff2
                0x00000000200008e8                ws2812bDmaBitBuffer
                0x0000000020000948                dmaUpdate
                0x00000000200009a8                . = ALIGN (0x4)
                0x00000000200009a8                _ebss = .
                0x00000000200009a8                __bss_end__ = _ebss

._user_heap_stack
                0x00000000200009a8      0x600
                0x00000000200009a8                . = ALIGN (0x8)
                0x00000000200009a8                PROVIDE (end = .)
                [!provide]                        PROVIDE (_end = .)
                0x0000000020000ba8                . = (. + _Min_Heap_Size)
 *fill*         0x00000000200009a8      0x200 
                0x0000000020000fa8                . = (. + _Min_Stack_Size)
 *fill*         0x0000000020000ba8      0x400 
                0x0000000020000fa8                . = ALIGN (0x8)

/DISCARD/
 libc.a(*)
 libm.a(*)
 libgcc.a(*)

.ARM.attributes
                0x0000000000000000       0x30
 *(.ARM.attributes)
 .ARM.attributes
                0x0000000000000000       0x1e /usr/lib/gcc/arm-none-eabi/8.2.0/thumb/v7e-m+fp/hard/crti.o
 .ARM.attributes
                0x000000000000001e       0x34 /usr/lib/gcc/arm-none-eabi/8.2.0/thumb/v7e-m+fp/hard/crtbegin.o
 .ARM.attributes
                0x0000000000000052       0x34 Drivers/STM32F4xx_HAL_Driver/Src/stm32f4xx_hal.o
 .ARM.attributes
                0x0000000000000086       0x34 Drivers/STM32F4xx_HAL_Driver/Src/stm32f4xx_hal_adc.o
 .ARM.attributes
                0x00000000000000ba       0x34 Drivers/STM32F4xx_HAL_Driver/Src/stm32f4xx_hal_cortex.o
 .ARM.attributes
                0x00000000000000ee       0x34 Drivers/STM32F4xx_HAL_Driver/Src/stm32f4xx_hal_dma.o
 .ARM.attributes
                0x0000000000000122       0x34 Drivers/STM32F4xx_HAL_Driver/Src/stm32f4xx_hal_eth.o
 .ARM.attributes
                0x0000000000000156       0x34 Drivers/STM32F4xx_HAL_Driver/Src/stm32f4xx_hal_gpio.o
 .ARM.attributes
                0x000000000000018a       0x34 Drivers/STM32F4xx_HAL_Driver/Src/stm32f4xx_hal_i2c.o
 .ARM.attributes
                0x00000000000001be       0x34 Drivers/STM32F4xx_HAL_Driver/Src/stm32f4xx_hal_pcd.o
 .ARM.attributes
                0x00000000000001f2       0x34 Drivers/STM32F4xx_HAL_Driver/Src/stm32f4xx_hal_rcc.o
 .ARM.attributes
                0x0000000000000226       0x34 Drivers/STM32F4xx_HAL_Driver/Src/stm32f4xx_hal_tim.o
 .ARM.attributes
                0x000000000000025a       0x34 Drivers/STM32F4xx_HAL_Driver/Src/stm32f4xx_hal_tim_ex.o
 .ARM.attributes
                0x000000000000028e       0x34 Drivers/STM32F4xx_HAL_Driver/Src/stm32f4xx_hal_uart.o
 .ARM.attributes
                0x00000000000002c2       0x34 Drivers/STM32F4xx_HAL_Driver/Src/stm32f4xx_ll_usb.o
 .ARM.attributes
                0x00000000000002f6       0x34 Middlewares/ST/STM32_USB_Device_Library/Core/Src/usbd_core.o
 .ARM.attributes
                0x000000000000032a       0x34 Middlewares/ST/STM32_USB_Device_Library/Core/Src/usbd_ctlreq.o
 .ARM.attributes
                0x000000000000035e       0x34 Middlewares/ST/STM32_USB_Device_Library/Core/Src/usbd_ioreq.o
 .ARM.attributes
                0x0000000000000392       0x34 Middlewares/Third_Party/FreeRTOS/Source/list.o
 .ARM.attributes
                0x00000000000003c6       0x34 Middlewares/Third_Party/FreeRTOS/Source/tasks.o
 .ARM.attributes
                0x00000000000003fa       0x34 Middlewares/Third_Party/FreeRTOS/Source/portable/GCC/ARM_CM4F/port.o
 .ARM.attributes
                0x000000000000042e       0x34 Src/main.o
 .ARM.attributes
                0x0000000000000462       0x34 Src/stm32f4xx_hal_msp.o
 .ARM.attributes
                0x0000000000000496       0x34 Src/stm32f4xx_it.o
 .ARM.attributes
                0x00000000000004ca       0x34 Src/system_stm32f4xx.o
 .ARM.attributes
                0x00000000000004fe       0x34 Src/usbd_conf.o
 .ARM.attributes
                0x0000000000000532       0x34 Src/visEffect.o
 .ARM.attributes
                0x0000000000000566       0x34 Src/ws2812b.o
 .ARM.attributes
                0x000000000000059a       0x21 startup/startup_stm32f429xx.o
 .ARM.attributes
                0x00000000000005bb       0x34 /usr/lib/gcc/arm-none-eabi/8.2.0/../../../../arm-none-eabi/lib/thumb/v7e-m+fp/hard/libc_nano.a(lib_a-init.o)
 .ARM.attributes
                0x00000000000005ef       0x1e /usr/lib/gcc/arm-none-eabi/8.2.0/thumb/v7e-m+fp/hard/crtn.o
OUTPUT(V2.elf elf32-littlearm)

.debug_info     0x0000000000000000    0x30046
 .debug_info    0x0000000000000000     0x13a2 Drivers/STM32F4xx_HAL_Driver/Src/stm32f4xx_hal.o
 .debug_info    0x00000000000013a2     0x1815 Drivers/STM32F4xx_HAL_Driver/Src/stm32f4xx_hal_adc.o
 .debug_info    0x0000000000002bb7     0x19d4 Drivers/STM32F4xx_HAL_Driver/Src/stm32f4xx_hal_cortex.o
 .debug_info    0x000000000000458b     0x142f Drivers/STM32F4xx_HAL_Driver/Src/stm32f4xx_hal_dma.o
 .debug_info    0x00000000000059ba     0x23eb Drivers/STM32F4xx_HAL_Driver/Src/stm32f4xx_hal_eth.o
 .debug_info    0x0000000000007da5     0x10d0 Drivers/STM32F4xx_HAL_Driver/Src/stm32f4xx_hal_gpio.o
 .debug_info    0x0000000000008e75     0x3cb3 Drivers/STM32F4xx_HAL_Driver/Src/stm32f4xx_hal_i2c.o
 .debug_info    0x000000000000cb28     0x1f0c Drivers/STM32F4xx_HAL_Driver/Src/stm32f4xx_hal_pcd.o
 .debug_info    0x000000000000ea34     0x1768 Drivers/STM32F4xx_HAL_Driver/Src/stm32f4xx_hal_rcc.o
 .debug_info    0x000000000001019c     0x3c28 Drivers/STM32F4xx_HAL_Driver/Src/stm32f4xx_hal_tim.o
 .debug_info    0x0000000000013dc4     0x1d90 Drivers/STM32F4xx_HAL_Driver/Src/stm32f4xx_hal_tim_ex.o
 .debug_info    0x0000000000015b54     0x2216 Drivers/STM32F4xx_HAL_Driver/Src/stm32f4xx_hal_uart.o
 .debug_info    0x0000000000017d6a     0x2269 Drivers/STM32F4xx_HAL_Driver/Src/stm32f4xx_ll_usb.o
 .debug_info    0x0000000000019fd3     0x162a Middlewares/ST/STM32_USB_Device_Library/Core/Src/usbd_core.o
 .debug_info    0x000000000001b5fd     0x17fe Middlewares/ST/STM32_USB_Device_Library/Core/Src/usbd_ctlreq.o
 .debug_info    0x000000000001cdfb     0x10f1 Middlewares/ST/STM32_USB_Device_Library/Core/Src/usbd_ioreq.o
 .debug_info    0x000000000001deec      0xb7f Middlewares/Third_Party/FreeRTOS/Source/list.o
 .debug_info    0x000000000001ea6b     0x2fed Middlewares/Third_Party/FreeRTOS/Source/tasks.o
 .debug_info    0x0000000000021a58      0x5be Middlewares/Third_Party/FreeRTOS/Source/portable/GCC/ARM_CM4F/port.o
 .debug_info    0x0000000000022016     0x3f97 Src/main.o
 .debug_info    0x0000000000025fad     0x2518 Src/stm32f4xx_hal_msp.o
 .debug_info    0x00000000000284c5      0xe8a Src/stm32f4xx_it.o
 .debug_info    0x000000000002934f      0xe19 Src/system_stm32f4xx.o
 .debug_info    0x000000000002a168     0x25f4 Src/usbd_conf.o
 .debug_info    0x000000000002c75c     0x19a5 Src/visEffect.o
 .debug_info    0x000000000002e101     0x1f23 Src/ws2812b.o
 .debug_info    0x0000000000030024       0x22 startup/startup_stm32f429xx.o

.debug_abbrev   0x0000000000000000     0x5557
 .debug_abbrev  0x0000000000000000      0x395 Drivers/STM32F4xx_HAL_Driver/Src/stm32f4xx_hal.o
 .debug_abbrev  0x0000000000000395      0x38e Drivers/STM32F4xx_HAL_Driver/Src/stm32f4xx_hal_adc.o
 .debug_abbrev  0x0000000000000723      0x45e Drivers/STM32F4xx_HAL_Driver/Src/stm32f4xx_hal_cortex.o
 .debug_abbrev  0x0000000000000b81      0x384 Drivers/STM32F4xx_HAL_Driver/Src/stm32f4xx_hal_dma.o
 .debug_abbrev  0x0000000000000f05      0x3e7 Drivers/STM32F4xx_HAL_Driver/Src/stm32f4xx_hal_eth.o
 .debug_abbrev  0x00000000000012ec      0x2f3 Drivers/STM32F4xx_HAL_Driver/Src/stm32f4xx_hal_gpio.o
 .debug_abbrev  0x00000000000015df      0x346 Drivers/STM32F4xx_HAL_Driver/Src/stm32f4xx_hal_i2c.o
 .debug_abbrev  0x0000000000001925      0x387 Drivers/STM32F4xx_HAL_Driver/Src/stm32f4xx_hal_pcd.o
 .debug_abbrev  0x0000000000001cac      0x3de Drivers/STM32F4xx_HAL_Driver/Src/stm32f4xx_hal_rcc.o
 .debug_abbrev  0x000000000000208a      0x32e Drivers/STM32F4xx_HAL_Driver/Src/stm32f4xx_hal_tim.o
 .debug_abbrev  0x00000000000023b8      0x32e Drivers/STM32F4xx_HAL_Driver/Src/stm32f4xx_hal_tim_ex.o
 .debug_abbrev  0x00000000000026e6      0x398 Drivers/STM32F4xx_HAL_Driver/Src/stm32f4xx_hal_uart.o
 .debug_abbrev  0x0000000000002a7e      0x362 Drivers/STM32F4xx_HAL_Driver/Src/stm32f4xx_ll_usb.o
 .debug_abbrev  0x0000000000002de0      0x31a Middlewares/ST/STM32_USB_Device_Library/Core/Src/usbd_core.o
 .debug_abbrev  0x00000000000030fa      0x38d Middlewares/ST/STM32_USB_Device_Library/Core/Src/usbd_ctlreq.o
 .debug_abbrev  0x0000000000003487      0x24b Middlewares/ST/STM32_USB_Device_Library/Core/Src/usbd_ioreq.o
 .debug_abbrev  0x00000000000036d2      0x245 Middlewares/Third_Party/FreeRTOS/Source/list.o
 .debug_abbrev  0x0000000000003917      0x431 Middlewares/Third_Party/FreeRTOS/Source/tasks.o
 .debug_abbrev  0x0000000000003d48      0x242 Middlewares/Third_Party/FreeRTOS/Source/portable/GCC/ARM_CM4F/port.o
 .debug_abbrev  0x0000000000003f8a      0x374 Src/main.o
 .debug_abbrev  0x00000000000042fe      0x2f7 Src/stm32f4xx_hal_msp.o
 .debug_abbrev  0x00000000000045f5      0x27c Src/stm32f4xx_it.o
 .debug_abbrev  0x0000000000004871      0x23d Src/system_stm32f4xx.o
 .debug_abbrev  0x0000000000004aae      0x33d Src/usbd_conf.o
 .debug_abbrev  0x0000000000004deb      0x37f Src/visEffect.o
 .debug_abbrev  0x000000000000516a      0x3db Src/ws2812b.o
 .debug_abbrev  0x0000000000005545       0x12 startup/startup_stm32f429xx.o

.debug_loc      0x0000000000000000    0x15b4e
 .debug_loc     0x0000000000000000      0x13c Drivers/STM32F4xx_HAL_Driver/Src/stm32f4xx_hal.o
 .debug_loc     0x000000000000013c      0xab5 Drivers/STM32F4xx_HAL_Driver/Src/stm32f4xx_hal_adc.o
 .debug_loc     0x0000000000000bf1      0x700 Drivers/STM32F4xx_HAL_Driver/Src/stm32f4xx_hal_cortex.o
 .debug_loc     0x00000000000012f1      0xd57 Drivers/STM32F4xx_HAL_Driver/Src/stm32f4xx_hal_dma.o
 .debug_loc     0x0000000000002048     0x104b Drivers/STM32F4xx_HAL_Driver/Src/stm32f4xx_hal_eth.o
 .debug_loc     0x0000000000003093      0x502 Drivers/STM32F4xx_HAL_Driver/Src/stm32f4xx_hal_gpio.o
 .debug_loc     0x0000000000003595     0x38a6 Drivers/STM32F4xx_HAL_Driver/Src/stm32f4xx_hal_i2c.o
 .debug_loc     0x0000000000006e3b      0xf0f Drivers/STM32F4xx_HAL_Driver/Src/stm32f4xx_hal_pcd.o
 .debug_loc     0x0000000000007d4a      0x7e5 Drivers/STM32F4xx_HAL_Driver/Src/stm32f4xx_hal_rcc.o
 .debug_loc     0x000000000000852f     0x4016 Drivers/STM32F4xx_HAL_Driver/Src/stm32f4xx_hal_tim.o
 .debug_loc     0x000000000000c545     0x10ca Drivers/STM32F4xx_HAL_Driver/Src/stm32f4xx_hal_tim_ex.o
 .debug_loc     0x000000000000d60f     0x18e0 Drivers/STM32F4xx_HAL_Driver/Src/stm32f4xx_hal_uart.o
 .debug_loc     0x000000000000eeef     0x1846 Drivers/STM32F4xx_HAL_Driver/Src/stm32f4xx_ll_usb.o
 .debug_loc     0x0000000000010735      0x864 Middlewares/ST/STM32_USB_Device_Library/Core/Src/usbd_core.o
 .debug_loc     0x0000000000010f99      0xc62 Middlewares/ST/STM32_USB_Device_Library/Core/Src/usbd_ctlreq.o
 .debug_loc     0x0000000000011bfb      0x284 Middlewares/ST/STM32_USB_Device_Library/Core/Src/usbd_ioreq.o
 .debug_loc     0x0000000000011e7f       0x93 Middlewares/Third_Party/FreeRTOS/Source/list.o
 .debug_loc     0x0000000000011f12     0x1aae Middlewares/Third_Party/FreeRTOS/Source/tasks.o
 .debug_loc     0x00000000000139c0      0x124 Middlewares/Third_Party/FreeRTOS/Source/portable/GCC/ARM_CM4F/port.o
 .debug_loc     0x0000000000013ae4       0xae Src/main.o
 .debug_loc     0x0000000000013b92      0x24a Src/stm32f4xx_hal_msp.o
 .debug_loc     0x0000000000013ddc      0x16c Src/system_stm32f4xx.o
 .debug_loc     0x0000000000013f48      0xd81 Src/usbd_conf.o
 .debug_loc     0x0000000000014cc9      0x95c Src/visEffect.o
 .debug_loc     0x0000000000015625      0x529 Src/ws2812b.o

.debug_aranges  0x0000000000000000     0x1810
 .debug_aranges
                0x0000000000000000       0xd8 Drivers/STM32F4xx_HAL_Driver/Src/stm32f4xx_hal.o
 .debug_aranges
                0x00000000000000d8       0xe8 Drivers/STM32F4xx_HAL_Driver/Src/stm32f4xx_hal_adc.o
 .debug_aranges
                0x00000000000001c0       0xa8 Drivers/STM32F4xx_HAL_Driver/Src/stm32f4xx_hal_cortex.o
 .debug_aranges
                0x0000000000000268       0x90 Drivers/STM32F4xx_HAL_Driver/Src/stm32f4xx_hal_dma.o
 .debug_aranges
                0x00000000000002f8      0x118 Drivers/STM32F4xx_HAL_Driver/Src/stm32f4xx_hal_eth.o
 .debug_aranges
                0x0000000000000410       0x58 Drivers/STM32F4xx_HAL_Driver/Src/stm32f4xx_hal_gpio.o
 .debug_aranges
                0x0000000000000468      0x268 Drivers/STM32F4xx_HAL_Driver/Src/stm32f4xx_hal_i2c.o
 .debug_aranges
                0x00000000000006d0      0x120 Drivers/STM32F4xx_HAL_Driver/Src/stm32f4xx_hal_pcd.o
 .debug_aranges
                0x00000000000007f0       0x88 Drivers/STM32F4xx_HAL_Driver/Src/stm32f4xx_hal_rcc.o
 .debug_aranges
                0x0000000000000878      0x368 Drivers/STM32F4xx_HAL_Driver/Src/stm32f4xx_hal_tim.o
 .debug_aranges
                0x0000000000000be0      0x140 Drivers/STM32F4xx_HAL_Driver/Src/stm32f4xx_hal_tim_ex.o
 .debug_aranges
                0x0000000000000d20      0x1d0 Drivers/STM32F4xx_HAL_Driver/Src/stm32f4xx_hal_uart.o
 .debug_aranges
                0x0000000000000ef0      0x180 Drivers/STM32F4xx_HAL_Driver/Src/stm32f4xx_ll_usb.o
 .debug_aranges
                0x0000000000001070       0xb8 Middlewares/ST/STM32_USB_Device_Library/Core/Src/usbd_core.o
 .debug_aranges
                0x0000000000001128       0x88 Middlewares/ST/STM32_USB_Device_Library/Core/Src/usbd_ctlreq.o
 .debug_aranges
                0x00000000000011b0       0x50 Middlewares/ST/STM32_USB_Device_Library/Core/Src/usbd_ioreq.o
 .debug_aranges
                0x0000000000001200       0x40 Middlewares/Third_Party/FreeRTOS/Source/list.o
 .debug_aranges
                0x0000000000001240      0x1a0 Middlewares/Third_Party/FreeRTOS/Source/tasks.o
 .debug_aranges
                0x00000000000013e0       0x80 Middlewares/Third_Party/FreeRTOS/Source/portable/GCC/ARM_CM4F/port.o
 .debug_aranges
                0x0000000000001460       0x88 Src/main.o
 .debug_aranges
                0x00000000000014e8       0x60 Src/stm32f4xx_hal_msp.o
 .debug_aranges
                0x0000000000001548       0x28 Src/stm32f4xx_it.o
 .debug_aranges
                0x0000000000001570       0x28 Src/system_stm32f4xx.o
 .debug_aranges
                0x0000000000001598       0xf8 Src/usbd_conf.o
 .debug_aranges
                0x0000000000001690       0xd0 Src/visEffect.o
 .debug_aranges
                0x0000000000001760       0x88 Src/ws2812b.o
 .debug_aranges
                0x00000000000017e8       0x28 startup/startup_stm32f429xx.o

.debug_ranges   0x0000000000000000     0x1800
 .debug_ranges  0x0000000000000000       0xc8 Drivers/STM32F4xx_HAL_Driver/Src/stm32f4xx_hal.o
 .debug_ranges  0x00000000000000c8       0xd8 Drivers/STM32F4xx_HAL_Driver/Src/stm32f4xx_hal_adc.o
 .debug_ranges  0x00000000000001a0       0xe0 Drivers/STM32F4xx_HAL_Driver/Src/stm32f4xx_hal_cortex.o
 .debug_ranges  0x0000000000000280       0x80 Drivers/STM32F4xx_HAL_Driver/Src/stm32f4xx_hal_dma.o
 .debug_ranges  0x0000000000000300      0x108 Drivers/STM32F4xx_HAL_Driver/Src/stm32f4xx_hal_eth.o
 .debug_ranges  0x0000000000000408       0x48 Drivers/STM32F4xx_HAL_Driver/Src/stm32f4xx_hal_gpio.o
 .debug_ranges  0x0000000000000450      0x258 Drivers/STM32F4xx_HAL_Driver/Src/stm32f4xx_hal_i2c.o
 .debug_ranges  0x00000000000006a8      0x110 Drivers/STM32F4xx_HAL_Driver/Src/stm32f4xx_hal_pcd.o
 .debug_ranges  0x00000000000007b8       0x78 Drivers/STM32F4xx_HAL_Driver/Src/stm32f4xx_hal_rcc.o
 .debug_ranges  0x0000000000000830      0x358 Drivers/STM32F4xx_HAL_Driver/Src/stm32f4xx_hal_tim.o
 .debug_ranges  0x0000000000000b88      0x130 Drivers/STM32F4xx_HAL_Driver/Src/stm32f4xx_hal_tim_ex.o
 .debug_ranges  0x0000000000000cb8      0x1c0 Drivers/STM32F4xx_HAL_Driver/Src/stm32f4xx_hal_uart.o
 .debug_ranges  0x0000000000000e78      0x170 Drivers/STM32F4xx_HAL_Driver/Src/stm32f4xx_ll_usb.o
 .debug_ranges  0x0000000000000fe8       0xa8 Middlewares/ST/STM32_USB_Device_Library/Core/Src/usbd_core.o
 .debug_ranges  0x0000000000001090       0x78 Middlewares/ST/STM32_USB_Device_Library/Core/Src/usbd_ctlreq.o
 .debug_ranges  0x0000000000001108       0x40 Middlewares/ST/STM32_USB_Device_Library/Core/Src/usbd_ioreq.o
 .debug_ranges  0x0000000000001148       0x30 Middlewares/Third_Party/FreeRTOS/Source/list.o
 .debug_ranges  0x0000000000001178      0x238 Middlewares/Third_Party/FreeRTOS/Source/tasks.o
 .debug_ranges  0x00000000000013b0       0x88 Middlewares/Third_Party/FreeRTOS/Source/portable/GCC/ARM_CM4F/port.o
 .debug_ranges  0x0000000000001438       0x78 Src/main.o
 .debug_ranges  0x00000000000014b0       0x50 Src/stm32f4xx_hal_msp.o
 .debug_ranges  0x0000000000001500       0x18 Src/stm32f4xx_it.o
 .debug_ranges  0x0000000000001518       0x18 Src/system_stm32f4xx.o
 .debug_ranges  0x0000000000001530       0xe8 Src/usbd_conf.o
 .debug_ranges  0x0000000000001618      0x120 Src/visEffect.o
 .debug_ranges  0x0000000000001738       0xa8 Src/ws2812b.o
 .debug_ranges  0x00000000000017e0       0x20 startup/startup_stm32f429xx.o

.debug_macro    0x0000000000000000    0x29019
 .debug_macro   0x0000000000000000      0x3e5 Drivers/STM32F4xx_HAL_Driver/Src/stm32f4xx_hal.o
 .debug_macro   0x00000000000003e5      0xaa2 Drivers/STM32F4xx_HAL_Driver/Src/stm32f4xx_hal.o
 .debug_macro   0x0000000000000e87      0x17f Drivers/STM32F4xx_HAL_Driver/Src/stm32f4xx_hal.o
 .debug_macro   0x0000000000001006      0x1a6 Drivers/STM32F4xx_HAL_Driver/Src/stm32f4xx_hal.o
 .debug_macro   0x00000000000011ac       0x33 Drivers/STM32F4xx_HAL_Driver/Src/stm32f4xx_hal.o
 .debug_macro   0x00000000000011df       0x28 Drivers/STM32F4xx_HAL_Driver/Src/stm32f4xx_hal.o
 .debug_macro   0x0000000000001207       0x22 Drivers/STM32F4xx_HAL_Driver/Src/stm32f4xx_hal.o
 .debug_macro   0x0000000000001229       0x8e Drivers/STM32F4xx_HAL_Driver/Src/stm32f4xx_hal.o
 .debug_macro   0x00000000000012b7       0x51 Drivers/STM32F4xx_HAL_Driver/Src/stm32f4xx_hal.o
 .debug_macro   0x0000000000001308       0xef Drivers/STM32F4xx_HAL_Driver/Src/stm32f4xx_hal.o
 .debug_macro   0x00000000000013f7       0x6a Drivers/STM32F4xx_HAL_Driver/Src/stm32f4xx_hal.o
 .debug_macro   0x0000000000001461      0x1df Drivers/STM32F4xx_HAL_Driver/Src/stm32f4xx_hal.o
 .debug_macro   0x0000000000001640       0x35 Drivers/STM32F4xx_HAL_Driver/Src/stm32f4xx_hal.o
 .debug_macro   0x0000000000001675       0x50 Drivers/STM32F4xx_HAL_Driver/Src/stm32f4xx_hal.o
 .debug_macro   0x00000000000016c5      0xe66 Drivers/STM32F4xx_HAL_Driver/Src/stm32f4xx_hal.o
 .debug_macro   0x000000000000252b    0x17f45 Drivers/STM32F4xx_HAL_Driver/Src/stm32f4xx_hal.o
 .debug_macro   0x000000000001a470       0x43 Drivers/STM32F4xx_HAL_Driver/Src/stm32f4xx_hal.o
 .debug_macro   0x000000000001a4b3     0x35e4 Drivers/STM32F4xx_HAL_Driver/Src/stm32f4xx_hal.o
 .debug_macro   0x000000000001da97       0x52 Drivers/STM32F4xx_HAL_Driver/Src/stm32f4xx_hal.o
 .debug_macro   0x000000000001dae9       0x18 Drivers/STM32F4xx_HAL_Driver/Src/stm32f4xx_hal.o
 .debug_macro   0x000000000001db01       0x35 Drivers/STM32F4xx_HAL_Driver/Src/stm32f4xx_hal.o
 .debug_macro   0x000000000001db36       0x34 Drivers/STM32F4xx_HAL_Driver/Src/stm32f4xx_hal.o
 .debug_macro   0x000000000001db6a       0x16 Drivers/STM32F4xx_HAL_Driver/Src/stm32f4xx_hal.o
 .debug_macro   0x000000000001db80       0x97 Drivers/STM32F4xx_HAL_Driver/Src/stm32f4xx_hal.o
 .debug_macro   0x000000000001dc17      0x339 Drivers/STM32F4xx_HAL_Driver/Src/stm32f4xx_hal.o
 .debug_macro   0x000000000001df50       0xfd Drivers/STM32F4xx_HAL_Driver/Src/stm32f4xx_hal.o
 .debug_macro   0x000000000001e04d       0x10 Drivers/STM32F4xx_HAL_Driver/Src/stm32f4xx_hal.o
 .debug_macro   0x000000000001e05d       0x52 Drivers/STM32F4xx_HAL_Driver/Src/stm32f4xx_hal.o
 .debug_macro   0x000000000001e0af       0x1f Drivers/STM32F4xx_HAL_Driver/Src/stm32f4xx_hal.o
 .debug_macro   0x000000000001e0ce       0x43 Drivers/STM32F4xx_HAL_Driver/Src/stm32f4xx_hal.o
 .debug_macro   0x000000000001e111       0x20 Drivers/STM32F4xx_HAL_Driver/Src/stm32f4xx_hal.o
 .debug_macro   0x000000000001e131      0x18e Drivers/STM32F4xx_HAL_Driver/Src/stm32f4xx_hal.o
 .debug_macro   0x000000000001e2bf       0x10 Drivers/STM32F4xx_HAL_Driver/Src/stm32f4xx_hal.o
 .debug_macro   0x000000000001e2cf       0x1c Drivers/STM32F4xx_HAL_Driver/Src/stm32f4xx_hal.o
 .debug_macro   0x000000000001e2eb       0x52 Drivers/STM32F4xx_HAL_Driver/Src/stm32f4xx_hal.o
 .debug_macro   0x000000000001e33d       0x40 Drivers/STM32F4xx_HAL_Driver/Src/stm32f4xx_hal.o
 .debug_macro   0x000000000001e37d       0x10 Drivers/STM32F4xx_HAL_Driver/Src/stm32f4xx_hal.o
 .debug_macro   0x000000000001e38d       0x40 Drivers/STM32F4xx_HAL_Driver/Src/stm32f4xx_hal.o
 .debug_macro   0x000000000001e3cd       0xd7 Drivers/STM32F4xx_HAL_Driver/Src/stm32f4xx_hal.o
 .debug_macro   0x000000000001e4a4       0x1c Drivers/STM32F4xx_HAL_Driver/Src/stm32f4xx_hal.o
 .debug_macro   0x000000000001e4c0       0x3d Drivers/STM32F4xx_HAL_Driver/Src/stm32f4xx_hal.o
 .debug_macro   0x000000000001e4fd       0x16 Drivers/STM32F4xx_HAL_Driver/Src/stm32f4xx_hal.o
 .debug_macro   0x000000000001e513      0x16f Drivers/STM32F4xx_HAL_Driver/Src/stm32f4xx_hal.o
 .debug_macro   0x000000000001e682       0x50 Drivers/STM32F4xx_HAL_Driver/Src/stm32f4xx_hal.o
 .debug_macro   0x000000000001e6d2      0xca5 Drivers/STM32F4xx_HAL_Driver/Src/stm32f4xx_hal.o
 .debug_macro   0x000000000001f377      0x9e1 Drivers/STM32F4xx_HAL_Driver/Src/stm32f4xx_hal.o
 .debug_macro   0x000000000001fd58      0x11e Drivers/STM32F4xx_HAL_Driver/Src/stm32f4xx_hal.o
 .debug_macro   0x000000000001fe76      0x161 Drivers/STM32F4xx_HAL_Driver/Src/stm32f4xx_hal.o
 .debug_macro   0x000000000001ffd7       0x27 Drivers/STM32F4xx_HAL_Driver/Src/stm32f4xx_hal.o
 .debug_macro   0x000000000001fffe      0x287 Drivers/STM32F4xx_HAL_Driver/Src/stm32f4xx_hal.o
 .debug_macro   0x0000000000020285       0x5f Drivers/STM32F4xx_HAL_Driver/Src/stm32f4xx_hal.o
 .debug_macro   0x00000000000202e4      0x23a Drivers/STM32F4xx_HAL_Driver/Src/stm32f4xx_hal.o
 .debug_macro   0x000000000002051e      0x391 Drivers/STM32F4xx_HAL_Driver/Src/stm32f4xx_hal.o
 .debug_macro   0x00000000000208af      0x184 Drivers/STM32F4xx_HAL_Driver/Src/stm32f4xx_hal.o
 .debug_macro   0x0000000000020a33       0xf9 Drivers/STM32F4xx_HAL_Driver/Src/stm32f4xx_hal.o
 .debug_macro   0x0000000000020b2c      0xcd6 Drivers/STM32F4xx_HAL_Driver/Src/stm32f4xx_hal.o
 .debug_macro   0x0000000000021802      0x13a Drivers/STM32F4xx_HAL_Driver/Src/stm32f4xx_hal.o
 .debug_macro   0x000000000002193c      0x41d Drivers/STM32F4xx_HAL_Driver/Src/stm32f4xx_hal.o
 .debug_macro   0x0000000000021d59       0x2e Drivers/STM32F4xx_HAL_Driver/Src/stm32f4xx_hal.o
 .debug_macro   0x0000000000021d87      0x1a7 Drivers/STM32F4xx_HAL_Driver/Src/stm32f4xx_hal.o
 .debug_macro   0x0000000000021f2e       0x22 Drivers/STM32F4xx_HAL_Driver/Src/stm32f4xx_hal.o
 .debug_macro   0x0000000000021f50       0xa5 Drivers/STM32F4xx_HAL_Driver/Src/stm32f4xx_hal.o
 .debug_macro   0x0000000000021ff5      0x11e Drivers/STM32F4xx_HAL_Driver/Src/stm32f4xx_hal.o
 .debug_macro   0x0000000000022113       0xe2 Drivers/STM32F4xx_HAL_Driver/Src/stm32f4xx_hal.o
 .debug_macro   0x00000000000221f5       0x89 Drivers/STM32F4xx_HAL_Driver/Src/stm32f4xx_hal.o
 .debug_macro   0x000000000002227e      0x6e0 Drivers/STM32F4xx_HAL_Driver/Src/stm32f4xx_hal.o
 .debug_macro   0x000000000002295e       0x5b Drivers/STM32F4xx_HAL_Driver/Src/stm32f4xx_hal.o
 .debug_macro   0x00000000000229b9      0x14d Drivers/STM32F4xx_HAL_Driver/Src/stm32f4xx_hal.o
 .debug_macro   0x0000000000022b06      0x287 Drivers/STM32F4xx_HAL_Driver/Src/stm32f4xx_hal.o
 .debug_macro   0x0000000000022d8d      0x1df Drivers/STM32F4xx_HAL_Driver/Src/stm32f4xx_hal.o
 .debug_macro   0x0000000000022f6c      0x115 Drivers/STM32F4xx_HAL_Driver/Src/stm32f4xx_hal.o
 .debug_macro   0x0000000000023081      0x12c Drivers/STM32F4xx_HAL_Driver/Src/stm32f4xx_hal.o
 .debug_macro   0x00000000000231ad      0x386 Drivers/STM32F4xx_HAL_Driver/Src/stm32f4xx_hal_adc.o
 .debug_macro   0x0000000000023533      0x385 Drivers/STM32F4xx_HAL_Driver/Src/stm32f4xx_hal_cortex.o
 .debug_macro   0x00000000000238b8      0x38c Drivers/STM32F4xx_HAL_Driver/Src/stm32f4xx_hal_dma.o
 .debug_macro   0x0000000000023c44      0x397 Drivers/STM32F4xx_HAL_Driver/Src/stm32f4xx_hal_eth.o
 .debug_macro   0x0000000000023fdb      0x3bd Drivers/STM32F4xx_HAL_Driver/Src/stm32f4xx_hal_gpio.o
 .debug_macro   0x0000000000024398      0x3c5 Drivers/STM32F4xx_HAL_Driver/Src/stm32f4xx_hal_i2c.o
 .debug_macro   0x000000000002475d      0x391 Drivers/STM32F4xx_HAL_Driver/Src/stm32f4xx_hal_pcd.o
 .debug_macro   0x0000000000024aee      0x3af Drivers/STM32F4xx_HAL_Driver/Src/stm32f4xx_hal_rcc.o
 .debug_macro   0x0000000000024e9d      0x386 Drivers/STM32F4xx_HAL_Driver/Src/stm32f4xx_hal_tim.o
 .debug_macro   0x0000000000025223      0x385 Drivers/STM32F4xx_HAL_Driver/Src/stm32f4xx_hal_tim_ex.o
 .debug_macro   0x00000000000255a8      0x386 Drivers/STM32F4xx_HAL_Driver/Src/stm32f4xx_hal_uart.o
 .debug_macro   0x000000000002592e      0x38c Drivers/STM32F4xx_HAL_Driver/Src/stm32f4xx_ll_usb.o
 .debug_macro   0x0000000000025cba      0x41e Middlewares/ST/STM32_USB_Device_Library/Core/Src/usbd_core.o
 .debug_macro   0x00000000000260d8      0x1c9 Middlewares/ST/STM32_USB_Device_Library/Core/Src/usbd_core.o
 .debug_macro   0x00000000000262a1      0x428 Middlewares/ST/STM32_USB_Device_Library/Core/Src/usbd_ctlreq.o
 .debug_macro   0x00000000000266c9      0x424 Middlewares/ST/STM32_USB_Device_Library/Core/Src/usbd_ioreq.o
 .debug_macro   0x0000000000026aed      0x18a Middlewares/Third_Party/FreeRTOS/Source/list.o
 .debug_macro   0x0000000000026c77      0x273 Middlewares/Third_Party/FreeRTOS/Source/tasks.o
 .debug_macro   0x0000000000026eea       0x11 Middlewares/Third_Party/FreeRTOS/Source/tasks.o
 .debug_macro   0x0000000000026efb      0x1ad Middlewares/Third_Party/FreeRTOS/Source/portable/GCC/ARM_CM4F/port.o
 .debug_macro   0x00000000000270a8      0x593 Src/main.o
 .debug_macro   0x000000000002763b       0x10 Src/main.o
 .debug_macro   0x000000000002764b       0x76 Src/main.o
 .debug_macro   0x00000000000276c1      0x385 Src/stm32f4xx_hal_msp.o
 .debug_macro   0x0000000000027a46      0x443 Src/stm32f4xx_it.o
 .debug_macro   0x0000000000027e89      0x38b Src/system_stm32f4xx.o
 .debug_macro   0x0000000000028214      0x42e Src/usbd_conf.o
 .debug_macro   0x0000000000028642      0x4dd Src/visEffect.o
 .debug_macro   0x0000000000028b1f       0x64 Src/visEffect.o
 .debug_macro   0x0000000000028b83       0x16 Src/visEffect.o
 .debug_macro   0x0000000000028b99      0x480 Src/ws2812b.o

.debug_line     0x0000000000000000    0x21b2d
 .debug_line    0x0000000000000000      0xa52 Drivers/STM32F4xx_HAL_Driver/Src/stm32f4xx_hal.o
 .debug_line    0x0000000000000a52     0x144f Drivers/STM32F4xx_HAL_Driver/Src/stm32f4xx_hal_adc.o
 .debug_line    0x0000000000001ea1      0xc51 Drivers/STM32F4xx_HAL_Driver/Src/stm32f4xx_hal_cortex.o
 .debug_line    0x0000000000002af2     0x12f5 Drivers/STM32F4xx_HAL_Driver/Src/stm32f4xx_hal_dma.o
 .debug_line    0x0000000000003de7     0x1c2b Drivers/STM32F4xx_HAL_Driver/Src/stm32f4xx_hal_eth.o
 .debug_line    0x0000000000005a12      0xc0f Drivers/STM32F4xx_HAL_Driver/Src/stm32f4xx_hal_gpio.o
 .debug_line    0x0000000000006621     0x49bb Drivers/STM32F4xx_HAL_Driver/Src/stm32f4xx_hal_i2c.o
 .debug_line    0x000000000000afdc     0x158d Drivers/STM32F4xx_HAL_Driver/Src/stm32f4xx_hal_pcd.o
 .debug_line    0x000000000000c569     0x1159 Drivers/STM32F4xx_HAL_Driver/Src/stm32f4xx_hal_rcc.o
 .debug_line    0x000000000000d6c2     0x3332 Drivers/STM32F4xx_HAL_Driver/Src/stm32f4xx_hal_tim.o
 .debug_line    0x00000000000109f4     0x1440 Drivers/STM32F4xx_HAL_Driver/Src/stm32f4xx_hal_tim_ex.o
 .debug_line    0x0000000000011e34     0x1fbe Drivers/STM32F4xx_HAL_Driver/Src/stm32f4xx_hal_uart.o
 .debug_line    0x0000000000013df2     0x1e3c Drivers/STM32F4xx_HAL_Driver/Src/stm32f4xx_ll_usb.o
 .debug_line    0x0000000000015c2e      0xcf6 Middlewares/ST/STM32_USB_Device_Library/Core/Src/usbd_core.o
 .debug_line    0x0000000000016924      0xee3 Middlewares/ST/STM32_USB_Device_Library/Core/Src/usbd_ctlreq.o
 .debug_line    0x0000000000017807      0x93c Middlewares/ST/STM32_USB_Device_Library/Core/Src/usbd_ioreq.o
 .debug_line    0x0000000000018143      0x529 Middlewares/Third_Party/FreeRTOS/Source/list.o
 .debug_line    0x000000000001866c     0x237f Middlewares/Third_Party/FreeRTOS/Source/tasks.o
 .debug_line    0x000000000001a9eb      0x78c Middlewares/Third_Party/FreeRTOS/Source/portable/GCC/ARM_CM4F/port.o
 .debug_line    0x000000000001b177     0x10dd Src/main.o
 .debug_line    0x000000000001c254      0xa50 Src/stm32f4xx_hal_msp.o
 .debug_line    0x000000000001cca4      0x945 Src/stm32f4xx_it.o
 .debug_line    0x000000000001d5e9      0x80e Src/system_stm32f4xx.o
 .debug_line    0x000000000001ddf7      0xe0f Src/usbd_conf.o
 .debug_line    0x000000000001ec06     0x1e14 Src/visEffect.o
 .debug_line    0x0000000000020a1a     0x1094 Src/ws2812b.o
 .debug_line    0x0000000000021aae       0x7f startup/startup_stm32f429xx.o

.debug_str      0x0000000000000000    0xf2055
 .debug_str     0x0000000000000000    0xdebe8 Drivers/STM32F4xx_HAL_Driver/Src/stm32f4xx_hal.o
                                      0xdefcf (size before relaxing)
 .debug_str     0x00000000000debe8      0x673 Drivers/STM32F4xx_HAL_Driver/Src/stm32f4xx_hal_adc.o
                                      0xdea20 (size before relaxing)
 .debug_str     0x00000000000df25b      0x399 Drivers/STM32F4xx_HAL_Driver/Src/stm32f4xx_hal_cortex.o
                                      0xded47 (size before relaxing)
 .debug_str     0x00000000000df5f4      0x2f9 Drivers/STM32F4xx_HAL_Driver/Src/stm32f4xx_hal_dma.o
                                      0xde858 (size before relaxing)
 .debug_str     0x00000000000df8ed      0xbbe Drivers/STM32F4xx_HAL_Driver/Src/stm32f4xx_hal_eth.o
                                      0xdf045 (size before relaxing)
 .debug_str     0x00000000000e04ab      0x257 Drivers/STM32F4xx_HAL_Driver/Src/stm32f4xx_hal_gpio.o
                                      0xde689 (size before relaxing)
 .debug_str     0x00000000000e0702      0xcb0 Drivers/STM32F4xx_HAL_Driver/Src/stm32f4xx_hal_i2c.o
                                      0xdf281 (size before relaxing)
 .debug_str     0x00000000000e13b2      0x98c Drivers/STM32F4xx_HAL_Driver/Src/stm32f4xx_hal_pcd.o
                                      0xded0f (size before relaxing)
 .debug_str     0x00000000000e1d3e      0x357 Drivers/STM32F4xx_HAL_Driver/Src/stm32f4xx_hal_rcc.o
                                      0xde85a (size before relaxing)
 .debug_str     0x00000000000e2095      0xe58 Drivers/STM32F4xx_HAL_Driver/Src/stm32f4xx_hal_tim.o
                                      0xdf47e (size before relaxing)
 .debug_str     0x00000000000e2eed      0x4f4 Drivers/STM32F4xx_HAL_Driver/Src/stm32f4xx_hal_tim_ex.o
                                      0xded3e (size before relaxing)
 .debug_str     0x00000000000e33e1      0x6b9 Drivers/STM32F4xx_HAL_Driver/Src/stm32f4xx_hal_uart.o
                                      0xdecbb (size before relaxing)
 .debug_str     0x00000000000e3a9a      0x3d1 Drivers/STM32F4xx_HAL_Driver/Src/stm32f4xx_ll_usb.o
                                      0xdec76 (size before relaxing)
 .debug_str     0x00000000000e3e6b      0xfc6 Middlewares/ST/STM32_USB_Device_Library/Core/Src/usbd_core.o
                                      0xdf327 (size before relaxing)
 .debug_str     0x00000000000e4e31      0x136 Middlewares/ST/STM32_USB_Device_Library/Core/Src/usbd_ctlreq.o
                                      0xdf241 (size before relaxing)
 .debug_str     0x00000000000e4f67       0x8a Middlewares/ST/STM32_USB_Device_Library/Core/Src/usbd_ioreq.o
                                      0xdf16e (size before relaxing)
 .debug_str     0x00000000000e4ff1     0x3107 Middlewares/Third_Party/FreeRTOS/Source/list.o
                                       0xa1ad (size before relaxing)
 .debug_str     0x00000000000e80f8     0x20bf Middlewares/Third_Party/FreeRTOS/Source/tasks.o
                                       0xc2c7 (size before relaxing)
 .debug_str     0x00000000000ea1b7      0x790 Middlewares/Third_Party/FreeRTOS/Source/portable/GCC/ARM_CM4F/port.o
                                       0x83bc (size before relaxing)
 .debug_str     0x00000000000ea947     0x6a7b Src/main.o
                                      0xeae24 (size before relaxing)
 .debug_str     0x00000000000f13c2       0x1b Src/stm32f4xx_hal_msp.o
                                      0xdf67e (size before relaxing)
 .debug_str     0x00000000000f13dd       0x5a Src/stm32f4xx_it.o
                                      0xe38b3 (size before relaxing)
 .debug_str     0x00000000000f1437       0x5a Src/system_stm32f4xx.o
                                      0xde445 (size before relaxing)
 .debug_str     0x00000000000f1491       0x56 Src/usbd_conf.o
                                      0xdffd5 (size before relaxing)
 .debug_str     0x00000000000f14e7      0x904 Src/visEffect.o
                                      0xe4403 (size before relaxing)
 .debug_str     0x00000000000f1deb      0x23b Src/ws2812b.o
                                      0xe4bbb (size before relaxing)
 .debug_str     0x00000000000f2026       0x2f startup/startup_stm32f429xx.o
                                         0x65 (size before relaxing)

.comment        0x0000000000000000       0x1d
 .comment       0x0000000000000000       0x1d Drivers/STM32F4xx_HAL_Driver/Src/stm32f4xx_hal.o
                                         0x1e (size before relaxing)
 .comment       0x000000000000001d       0x1e Drivers/STM32F4xx_HAL_Driver/Src/stm32f4xx_hal_adc.o
 .comment       0x000000000000001d       0x1e Drivers/STM32F4xx_HAL_Driver/Src/stm32f4xx_hal_cortex.o
 .comment       0x000000000000001d       0x1e Drivers/STM32F4xx_HAL_Driver/Src/stm32f4xx_hal_dma.o
 .comment       0x000000000000001d       0x1e Drivers/STM32F4xx_HAL_Driver/Src/stm32f4xx_hal_eth.o
 .comment       0x000000000000001d       0x1e Drivers/STM32F4xx_HAL_Driver/Src/stm32f4xx_hal_gpio.o
 .comment       0x000000000000001d       0x1e Drivers/STM32F4xx_HAL_Driver/Src/stm32f4xx_hal_i2c.o
 .comment       0x000000000000001d       0x1e Drivers/STM32F4xx_HAL_Driver/Src/stm32f4xx_hal_pcd.o
 .comment       0x000000000000001d       0x1e Drivers/STM32F4xx_HAL_Driver/Src/stm32f4xx_hal_rcc.o
 .comment       0x000000000000001d       0x1e Drivers/STM32F4xx_HAL_Driver/Src/stm32f4xx_hal_tim.o
 .comment       0x000000000000001d       0x1e Drivers/STM32F4xx_HAL_Driver/Src/stm32f4xx_hal_tim_ex.o
 .comment       0x000000000000001d       0x1e Drivers/STM32F4xx_HAL_Driver/Src/stm32f4xx_hal_uart.o
 .comment       0x000000000000001d       0x1e Drivers/STM32F4xx_HAL_Driver/Src/stm32f4xx_ll_usb.o
 .comment       0x000000000000001d       0x1e Middlewares/ST/STM32_USB_Device_Library/Core/Src/usbd_core.o
 .comment       0x000000000000001d       0x1e Middlewares/ST/STM32_USB_Device_Library/Core/Src/usbd_ctlreq.o
 .comment       0x000000000000001d       0x1e Middlewares/ST/STM32_USB_Device_Library/Core/Src/usbd_ioreq.o
 .comment       0x000000000000001d       0x1e Middlewares/Third_Party/FreeRTOS/Source/list.o
 .comment       0x000000000000001d       0x1e Middlewares/Third_Party/FreeRTOS/Source/tasks.o
 .comment       0x000000000000001d       0x1e Middlewares/Third_Party/FreeRTOS/Source/portable/GCC/ARM_CM4F/port.o
 .comment       0x000000000000001d       0x1e Src/main.o
 .comment       0x000000000000001d       0x1e Src/stm32f4xx_hal_msp.o
 .comment       0x000000000000001d       0x1e Src/stm32f4xx_it.o
 .comment       0x000000000000001d       0x1e Src/system_stm32f4xx.o
 .comment       0x000000000000001d       0x1e Src/usbd_conf.o
 .comment       0x000000000000001d       0x1e Src/visEffect.o
 .comment       0x000000000000001d       0x1e Src/ws2812b.o

.debug_frame    0x0000000000000000     0x4388
 .debug_frame   0x0000000000000000      0x1b8 Drivers/STM32F4xx_HAL_Driver/Src/stm32f4xx_hal.o
 .debug_frame   0x00000000000001b8      0x27c Drivers/STM32F4xx_HAL_Driver/Src/stm32f4xx_hal_adc.o
 .debug_frame   0x0000000000000434      0x15c Drivers/STM32F4xx_HAL_Driver/Src/stm32f4xx_hal_cortex.o
 .debug_frame   0x0000000000000590      0x194 Drivers/STM32F4xx_HAL_Driver/Src/stm32f4xx_hal_dma.o
 .debug_frame   0x0000000000000724      0x360 Drivers/STM32F4xx_HAL_Driver/Src/stm32f4xx_hal_eth.o
 .debug_frame   0x0000000000000a84       0xd8 Drivers/STM32F4xx_HAL_Driver/Src/stm32f4xx_hal_gpio.o
 .debug_frame   0x0000000000000b5c      0x864 Drivers/STM32F4xx_HAL_Driver/Src/stm32f4xx_hal_i2c.o
 .debug_frame   0x00000000000013c0      0x2fc Drivers/STM32F4xx_HAL_Driver/Src/stm32f4xx_hal_pcd.o
 .debug_frame   0x00000000000016bc      0x150 Drivers/STM32F4xx_HAL_Driver/Src/stm32f4xx_hal_rcc.o
 .debug_frame   0x000000000000180c      0x9cc Drivers/STM32F4xx_HAL_Driver/Src/stm32f4xx_hal_tim.o
 .debug_frame   0x00000000000021d8      0x384 Drivers/STM32F4xx_HAL_Driver/Src/stm32f4xx_hal_tim_ex.o
 .debug_frame   0x000000000000255c      0x4f0 Drivers/STM32F4xx_HAL_Driver/Src/stm32f4xx_hal_uart.o
 .debug_frame   0x0000000000002a4c      0x49c Drivers/STM32F4xx_HAL_Driver/Src/stm32f4xx_ll_usb.o
 .debug_frame   0x0000000000002ee8      0x1bc Middlewares/ST/STM32_USB_Device_Library/Core/Src/usbd_core.o
 .debug_frame   0x00000000000030a4      0x178 Middlewares/ST/STM32_USB_Device_Library/Core/Src/usbd_ctlreq.o
 .debug_frame   0x000000000000321c       0xb8 Middlewares/ST/STM32_USB_Device_Library/Core/Src/usbd_ioreq.o
 .debug_frame   0x00000000000032d4       0x6c Middlewares/Third_Party/FreeRTOS/Source/list.o
 .debug_frame   0x0000000000003340      0x524 Middlewares/Third_Party/FreeRTOS/Source/tasks.o
 .debug_frame   0x0000000000003864       0xfc Middlewares/Third_Party/FreeRTOS/Source/portable/GCC/ARM_CM4F/port.o
 .debug_frame   0x0000000000003960      0x184 Src/main.o
 .debug_frame   0x0000000000003ae4      0x108 Src/stm32f4xx_hal_msp.o
 .debug_frame   0x0000000000003bec       0x40 Src/stm32f4xx_it.o
 .debug_frame   0x0000000000003c2c       0x30 Src/system_stm32f4xx.o
 .debug_frame   0x0000000000003c5c      0x2b0 Src/usbd_conf.o
 .debug_frame   0x0000000000003f0c      0x2a0 Src/visEffect.o
 .debug_frame   0x00000000000041ac      0x1b0 Src/ws2812b.o
 .debug_frame   0x000000000000435c       0x2c /usr/lib/gcc/arm-none-eabi/8.2.0/../../../../arm-none-eabi/lib/thumb/v7e-m+fp/hard/libc_nano.a(lib_a-init.o)
